[INFO] Scanning for projects...
[INFO] 
[INFO] --------------------------< com.app:backend >---------------------------
[INFO] Building backend 0.0.1-SNAPSHOT
[INFO]   from pom.xml
[INFO] --------------------------------[ jar ]---------------------------------
[INFO] 
[INFO] --- clean:3.4.1:clean (default-clean) @ backend ---
[INFO] Deleting C:\Users\kacor\Desktop\backend-SGTE\target
[INFO] 
[INFO] --- resources:3.3.1:resources (default-resources) @ backend ---
[INFO] Copying 1 resource from src\main\resources to target\classes
[INFO] Copying 4 resources from src\main\resources to target\classes
[INFO] 
[INFO] --- compiler:3.14.1:compile (default-compile) @ backend ---
[INFO] Recompiling the module because of changed source code.
[INFO] Compiling 202 source files with javac [debug parameters release 25] to target\classes
[INFO] -------------------------------------------------------------
[ERROR] COMPILATION ERROR : 
[INFO] -------------------------------------------------------------
[ERROR] /C:/Users/kacor/Desktop/backend-SGTE/src/main/java/com/app/backend/dtos/tramites/DetallesTramiteDTO.java:[29,18] cannot access com.app.backend.dtos.tramites.PasoFlujoTramiteDTO
  bad source file: C:\Users\kacor\Desktop\backend-SGTE\src\main\java\com\app\backend\dtos\tramites\PasoFlujoTramiteDTO.java
    file does not contain class com.app.backend.dtos.tramites.PasoFlujoTramiteDTO
    Please remove or make sure it appears in the correct subdirectory of the sourcepath.
[ERROR] /C:/Users/kacor/Desktop/backend-SGTE/src/main/java/com/app/backend/dtos/tramites/DetallesTramiteDTO.java:[30,18] cannot access com.app.backend.dtos.tramites.RequisitoTramiteDTO
  bad source file: C:\Users\kacor\Desktop\backend-SGTE\src\main\java\com\app\backend\dtos\tramites\RequisitoTramiteDTO.java
    file does not contain class com.app.backend.dtos.tramites.RequisitoTramiteDTO
    Please remove or make sure it appears in the correct subdirectory of the sourcepath.
[ERROR] /C:/Users/kacor/Desktop/backend-SGTE/src/main/java/com/app/backend/dtos/tramites/CategoriaTramiteDTO.java:[9,8] class CategoriaTramiteResponseDTO is public, should be declared in a file named CategoriaTramiteResponseDTO.java
[ERROR] /C:/Users/kacor/Desktop/backend-SGTE/src/main/java/com/app/backend/dtos/tramites/CrearSolicitudTramiteDTO.java:[12,8] class CrearSolicitudRequestDTO is public, should be declared in a file named CrearSolicitudRequestDTO.java
[ERROR] /C:/Users/kacor/Desktop/backend-SGTE/src/main/java/com/app/backend/dtos/tramites/DefinicionFlujoDTO.java:[9,8] class DefinicionFlujoResponseDTO is public, should be declared in a file named DefinicionFlujoResponseDTO.java
[ERROR] /C:/Users/kacor/Desktop/backend-SGTE/src/main/java/com/app/backend/dtos/tramites/DetallesTramiteBaseDTO.java:[11,8] class DetallesTramiteBaseResponseDTO is public, should be declared in a file named DetallesTramiteBaseResponseDTO.java
[ERROR] /C:/Users/kacor/Desktop/backend-SGTE/src/main/java/com/app/backend/dtos/tramites/DetallesTramiteDTO.java:[15,8] class DetallesTramiteResponseDTO is public, should be declared in a file named DetallesTramiteResponseDTO.java
[ERROR] /C:/Users/kacor/Desktop/backend-SGTE/src/main/java/com/app/backend/dtos/tramites/DetallesTramiteResponseDTO.java:[15,8] duplicate class: com.app.backend.dtos.tramites.DetallesTramiteResponseDTO
[ERROR] /C:/Users/kacor/Desktop/backend-SGTE/src/main/java/com/app/backend/dtos/tramites/EtapaProcesamientoDTO.java:[9,8] class EtapaProcesamientoResponseDTO is public, should be declared in a file named EtapaProcesamientoResponseDTO.java
[ERROR] /C:/Users/kacor/Desktop/backend-SGTE/src/main/java/com/app/backend/dtos/tramites/MotivoRechazoDTO.java:[9,8] class MotivoRechazoResponseDTO is public, should be declared in a file named MotivoRechazoResponseDTO.java
[ERROR] /C:/Users/kacor/Desktop/backend-SGTE/src/main/java/com/app/backend/dtos/tramites/PasoFlujoDTO.java:[9,8] class PasoFlujoResponseDTO is public, should be declared in a file named PasoFlujoResponseDTO.java
[ERROR] /C:/Users/kacor/Desktop/backend-SGTE/src/main/java/com/app/backend/dtos/tramites/PasoFlujoTramiteDTO.java:[9,8] class PasoFlujoTramiteResponseDTO is public, should be declared in a file named PasoFlujoTramiteResponseDTO.java
[ERROR] /C:/Users/kacor/Desktop/backend-SGTE/src/main/java/com/app/backend/dtos/tramites/PlazoTramiteDTO.java:[10,8] class PlazoTramiteResponseDTO is public, should be declared in a file named PlazoTramiteResponseDTO.java
[ERROR] /C:/Users/kacor/Desktop/backend-SGTE/src/main/java/com/app/backend/dtos/tramites/RechazoSolicitudDTO.java:[10,8] class RechazoSolicitudResponseDTO is public, should be declared in a file named RechazoSolicitudResponseDTO.java
[ERROR] /C:/Users/kacor/Desktop/backend-SGTE/src/main/java/com/app/backend/dtos/tramites/RechazoSolicitudResponseDTO.java:[10,8] class RechazoSolicitudRequestDTO is public, should be declared in a file named RechazoSolicitudRequestDTO.java
[ERROR] /C:/Users/kacor/Desktop/backend-SGTE/src/main/java/com/app/backend/dtos/tramites/RequisitoTramiteDTO.java:[9,8] class RequisitoTramiteResponseDTO is public, should be declared in a file named RequisitoTramiteResponseDTO.java
[ERROR] /C:/Users/kacor/Desktop/backend-SGTE/src/main/java/com/app/backend/dtos/tramites/SeguimientoSolicitudDTO.java:[10,8] class SeguimientoSolicitudResponseDTO is public, should be declared in a file named SeguimientoSolicitudResponseDTO.java
[ERROR] /C:/Users/kacor/Desktop/backend-SGTE/src/main/java/com/app/backend/dtos/tramites/SolicitudDTO.java:[11,8] class SolicitudResponseDTO is public, should be declared in a file named SolicitudResponseDTO.java
[ERROR] /C:/Users/kacor/Desktop/backend-SGTE/src/main/java/com/app/backend/dtos/tramites/TipoTramiteDTO.java:[9,8] class TipoTramiteResponseDTO is public, should be declared in a file named TipoTramiteResponseDTO.java
[ERROR] /C:/Users/kacor/Desktop/backend-SGTE/src/main/java/com/app/backend/dtos/tramites/TransicionFlujoDTO.java:[9,8] class TransicionFlujoResponseDTO is public, should be declared in a file named TransicionFlujoResponseDTO.java
[ERROR] /C:/Users/kacor/Desktop/backend-SGTE/src/main/java/com/app/backend/config/ConfigAplicacion.java:[27,44] cannot find symbol
  symbol:   method getUsuario()
  location: variable credencial of type com.app.backend.entities.sistema.Credencial
[ERROR] /C:/Users/kacor/Desktop/backend-SGTE/src/main/java/com/app/backend/config/ConfigAplicacion.java:[33,49] cannot find symbol
  symbol:   method getNombreUsuario()
  location: variable credencial of type com.app.backend.entities.sistema.Credencial
[ERROR] /C:/Users/kacor/Desktop/backend-SGTE/src/main/java/com/app/backend/config/ConfigAplicacion.java:[34,49] cannot find symbol
  symbol:   method getHashContrasena()
  location: variable credencial of type com.app.backend.entities.sistema.Credencial
[ERROR] /C:/Users/kacor/Desktop/backend-SGTE/src/main/java/com/app/backend/config/ConfigAplicacion.java:[38,29] incompatible types: bad return type in lambda expression
    no instance(s) of type variable(s) X exist so that java.lang.Object conforms to org.springframework.security.core.userdetails.UserDetails
[ERROR] /C:/Users/kacor/Desktop/backend-SGTE/src/main/java/com/app/backend/controllers/ai/AIController.java:[20,20] cannot find symbol
  symbol:   method getMessage()
  location: variable request of type com.app.backend.dtos.ai.ChatRequest
[ERROR] /C:/Users/kacor/Desktop/backend-SGTE/src/main/java/com/app/backend/controllers/ai/AIController.java:[20,52] cannot find symbol
  symbol:   method getMessage()
  location: variable request of type com.app.backend.dtos.ai.ChatRequest
[ERROR] /C:/Users/kacor/Desktop/backend-SGTE/src/main/java/com/app/backend/controllers/ai/AIController.java:[22,33] cannot find symbol
  symbol:   method builder()
  location: class com.app.backend.dtos.ai.ChatResponse
[ERROR] /C:/Users/kacor/Desktop/backend-SGTE/src/main/java/com/app/backend/services/ai/AIChatService.java:[24,59] cannot find symbol
  symbol:   method getModule()
  location: variable request of type com.app.backend.dtos.ai.ChatRequest
[ERROR] /C:/Users/kacor/Desktop/backend-SGTE/src/main/java/com/app/backend/services/ai/AIChatService.java:[28,75] cannot find symbol
  symbol:   method getModule()
  location: variable request of type com.app.backend.dtos.ai.ChatRequest
[ERROR] /C:/Users/kacor/Desktop/backend-SGTE/src/main/java/com/app/backend/services/ai/AIChatService.java:[26,36] cannot find symbol
  symbol:   method builder()
  location: class com.app.backend.dtos.ai.ChatResponse
[ERROR] /C:/Users/kacor/Desktop/backend-SGTE/src/main/java/com/app/backend/services/ai/AIChatService.java:[36,67] cannot find symbol
  symbol:   method getMessage()
  location: variable request of type com.app.backend.dtos.ai.ChatRequest
[ERROR] /C:/Users/kacor/Desktop/backend-SGTE/src/main/java/com/app/backend/services/ai/AIChatService.java:[40,36] cannot find symbol
  symbol:   method builder()
  location: class com.app.backend.dtos.ai.ChatResponse
[ERROR] /C:/Users/kacor/Desktop/backend-SGTE/src/main/java/com/app/backend/services/ai/AIChatService.java:[46,32] cannot find symbol
  symbol:   method builder()
  location: class com.app.backend.dtos.ai.ChatResponse
[ERROR] /C:/Users/kacor/Desktop/backend-SGTE/src/main/java/com/app/backend/services/ai/AIChatService.java:[48,36] cannot find symbol
  symbol:   method getModule()
  location: variable request of type com.app.backend.dtos.ai.ChatRequest
[ERROR] /C:/Users/kacor/Desktop/backend-SGTE/src/main/java/com/app/backend/services/ai/AIChatService.java:[53,13] cannot find symbol
  symbol:   variable log
  location: class com.app.backend.services.ai.AIChatService
[ERROR] /C:/Users/kacor/Desktop/backend-SGTE/src/main/java/com/app/backend/services/ai/AIChatService.java:[53,92] cannot find symbol
  symbol:   method getModule()
  location: variable request of type com.app.backend.dtos.ai.ChatRequest
[ERROR] /C:/Users/kacor/Desktop/backend-SGTE/src/main/java/com/app/backend/services/ai/AIChatService.java:[54,32] cannot find symbol
  symbol:   method builder()
  location: class com.app.backend.dtos.ai.ChatResponse
[ERROR] /C:/Users/kacor/Desktop/backend-SGTE/src/main/java/com/app/backend/services/ai/AIChatService.java:[63,35] cannot find symbol
  symbol:   method getModule()
  location: variable request of type com.app.backend.dtos.ai.ChatRequest
[ERROR] /C:/Users/kacor/Desktop/backend-SGTE/src/main/java/com/app/backend/services/ai/AIChatService.java:[64,46] cannot find symbol
  symbol:   method getIdCarrera()
  location: variable request of type com.app.backend.dtos.ai.ChatRequest
[ERROR] /C:/Users/kacor/Desktop/backend-SGTE/src/main/java/com/app/backend/services/ai/AIChatService.java:[65,74] cannot find symbol
  symbol:   method getIdCarrera()
  location: variable request of type com.app.backend.dtos.ai.ChatRequest
[ERROR] /C:/Users/kacor/Desktop/backend-SGTE/src/main/java/com/app/backend/services/ai/AIChatService.java:[67,41] cannot find symbol
  symbol:   method getIdFacultad()
  location: variable request of type com.app.backend.dtos.ai.ChatRequest
[ERROR] /C:/Users/kacor/Desktop/backend-SGTE/src/main/java/com/app/backend/services/ai/AIChatService.java:[68,69] cannot find symbol
  symbol:   method getIdFacultad()
  location: variable request of type com.app.backend.dtos.ai.ChatRequest
[ERROR] /C:/Users/kacor/Desktop/backend-SGTE/src/main/java/com/app/backend/services/ai/AIChatService.java:[70,45] cannot find symbol
  symbol:   method getUserId()
  location: variable request of type com.app.backend.dtos.ai.ChatRequest
[ERROR] /C:/Users/kacor/Desktop/backend-SGTE/src/main/java/com/app/backend/services/ai/AIChatService.java:[71,73] cannot find symbol
  symbol:   method getUserId()
  location: variable request of type com.app.backend.dtos.ai.ChatRequest
[ERROR] /C:/Users/kacor/Desktop/backend-SGTE/src/main/java/com/app/backend/services/ai/AIChatService.java:[76,13] cannot find symbol
  symbol:   variable log
  location: class com.app.backend.services.ai.AIChatService
[ERROR] /C:/Users/kacor/Desktop/backend-SGTE/src/main/java/com/app/backend/services/ai/AIChatService.java:[76,103] cannot find symbol
  symbol:   method getModule()
  location: variable request of type com.app.backend.dtos.ai.ChatRequest
[ERROR] /C:/Users/kacor/Desktop/backend-SGTE/src/main/java/com/app/backend/services/ai/AIChatService.java:[102,13] cannot find symbol
  symbol:   variable log
  location: class com.app.backend.services.ai.AIChatService
[ERROR] /C:/Users/kacor/Desktop/backend-SGTE/src/main/java/com/app/backend/services/ai/GroqAIService.java:[26,36] cannot find symbol
  symbol:   method getApi()
  location: variable groqProperties of type com.app.backend.config.GroqProperties
[ERROR] /C:/Users/kacor/Desktop/backend-SGTE/src/main/java/com/app/backend/services/ai/GroqAIService.java:[37,13] cannot find symbol
  symbol:   variable log
  location: class com.app.backend.services.ai.GroqAIService
[ERROR] /C:/Users/kacor/Desktop/backend-SGTE/src/main/java/com/app/backend/services/ai/GroqAIService.java:[43,44] cannot find symbol
  symbol:   method getModel()
  location: variable groqProperties of type com.app.backend.config.GroqProperties
[ERROR] /C:/Users/kacor/Desktop/backend-SGTE/src/main/java/com/app/backend/services/ai/GroqAIService.java:[48,49] cannot find symbol
  symbol:   method getMaxTokens()
  location: variable groqProperties of type com.app.backend.config.GroqProperties
[ERROR] /C:/Users/kacor/Desktop/backend-SGTE/src/main/java/com/app/backend/services/ai/GroqAIService.java:[55,49] cannot find symbol
  symbol:   method getApi()
  location: variable groqProperties of type com.app.backend.config.GroqProperties
[ERROR] /C:/Users/kacor/Desktop/backend-SGTE/src/main/java/com/app/backend/services/ai/GroqAIService.java:[59,35] cannot find symbol
  symbol:   method getApi()
  location: variable groqProperties of type com.app.backend.config.GroqProperties
[ERROR] /C:/Users/kacor/Desktop/backend-SGTE/src/main/java/com/app/backend/services/ai/GroqAIService.java:[70,21] cannot find symbol
  symbol:   variable log
  location: class com.app.backend.services.ai.GroqAIService
[ERROR] /C:/Users/kacor/Desktop/backend-SGTE/src/main/java/com/app/backend/services/ai/GroqAIService.java:[75,13] cannot find symbol
  symbol:   variable log
  location: class com.app.backend.services.ai.GroqAIService
[ERROR] /C:/Users/kacor/Desktop/backend-SGTE/src/main/java/com/app/backend/services/ai/GroqAIService.java:[79,13] cannot find symbol
  symbol:   variable log
  location: class com.app.backend.services.ai.GroqAIService
[ERROR] /C:/Users/kacor/Desktop/backend-SGTE/src/main/java/com/app/backend/services/ai/GroqAIService.java:[82,13] cannot find symbol
  symbol:   variable log
  location: class com.app.backend.services.ai.GroqAIService
[ERROR] /C:/Users/kacor/Desktop/backend-SGTE/src/main/java/com/app/backend/repositories/ai/AIChatContextRepository.java:[30,13] cannot find symbol
  symbol:   variable log
  location: class com.app.backend.repositories.ai.AIChatContextRepository
[ERROR] /C:/Users/kacor/Desktop/backend-SGTE/src/main/java/com/app/backend/repositories/ai/AIChatContextRepository.java:[44,13] cannot find symbol
  symbol:   variable log
  location: class com.app.backend.repositories.ai.AIChatContextRepository
[ERROR] /C:/Users/kacor/Desktop/backend-SGTE/src/main/java/com/app/backend/repositories/ai/AIChatContextRepository.java:[58,13] cannot find symbol
  symbol:   variable log
  location: class com.app.backend.repositories.ai.AIChatContextRepository
[ERROR] /C:/Users/kacor/Desktop/backend-SGTE/src/main/java/com/app/backend/controllers/externos/CorreoController.java:[19,45] cannot find symbol
  symbol:   method getDestinatario()
  location: variable request of type com.app.backend.dtos.externos.CorreoRequestDTO
[ERROR] /C:/Users/kacor/Desktop/backend-SGTE/src/main/java/com/app/backend/controllers/externos/CorreoController.java:[19,72] cannot find symbol
  symbol:   method getAsunto()
  location: variable request of type com.app.backend.dtos.externos.CorreoRequestDTO
[ERROR] /C:/Users/kacor/Desktop/backend-SGTE/src/main/java/com/app/backend/controllers/externos/CorreoController.java:[19,93] cannot find symbol
  symbol:   method getMensaje()
  location: variable request of type com.app.backend.dtos.externos.CorreoRequestDTO
[ERROR] /C:/Users/kacor/Desktop/backend-SGTE/src/main/java/com/app/backend/controllers/externos/CorreoController.java:[20,109] cannot find symbol
  symbol:   method getDestinatario()
  location: variable request of type com.app.backend.dtos.externos.CorreoRequestDTO
[ERROR] /C:/Users/kacor/Desktop/backend-SGTE/src/main/java/com/app/backend/exceptions/GlobalExceptionHandler.java:[43,9] cannot find symbol
  symbol:   variable log
  location: class com.app.backend.exceptions.GlobalExceptionHandler
[ERROR] /C:/Users/kacor/Desktop/backend-SGTE/src/main/java/com/app/backend/exceptions/GlobalExceptionHandler.java:[64,9] cannot find symbol
  symbol:   variable log
  location: class com.app.backend.exceptions.GlobalExceptionHandler
[ERROR] /C:/Users/kacor/Desktop/backend-SGTE/src/main/java/com/app/backend/services/academico/impl/CarreraServiceImpl.java:[38,53] cannot find symbol
  symbol:   method getIdFacultad()
  location: variable dto of type com.app.backend.dtos.academico.CarreraDTO
[ERROR] /C:/Users/kacor/Desktop/backend-SGTE/src/main/java/com/app/backend/services/academico/impl/CarreraServiceImpl.java:[38,155] cannot find symbol
  symbol:   method getIdFacultad()
  location: variable dto of type com.app.backend.dtos.academico.CarreraDTO
[ERROR] /C:/Users/kacor/Desktop/backend-SGTE/src/main/java/com/app/backend/services/academico/impl/CarreraServiceImpl.java:[39,28] cannot find symbol
  symbol:   method builder()
  location: class com.app.backend.entities.academico.Carrera
[ERROR] /C:/Users/kacor/Desktop/backend-SGTE/src/main/java/com/app/backend/services/academico/impl/CarreraServiceImpl.java:[39,56] cannot find symbol
  symbol:   method getNombreCarrera()
  location: variable dto of type com.app.backend.dtos.academico.CarreraDTO
[ERROR] /C:/Users/kacor/Desktop/backend-SGTE/src/main/java/com/app/backend/services/academico/impl/CarreraServiceImpl.java:[39,94] cannot find symbol
  symbol:   method getCodigoCarrera()
  location: variable dto of type com.app.backend.dtos.academico.CarreraDTO
[ERROR] /C:/Users/kacor/Desktop/backend-SGTE/src/main/java/com/app/backend/services/academico/impl/CarreraServiceImpl.java:[46,31] cannot find symbol
  symbol:   method getNombreCarrera()
  location: variable dto of type com.app.backend.dtos.academico.CarreraDTO
[ERROR] /C:/Users/kacor/Desktop/backend-SGTE/src/main/java/com/app/backend/services/academico/impl/CarreraServiceImpl.java:[47,31] cannot find symbol
  symbol:   method getCodigoCarrera()
  location: variable dto of type com.app.backend.dtos.academico.CarreraDTO
[ERROR] /C:/Users/kacor/Desktop/backend-SGTE/src/main/java/com/app/backend/services/academico/impl/CarreraServiceImpl.java:[48,16] cannot find symbol
  symbol:   method getIdFacultad()
  location: variable dto of type com.app.backend.dtos.academico.CarreraDTO
[ERROR] /C:/Users/kacor/Desktop/backend-SGTE/src/main/java/com/app/backend/services/academico/impl/CarreraServiceImpl.java:[49,57] cannot find symbol
  symbol:   method getIdFacultad()
  location: variable dto of type com.app.backend.dtos.academico.CarreraDTO
[ERROR] /C:/Users/kacor/Desktop/backend-SGTE/src/main/java/com/app/backend/services/academico/impl/CarreraServiceImpl.java:[49,158] cannot find symbol
  symbol:   method getIdFacultad()
  location: variable dto of type com.app.backend.dtos.academico.CarreraDTO
[ERROR] /C:/Users/kacor/Desktop/backend-SGTE/src/main/java/com/app/backend/services/academico/impl/CarreraServiceImpl.java:[50,14] cannot find symbol
  symbol:   method setFacultad(com.app.backend.entities.academico.Facultad)
  location: variable c of type com.app.backend.entities.academico.Carrera
[ERROR] /C:/Users/kacor/Desktop/backend-SGTE/src/main/java/com/app/backend/services/academico/impl/CarreraServiceImpl.java:[58,60] cannot find symbol
  symbol:   method builder()
  location: class com.app.backend.dtos.academico.CarreraDTO
[ERROR] /C:/Users/kacor/Desktop/backend-SGTE/src/main/java/com/app/backend/services/academico/impl/CarreraServiceImpl.java:[58,82] cannot find symbol
  symbol:   method getIdCarrera()
  location: variable c of type com.app.backend.entities.academico.Carrera
[ERROR] /C:/Users/kacor/Desktop/backend-SGTE/src/main/java/com/app/backend/services/academico/impl/CarreraServiceImpl.java:[58,114] cannot find symbol
  symbol:   method getNombreCarrera()
  location: variable c of type com.app.backend.entities.academico.Carrera
[ERROR] /C:/Users/kacor/Desktop/backend-SGTE/src/main/java/com/app/backend/services/academico/impl/CarreraServiceImpl.java:[58,150] cannot find symbol
  symbol:   method getCodigoCarrera()
  location: variable c of type com.app.backend.entities.academico.Carrera
[ERROR] /C:/Users/kacor/Desktop/backend-SGTE/src/main/java/com/app/backend/services/academico/impl/CarreraServiceImpl.java:[58,183] cannot find symbol
  symbol:   method getFacultad()
  location: variable c of type com.app.backend.entities.academico.Carrera
[ERROR] /C:/Users/kacor/Desktop/backend-SGTE/src/main/java/com/app/backend/services/academico/impl/CoordinadorServiceImpl.java:[36,51] cannot find symbol
  symbol:   method getIdUsuario()
  location: variable dto of type com.app.backend.dtos.academico.CoordinadorDTO
[ERROR] /C:/Users/kacor/Desktop/backend-SGTE/src/main/java/com/app/backend/services/academico/impl/CoordinadorServiceImpl.java:[36,150] cannot find symbol
  symbol:   method getIdUsuario()
  location: variable dto of type com.app.backend.dtos.academico.CoordinadorDTO
[ERROR] /C:/Users/kacor/Desktop/backend-SGTE/src/main/java/com/app/backend/services/academico/impl/CoordinadorServiceImpl.java:[37,36] cannot find symbol
  symbol:   method builder()
  location: class com.app.backend.entities.academico.Coordinador
[ERROR] /C:/Users/kacor/Desktop/backend-SGTE/src/main/java/com/app/backend/services/academico/impl/CoordinadorServiceImpl.java:[37,78] cannot find symbol
  symbol:   method getUbicacionOficina()
  location: variable dto of type com.app.backend.dtos.academico.CoordinadorDTO
[ERROR] /C:/Users/kacor/Desktop/backend-SGTE/src/main/java/com/app/backend/services/academico/impl/CoordinadorServiceImpl.java:[37,121] cannot find symbol
  symbol:   method getHorarioAtencion()
  location: variable dto of type com.app.backend.dtos.academico.CoordinadorDTO
[ERROR] /C:/Users/kacor/Desktop/backend-SGTE/src/main/java/com/app/backend/services/academico/impl/CoordinadorServiceImpl.java:[37,158] cannot find symbol
  symbol:   method getEstaActivo()
  location: variable dto of type com.app.backend.dtos.academico.CoordinadorDTO
[ERROR] /C:/Users/kacor/Desktop/backend-SGTE/src/main/java/com/app/backend/services/academico/impl/CoordinadorServiceImpl.java:[37,188] cannot find symbol
  symbol:   method getEstaActivo()
  location: variable dto of type com.app.backend.dtos.academico.CoordinadorDTO
[ERROR] /C:/Users/kacor/Desktop/backend-SGTE/src/main/java/com/app/backend/services/academico/impl/CoordinadorServiceImpl.java:[37,234] cannot find symbol
  symbol:   method getFechaNombramiento()
  location: variable dto of type com.app.backend.dtos.academico.CoordinadorDTO
[ERROR] /C:/Users/kacor/Desktop/backend-SGTE/src/main/java/com/app/backend/services/academico/impl/CoordinadorServiceImpl.java:[37,279] cannot find symbol
  symbol:   method getIdCoordinadorSga()
  location: variable dto of type com.app.backend.dtos.academico.CoordinadorDTO
[ERROR] /C:/Users/kacor/Desktop/backend-SGTE/src/main/java/com/app/backend/services/academico/impl/CoordinadorServiceImpl.java:[38,16] cannot find symbol
  symbol:   method getIdCarrera()
  location: variable dto of type com.app.backend.dtos.academico.CoordinadorDTO
[ERROR] /C:/Users/kacor/Desktop/backend-SGTE/src/main/java/com/app/backend/services/academico/impl/CoordinadorServiceImpl.java:[38,86] cannot find symbol
  symbol:   method getIdCarrera()
  location: variable dto of type com.app.backend.dtos.academico.CoordinadorDTO
[ERROR] /C:/Users/kacor/Desktop/backend-SGTE/src/main/java/com/app/backend/services/academico/impl/CoordinadorServiceImpl.java:[38,185] cannot find symbol
  symbol:   method getIdCarrera()
  location: variable dto of type com.app.backend.dtos.academico.CoordinadorDTO
[ERROR] /C:/Users/kacor/Desktop/backend-SGTE/src/main/java/com/app/backend/services/academico/impl/CoordinadorServiceImpl.java:[45,34] cannot find symbol
  symbol:   method getUbicacionOficina()
  location: variable dto of type com.app.backend.dtos.academico.CoordinadorDTO
[ERROR] /C:/Users/kacor/Desktop/backend-SGTE/src/main/java/com/app/backend/services/academico/impl/CoordinadorServiceImpl.java:[45,83] cannot find symbol
  symbol:   method getHorarioAtencion()
  location: variable dto of type com.app.backend.dtos.academico.CoordinadorDTO
[ERROR] /C:/Users/kacor/Desktop/backend-SGTE/src/main/java/com/app/backend/services/academico/impl/CoordinadorServiceImpl.java:[45,126] cannot find symbol
  symbol:   method getEstaActivo()
  location: variable dto of type com.app.backend.dtos.academico.CoordinadorDTO
[ERROR] /C:/Users/kacor/Desktop/backend-SGTE/src/main/java/com/app/backend/services/academico/impl/CoordinadorServiceImpl.java:[45,171] cannot find symbol
  symbol:   method getFechaNombramiento()
  location: variable dto of type com.app.backend.dtos.academico.CoordinadorDTO
[ERROR] /C:/Users/kacor/Desktop/backend-SGTE/src/main/java/com/app/backend/services/academico/impl/CoordinadorServiceImpl.java:[45,222] cannot find symbol
  symbol:   method getIdCoordinadorSga()
  location: variable dto of type com.app.backend.dtos.academico.CoordinadorDTO
[ERROR] /C:/Users/kacor/Desktop/backend-SGTE/src/main/java/com/app/backend/services/academico/impl/CoordinadorServiceImpl.java:[46,16] cannot find symbol
  symbol:   method getIdCarrera()
  location: variable dto of type com.app.backend.dtos.academico.CoordinadorDTO
[ERROR] /C:/Users/kacor/Desktop/backend-SGTE/src/main/java/com/app/backend/services/academico/impl/CoordinadorServiceImpl.java:[46,86] cannot find symbol
  symbol:   method getIdCarrera()
  location: variable dto of type com.app.backend.dtos.academico.CoordinadorDTO
[ERROR] /C:/Users/kacor/Desktop/backend-SGTE/src/main/java/com/app/backend/services/academico/impl/CoordinadorServiceImpl.java:[46,185] cannot find symbol
  symbol:   method getIdCarrera()
  location: variable dto of type com.app.backend.dtos.academico.CoordinadorDTO
[ERROR] /C:/Users/kacor/Desktop/backend-SGTE/src/main/java/com/app/backend/services/academico/impl/CoordinadorServiceImpl.java:[52,72] cannot find symbol
  symbol:   method builder()
  location: class com.app.backend.dtos.academico.CoordinadorDTO
[ERROR] /C:/Users/kacor/Desktop/backend-SGTE/src/main/java/com/app/backend/services/academico/impl/CoordinadorServiceImpl.java:[52,98] cannot find symbol
  symbol:   method getIdCoordinador()
  location: variable c of type com.app.backend.entities.academico.Coordinador
[ERROR] /C:/Users/kacor/Desktop/backend-SGTE/src/main/java/com/app/backend/services/academico/impl/CoordinadorServiceImpl.java:[52,130] cannot find symbol
  symbol:   method getUsuario()
  location: variable c of type com.app.backend.entities.academico.Coordinador
[ERROR] /C:/Users/kacor/Desktop/backend-SGTE/src/main/java/com/app/backend/services/academico/impl/CoordinadorServiceImpl.java:[52,171] cannot find symbol
  symbol:   method getCarrera()
  location: variable c of type com.app.backend.entities.academico.Coordinador
[ERROR] /C:/Users/kacor/Desktop/backend-SGTE/src/main/java/com/app/backend/services/academico/impl/CoordinadorServiceImpl.java:[52,196] cannot find symbol
  symbol:   method getCarrera()
  location: variable c of type com.app.backend.entities.academico.Coordinador
[ERROR] /C:/Users/kacor/Desktop/backend-SGTE/src/main/java/com/app/backend/services/academico/impl/CoordinadorServiceImpl.java:[52,251] cannot find symbol
  symbol:   method getUbicacionOficina()
  location: variable c of type com.app.backend.entities.academico.Coordinador
[ERROR] /C:/Users/kacor/Desktop/backend-SGTE/src/main/java/com/app/backend/services/academico/impl/CoordinadorServiceImpl.java:[52,292] cannot find symbol
  symbol:   method getHorarioAtencion()
  location: variable c of type com.app.backend.entities.academico.Coordinador
[ERROR] /C:/Users/kacor/Desktop/backend-SGTE/src/main/java/com/app/backend/services/academico/impl/CoordinadorServiceImpl.java:[52,327] cannot find symbol
  symbol:   method getEstaActivo()
  location: variable c of type com.app.backend.entities.academico.Coordinador
[ERROR] /C:/Users/kacor/Desktop/backend-SGTE/src/main/java/com/app/backend/services/academico/impl/CoordinadorServiceImpl.java:[52,364] cannot find symbol
  symbol:   method getFechaNombramiento()
  location: variable c of type com.app.backend.entities.academico.Coordinador
[ERROR] /C:/Users/kacor/Desktop/backend-SGTE/src/main/java/com/app/backend/services/academico/impl/CoordinadorServiceImpl.java:[52,407] cannot find symbol
  symbol:   method getIdCoordinadorSga()
  location: variable c of type com.app.backend.entities.academico.Coordinador
[ERROR] /C:/Users/kacor/Desktop/backend-SGTE/src/main/java/com/app/backend/services/academico/impl/DecanoServiceImpl.java:[34,51] cannot find symbol
  symbol:   method getIdUsuario()
  location: variable dto of type com.app.backend.dtos.academico.DecanoDTO
[ERROR] /C:/Users/kacor/Desktop/backend-SGTE/src/main/java/com/app/backend/services/academico/impl/DecanoServiceImpl.java:[34,150] cannot find symbol
  symbol:   method getIdUsuario()
  location: variable dto of type com.app.backend.dtos.academico.DecanoDTO
[ERROR] /C:/Users/kacor/Desktop/backend-SGTE/src/main/java/com/app/backend/services/academico/impl/DecanoServiceImpl.java:[35,26] cannot find symbol
  symbol:   method builder()
  location: class com.app.backend.entities.academico.Decano
[ERROR] /C:/Users/kacor/Desktop/backend-SGTE/src/main/java/com/app/backend/services/academico/impl/DecanoServiceImpl.java:[35,69] cannot find symbol
  symbol:   method getFechaNombramiento()
  location: variable dto of type com.app.backend.dtos.academico.DecanoDTO
[ERROR] /C:/Users/kacor/Desktop/backend-SGTE/src/main/java/com/app/backend/services/academico/impl/DecanoServiceImpl.java:[35,108] cannot find symbol
  symbol:   method getEstaActivo()
  location: variable dto of type com.app.backend.dtos.academico.DecanoDTO
[ERROR] /C:/Users/kacor/Desktop/backend-SGTE/src/main/java/com/app/backend/services/academico/impl/DecanoServiceImpl.java:[35,138] cannot find symbol
  symbol:   method getEstaActivo()
  location: variable dto of type com.app.backend.dtos.academico.DecanoDTO
[ERROR] /C:/Users/kacor/Desktop/backend-SGTE/src/main/java/com/app/backend/services/academico/impl/DecanoServiceImpl.java:[35,178] cannot find symbol
  symbol:   method getIdDecanoSga()
  location: variable dto of type com.app.backend.dtos.academico.DecanoDTO
[ERROR] /C:/Users/kacor/Desktop/backend-SGTE/src/main/java/com/app/backend/services/academico/impl/DecanoServiceImpl.java:[36,16] cannot find symbol
  symbol:   method getIdFacultad()
  location: variable dto of type com.app.backend.dtos.academico.DecanoDTO
[ERROR] /C:/Users/kacor/Desktop/backend-SGTE/src/main/java/com/app/backend/services/academico/impl/DecanoServiceImpl.java:[36,89] cannot find symbol
  symbol:   method getIdFacultad()
  location: variable dto of type com.app.backend.dtos.academico.DecanoDTO
[ERROR] /C:/Users/kacor/Desktop/backend-SGTE/src/main/java/com/app/backend/services/academico/impl/DecanoServiceImpl.java:[36,190] cannot find symbol
  symbol:   method getIdFacultad()
  location: variable dto of type com.app.backend.dtos.academico.DecanoDTO
[ERROR] /C:/Users/kacor/Desktop/backend-SGTE/src/main/java/com/app/backend/services/academico/impl/DecanoServiceImpl.java:[43,35] cannot find symbol
  symbol:   method getFechaNombramiento()
  location: variable dto of type com.app.backend.dtos.academico.DecanoDTO
[ERROR] /C:/Users/kacor/Desktop/backend-SGTE/src/main/java/com/app/backend/services/academico/impl/DecanoServiceImpl.java:[43,80] cannot find symbol
  symbol:   method getEstaActivo()
  location: variable dto of type com.app.backend.dtos.academico.DecanoDTO
[ERROR] /C:/Users/kacor/Desktop/backend-SGTE/src/main/java/com/app/backend/services/academico/impl/DecanoServiceImpl.java:[43,119] cannot find symbol
  symbol:   method getIdDecanoSga()
  location: variable dto of type com.app.backend.dtos.academico.DecanoDTO
[ERROR] /C:/Users/kacor/Desktop/backend-SGTE/src/main/java/com/app/backend/services/academico/impl/DecanoServiceImpl.java:[44,16] cannot find symbol
  symbol:   method getIdFacultad()
  location: variable dto of type com.app.backend.dtos.academico.DecanoDTO
[ERROR] /C:/Users/kacor/Desktop/backend-SGTE/src/main/java/com/app/backend/services/academico/impl/DecanoServiceImpl.java:[44,89] cannot find symbol
  symbol:   method getIdFacultad()
  location: variable dto of type com.app.backend.dtos.academico.DecanoDTO
[ERROR] /C:/Users/kacor/Desktop/backend-SGTE/src/main/java/com/app/backend/services/academico/impl/DecanoServiceImpl.java:[44,190] cannot find symbol
  symbol:   method getIdFacultad()
  location: variable dto of type com.app.backend.dtos.academico.DecanoDTO
[ERROR] /C:/Users/kacor/Desktop/backend-SGTE/src/main/java/com/app/backend/services/academico/impl/DecanoServiceImpl.java:[50,57] cannot find symbol
  symbol:   method builder()
  location: class com.app.backend.dtos.academico.DecanoDTO
[ERROR] /C:/Users/kacor/Desktop/backend-SGTE/src/main/java/com/app/backend/services/academico/impl/DecanoServiceImpl.java:[50,78] cannot find symbol
  symbol:   method getIdDecano()
  location: variable d of type com.app.backend.entities.academico.Decano
[ERROR] /C:/Users/kacor/Desktop/backend-SGTE/src/main/java/com/app/backend/services/academico/impl/DecanoServiceImpl.java:[50,105] cannot find symbol
  symbol:   method getUsuario()
  location: variable d of type com.app.backend.entities.academico.Decano
[ERROR] /C:/Users/kacor/Desktop/backend-SGTE/src/main/java/com/app/backend/services/academico/impl/DecanoServiceImpl.java:[50,147] cannot find symbol
  symbol:   method getFacultad()
  location: variable d of type com.app.backend.entities.academico.Decano
[ERROR] /C:/Users/kacor/Desktop/backend-SGTE/src/main/java/com/app/backend/services/academico/impl/DecanoServiceImpl.java:[50,173] cannot find symbol
  symbol:   method getFacultad()
  location: variable d of type com.app.backend.entities.academico.Decano
[ERROR] /C:/Users/kacor/Desktop/backend-SGTE/src/main/java/com/app/backend/services/academico/impl/DecanoServiceImpl.java:[50,231] cannot find symbol
  symbol:   method getFechaNombramiento()
  location: variable d of type com.app.backend.entities.academico.Decano
[ERROR] /C:/Users/kacor/Desktop/backend-SGTE/src/main/java/com/app/backend/services/academico/impl/DecanoServiceImpl.java:[50,268] cannot find symbol
  symbol:   method getEstaActivo()
  location: variable d of type com.app.backend.entities.academico.Decano
[ERROR] /C:/Users/kacor/Desktop/backend-SGTE/src/main/java/com/app/backend/services/academico/impl/DecanoServiceImpl.java:[50,299] cannot find symbol
  symbol:   method getIdDecanoSga()
  location: variable d of type com.app.backend.entities.academico.Decano
[ERROR] /C:/Users/kacor/Desktop/backend-SGTE/src/main/java/com/app/backend/services/academico/impl/EstudianteServiceImpl.java:[45,51] cannot find symbol
  symbol:   method getIdUsuario()
  location: variable dto of type com.app.backend.dtos.academico.EstudianteDTO
[ERROR] /C:/Users/kacor/Desktop/backend-SGTE/src/main/java/com/app/backend/services/academico/impl/EstudianteServiceImpl.java:[45,150] cannot find symbol
  symbol:   method getIdUsuario()
  location: variable dto of type com.app.backend.dtos.academico.EstudianteDTO
[ERROR] /C:/Users/kacor/Desktop/backend-SGTE/src/main/java/com/app/backend/services/academico/impl/EstudianteServiceImpl.java:[46,51] cannot find symbol
  symbol:   method getIdCarrera()
  location: variable dto of type com.app.backend.dtos.academico.EstudianteDTO
[ERROR] /C:/Users/kacor/Desktop/backend-SGTE/src/main/java/com/app/backend/services/academico/impl/EstudianteServiceImpl.java:[46,150] cannot find symbol
  symbol:   method getIdCarrera()
  location: variable dto of type com.app.backend.dtos.academico.EstudianteDTO
[ERROR] /C:/Users/kacor/Desktop/backend-SGTE/src/main/java/com/app/backend/services/academico/impl/EstudianteServiceImpl.java:[47,34] cannot find symbol
  symbol:   method builder()
  location: class com.app.backend.entities.academico.Estudiante
[ERROR] /C:/Users/kacor/Desktop/backend-SGTE/src/main/java/com/app/backend/services/academico/impl/EstudianteServiceImpl.java:[47,79] cannot find symbol
  symbol:   method getParalelo()
  location: variable dto of type com.app.backend.dtos.academico.EstudianteDTO
[ERROR] /C:/Users/kacor/Desktop/backend-SGTE/src/main/java/com/app/backend/services/academico/impl/EstudianteServiceImpl.java:[47,114] cannot find symbol
  symbol:   method getEstadoAcademico()
  location: variable dto of type com.app.backend.dtos.academico.EstudianteDTO
[ERROR] /C:/Users/kacor/Desktop/backend-SGTE/src/main/java/com/app/backend/services/academico/impl/EstudianteServiceImpl.java:[47,155] cannot find symbol
  symbol:   method getFechaMatricula()
  location: variable dto of type com.app.backend.dtos.academico.EstudianteDTO
[ERROR] /C:/Users/kacor/Desktop/backend-SGTE/src/main/java/com/app/backend/services/academico/impl/EstudianteServiceImpl.java:[47,190] cannot find symbol
  symbol:   method getEsExterno()
  location: variable dto of type com.app.backend.dtos.academico.EstudianteDTO
[ERROR] /C:/Users/kacor/Desktop/backend-SGTE/src/main/java/com/app/backend/services/academico/impl/EstudianteServiceImpl.java:[47,226] cannot find symbol
  symbol:   method getIdEstudianteSga()
  location: variable dto of type com.app.backend.dtos.academico.EstudianteDTO
[ERROR] /C:/Users/kacor/Desktop/backend-SGTE/src/main/java/com/app/backend/services/academico/impl/EstudianteServiceImpl.java:[48,16] cannot find symbol
  symbol:   method getIdPeriodo()
  location: variable dto of type com.app.backend.dtos.academico.EstudianteDTO
[ERROR] /C:/Users/kacor/Desktop/backend-SGTE/src/main/java/com/app/backend/services/academico/impl/EstudianteServiceImpl.java:[48,86] cannot find symbol
  symbol:   method getIdPeriodo()
  location: variable dto of type com.app.backend.dtos.academico.EstudianteDTO
[ERROR] /C:/Users/kacor/Desktop/backend-SGTE/src/main/java/com/app/backend/services/academico/impl/EstudianteServiceImpl.java:[48,185] cannot find symbol
  symbol:   method getIdPeriodo()
  location: variable dto of type com.app.backend.dtos.academico.EstudianteDTO
[ERROR] /C:/Users/kacor/Desktop/backend-SGTE/src/main/java/com/app/backend/services/academico/impl/EstudianteServiceImpl.java:[55,26] cannot find symbol
  symbol:   method getParalelo()
  location: variable dto of type com.app.backend.dtos.academico.EstudianteDTO
[ERROR] /C:/Users/kacor/Desktop/backend-SGTE/src/main/java/com/app/backend/services/academico/impl/EstudianteServiceImpl.java:[55,67] cannot find symbol
  symbol:   method getEstadoAcademico()
  location: variable dto of type com.app.backend.dtos.academico.EstudianteDTO
[ERROR] /C:/Users/kacor/Desktop/backend-SGTE/src/main/java/com/app/backend/services/academico/impl/EstudianteServiceImpl.java:[55,114] cannot find symbol
  symbol:   method getFechaMatricula()
  location: variable dto of type com.app.backend.dtos.academico.EstudianteDTO
[ERROR] /C:/Users/kacor/Desktop/backend-SGTE/src/main/java/com/app/backend/services/academico/impl/EstudianteServiceImpl.java:[55,155] cannot find symbol
  symbol:   method getEsExterno()
  location: variable dto of type com.app.backend.dtos.academico.EstudianteDTO
[ERROR] /C:/Users/kacor/Desktop/backend-SGTE/src/main/java/com/app/backend/services/academico/impl/EstudianteServiceImpl.java:[55,197] cannot find symbol
  symbol:   method getIdEstudianteSga()
  location: variable dto of type com.app.backend.dtos.academico.EstudianteDTO
[ERROR] /C:/Users/kacor/Desktop/backend-SGTE/src/main/java/com/app/backend/services/academico/impl/EstudianteServiceImpl.java:[56,16] cannot find symbol
  symbol:   method getIdCarrera()
  location: variable dto of type com.app.backend.dtos.academico.EstudianteDTO
[ERROR] /C:/Users/kacor/Desktop/backend-SGTE/src/main/java/com/app/backend/services/academico/impl/EstudianteServiceImpl.java:[56,86] cannot find symbol
  symbol:   method getIdCarrera()
  location: variable dto of type com.app.backend.dtos.academico.EstudianteDTO
[ERROR] /C:/Users/kacor/Desktop/backend-SGTE/src/main/java/com/app/backend/services/academico/impl/EstudianteServiceImpl.java:[56,185] cannot find symbol
  symbol:   method getIdCarrera()
  location: variable dto of type com.app.backend.dtos.academico.EstudianteDTO
[ERROR] /C:/Users/kacor/Desktop/backend-SGTE/src/main/java/com/app/backend/services/academico/impl/EstudianteServiceImpl.java:[57,16] cannot find symbol
  symbol:   method getIdPeriodo()
  location: variable dto of type com.app.backend.dtos.academico.EstudianteDTO
[ERROR] /C:/Users/kacor/Desktop/backend-SGTE/src/main/java/com/app/backend/services/academico/impl/EstudianteServiceImpl.java:[57,86] cannot find symbol
  symbol:   method getIdPeriodo()
  location: variable dto of type com.app.backend.dtos.academico.EstudianteDTO
[ERROR] /C:/Users/kacor/Desktop/backend-SGTE/src/main/java/com/app/backend/services/academico/impl/EstudianteServiceImpl.java:[57,185] cannot find symbol
  symbol:   method getIdPeriodo()
  location: variable dto of type com.app.backend.dtos.academico.EstudianteDTO
[ERROR] /C:/Users/kacor/Desktop/backend-SGTE/src/main/java/com/app/backend/services/academico/impl/EstudianteServiceImpl.java:[65,29] cannot find symbol
  symbol:   method builder()
  location: class com.app.backend.dtos.academico.EstudianteDTO
[ERROR] /C:/Users/kacor/Desktop/backend-SGTE/src/main/java/com/app/backend/services/academico/impl/EstudianteServiceImpl.java:[65,54] cannot find symbol
  symbol:   method getIdEstudiante()
  location: variable e of type com.app.backend.entities.academico.Estudiante
[ERROR] /C:/Users/kacor/Desktop/backend-SGTE/src/main/java/com/app/backend/services/academico/impl/EstudianteServiceImpl.java:[65,85] cannot find symbol
  symbol:   method getUsuario()
  location: variable e of type com.app.backend.entities.academico.Estudiante
[ERROR] /C:/Users/kacor/Desktop/backend-SGTE/src/main/java/com/app/backend/services/academico/impl/EstudianteServiceImpl.java:[65,126] cannot find symbol
  symbol:   method getCarrera()
  location: variable e of type com.app.backend.entities.academico.Estudiante
[ERROR] /C:/Users/kacor/Desktop/backend-SGTE/src/main/java/com/app/backend/services/academico/impl/EstudianteServiceImpl.java:[65,167] cannot find symbol
  symbol:   method getPeriodo()
  location: variable e of type com.app.backend.entities.academico.Estudiante
[ERROR] /C:/Users/kacor/Desktop/backend-SGTE/src/main/java/com/app/backend/services/academico/impl/EstudianteServiceImpl.java:[65,192] cannot find symbol
  symbol:   method getPeriodo()
  location: variable e of type com.app.backend.entities.academico.Estudiante
[ERROR] /C:/Users/kacor/Desktop/backend-SGTE/src/main/java/com/app/backend/services/academico/impl/EstudianteServiceImpl.java:[65,239] cannot find symbol
  symbol:   method getParalelo()
  location: variable e of type com.app.backend.entities.academico.Estudiante
[ERROR] /C:/Users/kacor/Desktop/backend-SGTE/src/main/java/com/app/backend/services/academico/impl/EstudianteServiceImpl.java:[65,272] cannot find symbol
  symbol:   method getEstadoAcademico()
  location: variable e of type com.app.backend.entities.academico.Estudiante
[ERROR] /C:/Users/kacor/Desktop/backend-SGTE/src/main/java/com/app/backend/services/academico/impl/EstudianteServiceImpl.java:[65,311] cannot find symbol
  symbol:   method getFechaMatricula()
  location: variable e of type com.app.backend.entities.academico.Estudiante
[ERROR] /C:/Users/kacor/Desktop/backend-SGTE/src/main/java/com/app/backend/services/academico/impl/EstudianteServiceImpl.java:[65,344] cannot find symbol
  symbol:   method getEsExterno()
  location: variable e of type com.app.backend.entities.academico.Estudiante
[ERROR] /C:/Users/kacor/Desktop/backend-SGTE/src/main/java/com/app/backend/services/academico/impl/EstudianteServiceImpl.java:[65,378] cannot find symbol
  symbol:   method getIdEstudianteSga()
  location: variable e of type com.app.backend.entities.academico.Estudiante
[ERROR] /C:/Users/kacor/Desktop/backend-SGTE/src/main/java/com/app/backend/services/academico/impl/EstudianteServiceImpl.java:[65,423] cannot find symbol
  symbol:   method getUltimaSincronizacion()
  location: variable e of type com.app.backend.entities.academico.Estudiante
[ERROR] /C:/Users/kacor/Desktop/backend-SGTE/src/main/java/com/app/backend/services/academico/impl/FacultadServiceImpl.java:[37,59] cannot find symbol
  symbol:   method getIdUniversidad()
  location: variable dto of type com.app.backend.dtos.academico.FacultadDTO
[ERROR] /C:/Users/kacor/Desktop/backend-SGTE/src/main/java/com/app/backend/services/academico/impl/FacultadServiceImpl.java:[37,166] cannot find symbol
  symbol:   method getIdUniversidad()
  location: variable dto of type com.app.backend.dtos.academico.FacultadDTO
[ERROR] /C:/Users/kacor/Desktop/backend-SGTE/src/main/java/com/app/backend/services/academico/impl/FacultadServiceImpl.java:[38,30] cannot find symbol
  symbol:   method builder()
  location: class com.app.backend.entities.academico.Facultad
[ERROR] /C:/Users/kacor/Desktop/backend-SGTE/src/main/java/com/app/backend/services/academico/impl/FacultadServiceImpl.java:[38,59] cannot find symbol
  symbol:   method getNombreFacultad()
  location: variable dto of type com.app.backend.dtos.academico.FacultadDTO
[ERROR] /C:/Users/kacor/Desktop/backend-SGTE/src/main/java/com/app/backend/services/academico/impl/FacultadServiceImpl.java:[38,101] cannot find symbol
  symbol:   method getUbicacionOficina()
  location: variable dto of type com.app.backend.dtos.academico.FacultadDTO
[ERROR] /C:/Users/kacor/Desktop/backend-SGTE/src/main/java/com/app/backend/services/academico/impl/FacultadServiceImpl.java:[38,142] cannot find symbol
  symbol:   method getEmailFacultad()
  location: variable dto of type com.app.backend.dtos.academico.FacultadDTO
[ERROR] /C:/Users/kacor/Desktop/backend-SGTE/src/main/java/com/app/backend/services/academico/impl/FacultadServiceImpl.java:[45,32] cannot find symbol
  symbol:   method getNombreFacultad()
  location: variable dto of type com.app.backend.dtos.academico.FacultadDTO
[ERROR] /C:/Users/kacor/Desktop/backend-SGTE/src/main/java/com/app/backend/services/academico/impl/FacultadServiceImpl.java:[46,34] cannot find symbol
  symbol:   method getUbicacionOficina()
  location: variable dto of type com.app.backend.dtos.academico.FacultadDTO
[ERROR] /C:/Users/kacor/Desktop/backend-SGTE/src/main/java/com/app/backend/services/academico/impl/FacultadServiceImpl.java:[47,31] cannot find symbol
  symbol:   method getEmailFacultad()
  location: variable dto of type com.app.backend.dtos.academico.FacultadDTO
[ERROR] /C:/Users/kacor/Desktop/backend-SGTE/src/main/java/com/app/backend/services/academico/impl/FacultadServiceImpl.java:[48,16] cannot find symbol
  symbol:   method getIdUniversidad()
  location: variable dto of type com.app.backend.dtos.academico.FacultadDTO
[ERROR] /C:/Users/kacor/Desktop/backend-SGTE/src/main/java/com/app/backend/services/academico/impl/FacultadServiceImpl.java:[49,63] cannot find symbol
  symbol:   method getIdUniversidad()
  location: variable dto of type com.app.backend.dtos.academico.FacultadDTO
[ERROR] /C:/Users/kacor/Desktop/backend-SGTE/src/main/java/com/app/backend/services/academico/impl/FacultadServiceImpl.java:[49,170] cannot find symbol
  symbol:   method getIdUniversidad()
  location: variable dto of type com.app.backend.dtos.academico.FacultadDTO
[ERROR] /C:/Users/kacor/Desktop/backend-SGTE/src/main/java/com/app/backend/services/academico/impl/FacultadServiceImpl.java:[50,14] cannot find symbol
  symbol:   method setUniversidad(com.app.backend.entities.academico.Universidad)
  location: variable f of type com.app.backend.entities.academico.Facultad
[ERROR] /C:/Users/kacor/Desktop/backend-SGTE/src/main/java/com/app/backend/services/academico/impl/FacultadServiceImpl.java:[58,63] cannot find symbol
  symbol:   method builder()
  location: class com.app.backend.dtos.academico.FacultadDTO
[ERROR] /C:/Users/kacor/Desktop/backend-SGTE/src/main/java/com/app/backend/services/academico/impl/FacultadServiceImpl.java:[58,86] cannot find symbol
  symbol:   method getIdFacultad()
  location: variable f of type com.app.backend.entities.academico.Facultad
[ERROR] /C:/Users/kacor/Desktop/backend-SGTE/src/main/java/com/app/backend/services/academico/impl/FacultadServiceImpl.java:[58,120] cannot find symbol
  symbol:   method getNombreFacultad()
  location: variable f of type com.app.backend.entities.academico.Facultad
[ERROR] /C:/Users/kacor/Desktop/backend-SGTE/src/main/java/com/app/backend/services/academico/impl/FacultadServiceImpl.java:[58,160] cannot find symbol
  symbol:   method getUbicacionOficina()
  location: variable f of type com.app.backend.entities.academico.Facultad
[ERROR] /C:/Users/kacor/Desktop/backend-SGTE/src/main/java/com/app/backend/services/academico/impl/FacultadServiceImpl.java:[58,199] cannot find symbol
  symbol:   method getEmailFacultad()
  location: variable f of type com.app.backend.entities.academico.Facultad
[ERROR] /C:/Users/kacor/Desktop/backend-SGTE/src/main/java/com/app/backend/services/academico/impl/FacultadServiceImpl.java:[58,235] cannot find symbol
  symbol:   method getUniversidad()
  location: variable f of type com.app.backend.entities.academico.Facultad
[ERROR] /C:/Users/kacor/Desktop/backend-SGTE/src/main/java/com/app/backend/services/academico/impl/SemestreServiceImpl.java:[34,28] cannot find symbol
  symbol:   method builder()
  location: class com.app.backend.entities.academico.Periodo
[ERROR] /C:/Users/kacor/Desktop/backend-SGTE/src/main/java/com/app/backend/services/academico/impl/SemestreServiceImpl.java:[34,56] cannot find symbol
  symbol:   method getCodigoPeriodo()
  location: variable dto of type com.app.backend.dtos.academico.SemestreDTO
[ERROR] /C:/Users/kacor/Desktop/backend-SGTE/src/main/java/com/app/backend/services/academico/impl/SemestreServiceImpl.java:[34,94] cannot find symbol
  symbol:   method getNombrePeriodo()
  location: variable dto of type com.app.backend.dtos.academico.SemestreDTO
[ERROR] /C:/Users/kacor/Desktop/backend-SGTE/src/main/java/com/app/backend/services/academico/impl/SemestreServiceImpl.java:[34,130] cannot find symbol
  symbol:   method getFechaInicio()
  location: variable dto of type com.app.backend.dtos.academico.SemestreDTO
[ERROR] /C:/Users/kacor/Desktop/backend-SGTE/src/main/java/com/app/backend/services/academico/impl/SemestreServiceImpl.java:[34,161] cannot find symbol
  symbol:   method getFechaFin()
  location: variable dto of type com.app.backend.dtos.academico.SemestreDTO
[ERROR] /C:/Users/kacor/Desktop/backend-SGTE/src/main/java/com/app/backend/services/academico/impl/SemestreServiceImpl.java:[34,191] cannot find symbol
  symbol:   method getEstaActivo()
  location: variable dto of type com.app.backend.dtos.academico.SemestreDTO
[ERROR] /C:/Users/kacor/Desktop/backend-SGTE/src/main/java/com/app/backend/services/academico/impl/SemestreServiceImpl.java:[34,221] cannot find symbol
  symbol:   method getEstaActivo()
  location: variable dto of type com.app.backend.dtos.academico.SemestreDTO
[ERROR] /C:/Users/kacor/Desktop/backend-SGTE/src/main/java/com/app/backend/services/academico/impl/SemestreServiceImpl.java:[41,31] cannot find symbol
  symbol:   method getCodigoPeriodo()
  location: variable dto of type com.app.backend.dtos.academico.SemestreDTO
[ERROR] /C:/Users/kacor/Desktop/backend-SGTE/src/main/java/com/app/backend/services/academico/impl/SemestreServiceImpl.java:[41,75] cannot find symbol
  symbol:   method getNombrePeriodo()
  location: variable dto of type com.app.backend.dtos.academico.SemestreDTO
[ERROR] /C:/Users/kacor/Desktop/backend-SGTE/src/main/java/com/app/backend/services/academico/impl/SemestreServiceImpl.java:[41,117] cannot find symbol
  symbol:   method getFechaInicio()
  location: variable dto of type com.app.backend.dtos.academico.SemestreDTO
[ERROR] /C:/Users/kacor/Desktop/backend-SGTE/src/main/java/com/app/backend/services/academico/impl/SemestreServiceImpl.java:[41,154] cannot find symbol
  symbol:   method getFechaFin()
  location: variable dto of type com.app.backend.dtos.academico.SemestreDTO
[ERROR] /C:/Users/kacor/Desktop/backend-SGTE/src/main/java/com/app/backend/services/academico/impl/SemestreServiceImpl.java:[41,190] cannot find symbol
  symbol:   method getEstaActivo()
  location: variable dto of type com.app.backend.dtos.academico.SemestreDTO
[ERROR] /C:/Users/kacor/Desktop/backend-SGTE/src/main/java/com/app/backend/services/academico/impl/SemestreServiceImpl.java:[48,62] cannot find symbol
  symbol:   method builder()
  location: class com.app.backend.dtos.academico.SemestreDTO
[ERROR] /C:/Users/kacor/Desktop/backend-SGTE/src/main/java/com/app/backend/services/academico/impl/SemestreServiceImpl.java:[48,85] cannot find symbol
  symbol:   method getIdPeriodo()
  location: variable s of type com.app.backend.entities.academico.Periodo
[ERROR] /C:/Users/kacor/Desktop/backend-SGTE/src/main/java/com/app/backend/services/academico/impl/SemestreServiceImpl.java:[48,117] cannot find symbol
  symbol:   method getCodigoPeriodo()
  location: variable s of type com.app.backend.entities.academico.Periodo
[ERROR] /C:/Users/kacor/Desktop/backend-SGTE/src/main/java/com/app/backend/services/academico/impl/SemestreServiceImpl.java:[48,153] cannot find symbol
  symbol:   method getNombrePeriodo()
  location: variable s of type com.app.backend.entities.academico.Periodo
[ERROR] /C:/Users/kacor/Desktop/backend-SGTE/src/main/java/com/app/backend/services/academico/impl/SemestreServiceImpl.java:[48,187] cannot find symbol
  symbol:   method getFechaInicio()
  location: variable s of type com.app.backend.entities.academico.Periodo
[ERROR] /C:/Users/kacor/Desktop/backend-SGTE/src/main/java/com/app/backend/services/academico/impl/SemestreServiceImpl.java:[48,216] cannot find symbol
  symbol:   method getFechaFin()
  location: variable s of type com.app.backend.entities.academico.Periodo
[ERROR] /C:/Users/kacor/Desktop/backend-SGTE/src/main/java/com/app/backend/services/academico/impl/SemestreServiceImpl.java:[48,244] cannot find symbol
  symbol:   method getEstaActivo()
  location: variable s of type com.app.backend.entities.academico.Periodo
[ERROR] /C:/Users/kacor/Desktop/backend-SGTE/src/main/java/com/app/backend/services/academico/impl/UniversidadServiceImpl.java:[38,36] cannot find symbol
  symbol:   method builder()
  location: class com.app.backend.entities.academico.Universidad
[ERROR] /C:/Users/kacor/Desktop/backend-SGTE/src/main/java/com/app/backend/services/academico/impl/UniversidadServiceImpl.java:[39,39] cannot find symbol
  symbol:   method getNombreUniversidad()
  location: variable dto of type com.app.backend.dtos.academico.UniversidadDTO
[ERROR] /C:/Users/kacor/Desktop/backend-SGTE/src/main/java/com/app/backend/services/academico/impl/UniversidadServiceImpl.java:[40,31] cannot find symbol
  symbol:   method getEsPublica()
  location: variable dto of type com.app.backend.dtos.academico.UniversidadDTO
[ERROR] /C:/Users/kacor/Desktop/backend-SGTE/src/main/java/com/app/backend/services/academico/impl/UniversidadServiceImpl.java:[40,60] cannot find symbol
  symbol:   method getEsPublica()
  location: variable dto of type com.app.backend.dtos.academico.UniversidadDTO
[ERROR] /C:/Users/kacor/Desktop/backend-SGTE/src/main/java/com/app/backend/services/academico/impl/UniversidadServiceImpl.java:[49,35] cannot find symbol
  symbol:   method getNombreUniversidad()
  location: variable dto of type com.app.backend.dtos.academico.UniversidadDTO
[ERROR] /C:/Users/kacor/Desktop/backend-SGTE/src/main/java/com/app/backend/services/academico/impl/UniversidadServiceImpl.java:[50,27] cannot find symbol
  symbol:   method getEsPublica()
  location: variable dto of type com.app.backend.dtos.academico.UniversidadDTO
[ERROR] /C:/Users/kacor/Desktop/backend-SGTE/src/main/java/com/app/backend/services/academico/impl/UniversidadServiceImpl.java:[61,30] cannot find symbol
  symbol:   method builder()
  location: class com.app.backend.dtos.academico.UniversidadDTO
[ERROR] /C:/Users/kacor/Desktop/backend-SGTE/src/main/java/com/app/backend/services/academico/impl/UniversidadServiceImpl.java:[61,56] cannot find symbol
  symbol:   method getIdUniversidad()
  location: variable u of type com.app.backend.entities.academico.Universidad
[ERROR] /C:/Users/kacor/Desktop/backend-SGTE/src/main/java/com/app/backend/services/academico/impl/UniversidadServiceImpl.java:[61,96] cannot find symbol
  symbol:   method getNombreUniversidad()
  location: variable u of type com.app.backend.entities.academico.Universidad
[ERROR] /C:/Users/kacor/Desktop/backend-SGTE/src/main/java/com/app/backend/services/academico/impl/UniversidadServiceImpl.java:[61,132] cannot find symbol
  symbol:   method getEsPublica()
  location: variable u of type com.app.backend.entities.academico.Universidad
[ERROR] /C:/Users/kacor/Desktop/backend-SGTE/src/main/java/com/app/backend/services/documentos/impl/DocumentoAdjuntoServiceImpl.java:[38,46] cannot find symbol
  symbol:   method builder()
  location: class com.app.backend.entities.documentos.DocumentoAdjunto
[ERROR] /C:/Users/kacor/Desktop/backend-SGTE/src/main/java/com/app/backend/services/documentos/impl/DocumentoAdjuntoServiceImpl.java:[39,60] cannot find symbol
  symbol:   method getIdSolicitud()
  location: variable dto of type com.app.backend.dtos.documentos.DocumentoAdjuntoDTO
[ERROR] /C:/Users/kacor/Desktop/backend-SGTE/src/main/java/com/app/backend/services/documentos/impl/DocumentoAdjuntoServiceImpl.java:[39,163] cannot find symbol
  symbol:   method getIdSolicitud()
  location: variable dto of type com.app.backend.dtos.documentos.DocumentoAdjuntoDTO
[ERROR] /C:/Users/kacor/Desktop/backend-SGTE/src/main/java/com/app/backend/services/documentos/impl/DocumentoAdjuntoServiceImpl.java:[40,35] cannot find symbol
  symbol:   method getNombreArchivo()
  location: variable dto of type com.app.backend.dtos.documentos.DocumentoAdjuntoDTO
[ERROR] /C:/Users/kacor/Desktop/backend-SGTE/src/main/java/com/app/backend/services/documentos/impl/DocumentoAdjuntoServiceImpl.java:[40,74] cannot find symbol
  symbol:   method getNombreOriginal()
  location: variable dto of type com.app.backend.dtos.documentos.DocumentoAdjuntoDTO
[ERROR] /C:/Users/kacor/Desktop/backend-SGTE/src/main/java/com/app/backend/services/documentos/impl/DocumentoAdjuntoServiceImpl.java:[40,111] cannot find symbol
  symbol:   method getRutaArchivo()
  location: variable dto of type com.app.backend.dtos.documentos.DocumentoAdjuntoDTO
[ERROR] /C:/Users/kacor/Desktop/backend-SGTE/src/main/java/com/app/backend/services/documentos/impl/DocumentoAdjuntoServiceImpl.java:[41,33] cannot find symbol
  symbol:   method getTamanoBytes()
  location: variable dto of type com.app.backend.dtos.documentos.DocumentoAdjuntoDTO
[ERROR] /C:/Users/kacor/Desktop/backend-SGTE/src/main/java/com/app/backend/services/documentos/impl/DocumentoAdjuntoServiceImpl.java:[41,64] cannot find symbol
  symbol:   method getTipoMime()
  location: variable dto of type com.app.backend.dtos.documentos.DocumentoAdjuntoDTO
[ERROR] /C:/Users/kacor/Desktop/backend-SGTE/src/main/java/com/app/backend/services/documentos/impl/DocumentoAdjuntoServiceImpl.java:[41,92] cannot find symbol
  symbol:   method getChecksum()
  location: variable dto of type com.app.backend.dtos.documentos.DocumentoAdjuntoDTO
[ERROR] /C:/Users/kacor/Desktop/backend-SGTE/src/main/java/com/app/backend/services/documentos/impl/DocumentoAdjuntoServiceImpl.java:[42,30] cannot find symbol
  symbol:   method getEsValido()
  location: variable dto of type com.app.backend.dtos.documentos.DocumentoAdjuntoDTO
[ERROR] /C:/Users/kacor/Desktop/backend-SGTE/src/main/java/com/app/backend/services/documentos/impl/DocumentoAdjuntoServiceImpl.java:[42,67] cannot find symbol
  symbol:   method getMensajeValidacion()
  location: variable dto of type com.app.backend.dtos.documentos.DocumentoAdjuntoDTO
[ERROR] /C:/Users/kacor/Desktop/backend-SGTE/src/main/java/com/app/backend/services/documentos/impl/DocumentoAdjuntoServiceImpl.java:[43,33] cannot find symbol
  symbol:   method getFechaSubida()
  location: variable dto of type com.app.backend.dtos.documentos.DocumentoAdjuntoDTO
[ERROR] /C:/Users/kacor/Desktop/backend-SGTE/src/main/java/com/app/backend/services/documentos/impl/DocumentoAdjuntoServiceImpl.java:[43,64] cannot find symbol
  symbol:   method getFechaSubida()
  location: variable dto of type com.app.backend.dtos.documentos.DocumentoAdjuntoDTO
[ERROR] /C:/Users/kacor/Desktop/backend-SGTE/src/main/java/com/app/backend/services/documentos/impl/DocumentoAdjuntoServiceImpl.java:[45,16] cannot find symbol
  symbol:   method getIdRequisito()
  location: variable dto of type com.app.backend.dtos.documentos.DocumentoAdjuntoDTO
[ERROR] /C:/Users/kacor/Desktop/backend-SGTE/src/main/java/com/app/backend/services/documentos/impl/DocumentoAdjuntoServiceImpl.java:[45,108] cannot find symbol
  symbol:   method getIdRequisito()
  location: variable dto of type com.app.backend.dtos.documentos.DocumentoAdjuntoDTO
[ERROR] /C:/Users/kacor/Desktop/backend-SGTE/src/main/java/com/app/backend/services/documentos/impl/DocumentoAdjuntoServiceImpl.java:[45,211] cannot find symbol
  symbol:   method getIdRequisito()
  location: variable dto of type com.app.backend.dtos.documentos.DocumentoAdjuntoDTO
[ERROR] /C:/Users/kacor/Desktop/backend-SGTE/src/main/java/com/app/backend/services/documentos/impl/DocumentoAdjuntoServiceImpl.java:[46,16] cannot find symbol
  symbol:   method getSubidoPorId()
  location: variable dto of type com.app.backend.dtos.documentos.DocumentoAdjuntoDTO
[ERROR] /C:/Users/kacor/Desktop/backend-SGTE/src/main/java/com/app/backend/services/documentos/impl/DocumentoAdjuntoServiceImpl.java:[46,88] cannot find symbol
  symbol:   method getSubidoPorId()
  location: variable dto of type com.app.backend.dtos.documentos.DocumentoAdjuntoDTO
[ERROR] /C:/Users/kacor/Desktop/backend-SGTE/src/main/java/com/app/backend/services/documentos/impl/DocumentoAdjuntoServiceImpl.java:[46,189] cannot find symbol
  symbol:   method getSubidoPorId()
  location: variable dto of type com.app.backend.dtos.documentos.DocumentoAdjuntoDTO
[ERROR] /C:/Users/kacor/Desktop/backend-SGTE/src/main/java/com/app/backend/services/documentos/impl/DocumentoAdjuntoServiceImpl.java:[54,35] cannot find symbol
  symbol:   method builder()
  location: class com.app.backend.dtos.documentos.DocumentoAdjuntoDTO
[ERROR] /C:/Users/kacor/Desktop/backend-SGTE/src/main/java/com/app/backend/services/documentos/impl/DocumentoAdjuntoServiceImpl.java:[54,59] cannot find symbol
  symbol:   method getIdDocumento()
  location: variable d of type com.app.backend.entities.documentos.DocumentoAdjunto
[ERROR] /C:/Users/kacor/Desktop/backend-SGTE/src/main/java/com/app/backend/services/documentos/impl/DocumentoAdjuntoServiceImpl.java:[54,91] cannot find symbol
  symbol:   method getSolicitud()
  location: variable d of type com.app.backend.entities.documentos.DocumentoAdjunto
[ERROR] /C:/Users/kacor/Desktop/backend-SGTE/src/main/java/com/app/backend/services/documentos/impl/DocumentoAdjuntoServiceImpl.java:[54,138] cannot find symbol
  symbol:   method getRequisitoPlantilla()
  location: variable d of type com.app.backend.entities.documentos.DocumentoAdjunto
[ERROR] /C:/Users/kacor/Desktop/backend-SGTE/src/main/java/com/app/backend/services/documentos/impl/DocumentoAdjuntoServiceImpl.java:[54,174] cannot find symbol
  symbol:   method getRequisitoPlantilla()
  location: variable d of type com.app.backend.entities.documentos.DocumentoAdjunto
[ERROR] /C:/Users/kacor/Desktop/backend-SGTE/src/main/java/com/app/backend/services/documentos/impl/DocumentoAdjuntoServiceImpl.java:[54,239] cannot find symbol
  symbol:   method getNombreArchivo()
  location: variable d of type com.app.backend.entities.documentos.DocumentoAdjunto
[ERROR] /C:/Users/kacor/Desktop/backend-SGTE/src/main/java/com/app/backend/services/documentos/impl/DocumentoAdjuntoServiceImpl.java:[54,276] cannot find symbol
  symbol:   method getNombreOriginal()
  location: variable d of type com.app.backend.entities.documentos.DocumentoAdjunto
[ERROR] /C:/Users/kacor/Desktop/backend-SGTE/src/main/java/com/app/backend/services/documentos/impl/DocumentoAdjuntoServiceImpl.java:[54,311] cannot find symbol
  symbol:   method getRutaArchivo()
  location: variable d of type com.app.backend.entities.documentos.DocumentoAdjunto
[ERROR] /C:/Users/kacor/Desktop/backend-SGTE/src/main/java/com/app/backend/services/documentos/impl/DocumentoAdjuntoServiceImpl.java:[54,343] cannot find symbol
  symbol:   method getTamanoBytes()
  location: variable d of type com.app.backend.entities.documentos.DocumentoAdjunto
[ERROR] /C:/Users/kacor/Desktop/backend-SGTE/src/main/java/com/app/backend/services/documentos/impl/DocumentoAdjuntoServiceImpl.java:[54,372] cannot find symbol
  symbol:   method getTipoMime()
  location: variable d of type com.app.backend.entities.documentos.DocumentoAdjunto
[ERROR] /C:/Users/kacor/Desktop/backend-SGTE/src/main/java/com/app/backend/services/documentos/impl/DocumentoAdjuntoServiceImpl.java:[54,398] cannot find symbol
  symbol:   method getChecksum()
  location: variable d of type com.app.backend.entities.documentos.DocumentoAdjunto
[ERROR] /C:/Users/kacor/Desktop/backend-SGTE/src/main/java/com/app/backend/services/documentos/impl/DocumentoAdjuntoServiceImpl.java:[54,424] cannot find symbol
  symbol:   method getEsValido()
  location: variable d of type com.app.backend.entities.documentos.DocumentoAdjunto
[ERROR] /C:/Users/kacor/Desktop/backend-SGTE/src/main/java/com/app/backend/services/documentos/impl/DocumentoAdjuntoServiceImpl.java:[54,459] cannot find symbol
  symbol:   method getMensajeValidacion()
  location: variable d of type com.app.backend.entities.documentos.DocumentoAdjunto
[ERROR] /C:/Users/kacor/Desktop/backend-SGTE/src/main/java/com/app/backend/services/documentos/impl/DocumentoAdjuntoServiceImpl.java:[54,497] cannot find symbol
  symbol:   method getSubidoPor()
  location: variable d of type com.app.backend.entities.documentos.DocumentoAdjunto
[ERROR] /C:/Users/kacor/Desktop/backend-SGTE/src/main/java/com/app/backend/services/documentos/impl/DocumentoAdjuntoServiceImpl.java:[54,524] cannot find symbol
  symbol:   method getSubidoPor()
  location: variable d of type com.app.backend.entities.documentos.DocumentoAdjunto
[ERROR] /C:/Users/kacor/Desktop/backend-SGTE/src/main/java/com/app/backend/services/documentos/impl/DocumentoAdjuntoServiceImpl.java:[54,576] cannot find symbol
  symbol:   method getFechaSubida()
  location: variable d of type com.app.backend.entities.documentos.DocumentoAdjunto
[ERROR] /C:/Users/kacor/Desktop/backend-SGTE/src/main/java/com/app/backend/services/documentos/impl/DocumentoGeneradoServiceImpl.java:[36,48] cannot find symbol
  symbol:   method builder()
  location: class com.app.backend.entities.documentos.DocumentoGenerado
[ERROR] /C:/Users/kacor/Desktop/backend-SGTE/src/main/java/com/app/backend/services/documentos/impl/DocumentoGeneradoServiceImpl.java:[37,60] cannot find symbol
  symbol:   method getIdSolicitud()
  location: variable dto of type com.app.backend.dtos.documentos.DocumentoGeneradoDTO
[ERROR] /C:/Users/kacor/Desktop/backend-SGTE/src/main/java/com/app/backend/services/documentos/impl/DocumentoGeneradoServiceImpl.java:[37,163] cannot find symbol
  symbol:   method getIdSolicitud()
  location: variable dto of type com.app.backend.dtos.documentos.DocumentoGeneradoDTO
[ERROR] /C:/Users/kacor/Desktop/backend-SGTE/src/main/java/com/app/backend/services/documentos/impl/DocumentoGeneradoServiceImpl.java:[38,35] cannot find symbol
  symbol:   method getTipoDocumento()
  location: variable dto of type com.app.backend.dtos.documentos.DocumentoGeneradoDTO
[ERROR] /C:/Users/kacor/Desktop/backend-SGTE/src/main/java/com/app/backend/services/documentos/impl/DocumentoGeneradoServiceImpl.java:[38,75] cannot find symbol
  symbol:   method getCodigoDocumento()
  location: variable dto of type com.app.backend.dtos.documentos.DocumentoGeneradoDTO
[ERROR] /C:/Users/kacor/Desktop/backend-SGTE/src/main/java/com/app/backend/services/documentos/impl/DocumentoGeneradoServiceImpl.java:[38,113] cannot find symbol
  symbol:   method getRutaArchivo()
  location: variable dto of type com.app.backend.dtos.documentos.DocumentoGeneradoDTO
[ERROR] /C:/Users/kacor/Desktop/backend-SGTE/src/main/java/com/app/backend/services/documentos/impl/DocumentoGeneradoServiceImpl.java:[39,36] cannot find symbol
  symbol:   method getPlantillaUsada()
  location: variable dto of type com.app.backend.dtos.documentos.DocumentoGeneradoDTO
[ERROR] /C:/Users/kacor/Desktop/backend-SGTE/src/main/java/com/app/backend/services/documentos/impl/DocumentoGeneradoServiceImpl.java:[39,74] cannot find symbol
  symbol:   method getFirmaDigital()
  location: variable dto of type com.app.backend.dtos.documentos.DocumentoGeneradoDTO
[ERROR] /C:/Users/kacor/Desktop/backend-SGTE/src/main/java/com/app/backend/services/documentos/impl/DocumentoGeneradoServiceImpl.java:[40,31] cannot find symbol
  symbol:   method getEsOficial()
  location: variable dto of type com.app.backend.dtos.documentos.DocumentoGeneradoDTO
[ERROR] /C:/Users/kacor/Desktop/backend-SGTE/src/main/java/com/app/backend/services/documentos/impl/DocumentoGeneradoServiceImpl.java:[40,60] cannot find symbol
  symbol:   method getEsOficial()
  location: variable dto of type com.app.backend.dtos.documentos.DocumentoGeneradoDTO
[ERROR] /C:/Users/kacor/Desktop/backend-SGTE/src/main/java/com/app/backend/services/documentos/impl/DocumentoGeneradoServiceImpl.java:[41,37] cannot find symbol
  symbol:   method getFechaGeneracion()
  location: variable dto of type com.app.backend.dtos.documentos.DocumentoGeneradoDTO
[ERROR] /C:/Users/kacor/Desktop/backend-SGTE/src/main/java/com/app/backend/services/documentos/impl/DocumentoGeneradoServiceImpl.java:[41,72] cannot find symbol
  symbol:   method getFechaGeneracion()
  location: variable dto of type com.app.backend.dtos.documentos.DocumentoGeneradoDTO
[ERROR] /C:/Users/kacor/Desktop/backend-SGTE/src/main/java/com/app/backend/services/documentos/impl/DocumentoGeneradoServiceImpl.java:[42,33] cannot find symbol
  symbol:   method getValidoHasta()
  location: variable dto of type com.app.backend.dtos.documentos.DocumentoGeneradoDTO
[ERROR] /C:/Users/kacor/Desktop/backend-SGTE/src/main/java/com/app/backend/services/documentos/impl/DocumentoGeneradoServiceImpl.java:[44,16] cannot find symbol
  symbol:   method getGeneradoPorId()
  location: variable dto of type com.app.backend.dtos.documentos.DocumentoGeneradoDTO
[ERROR] /C:/Users/kacor/Desktop/backend-SGTE/src/main/java/com/app/backend/services/documentos/impl/DocumentoGeneradoServiceImpl.java:[44,92] cannot find symbol
  symbol:   method getGeneradoPorId()
  location: variable dto of type com.app.backend.dtos.documentos.DocumentoGeneradoDTO
[ERROR] /C:/Users/kacor/Desktop/backend-SGTE/src/main/java/com/app/backend/services/documentos/impl/DocumentoGeneradoServiceImpl.java:[44,195] cannot find symbol
  symbol:   method getGeneradoPorId()
  location: variable dto of type com.app.backend.dtos.documentos.DocumentoGeneradoDTO
[ERROR] /C:/Users/kacor/Desktop/backend-SGTE/src/main/java/com/app/backend/services/documentos/impl/DocumentoGeneradoServiceImpl.java:[45,16] cannot find symbol
  symbol:   method getFirmadoPorId()
  location: variable dto of type com.app.backend.dtos.documentos.DocumentoGeneradoDTO
[ERROR] /C:/Users/kacor/Desktop/backend-SGTE/src/main/java/com/app/backend/services/documentos/impl/DocumentoGeneradoServiceImpl.java:[45,90] cannot find symbol
  symbol:   method getFirmadoPorId()
  location: variable dto of type com.app.backend.dtos.documentos.DocumentoGeneradoDTO
[ERROR] /C:/Users/kacor/Desktop/backend-SGTE/src/main/java/com/app/backend/services/documentos/impl/DocumentoGeneradoServiceImpl.java:[45,192] cannot find symbol
  symbol:   method getFirmadoPorId()
  location: variable dto of type com.app.backend.dtos.documentos.DocumentoGeneradoDTO
[ERROR] /C:/Users/kacor/Desktop/backend-SGTE/src/main/java/com/app/backend/services/documentos/impl/DocumentoGeneradoServiceImpl.java:[53,36] cannot find symbol
  symbol:   method builder()
  location: class com.app.backend.dtos.documentos.DocumentoGeneradoDTO
[ERROR] /C:/Users/kacor/Desktop/backend-SGTE/src/main/java/com/app/backend/services/documentos/impl/DocumentoGeneradoServiceImpl.java:[53,59] cannot find symbol
  symbol:   method getIdGenerado()
  location: variable d of type com.app.backend.entities.documentos.DocumentoGenerado
[ERROR] /C:/Users/kacor/Desktop/backend-SGTE/src/main/java/com/app/backend/services/documentos/impl/DocumentoGeneradoServiceImpl.java:[53,90] cannot find symbol
  symbol:   method getSolicitud()
  location: variable d of type com.app.backend.entities.documentos.DocumentoGenerado
[ERROR] /C:/Users/kacor/Desktop/backend-SGTE/src/main/java/com/app/backend/services/documentos/impl/DocumentoGeneradoServiceImpl.java:[53,139] cannot find symbol
  symbol:   method getTipoDocumento()
  location: variable d of type com.app.backend.entities.documentos.DocumentoGenerado
[ERROR] /C:/Users/kacor/Desktop/backend-SGTE/src/main/java/com/app/backend/services/documentos/impl/DocumentoGeneradoServiceImpl.java:[53,177] cannot find symbol
  symbol:   method getCodigoDocumento()
  location: variable d of type com.app.backend.entities.documentos.DocumentoGenerado
[ERROR] /C:/Users/kacor/Desktop/backend-SGTE/src/main/java/com/app/backend/services/documentos/impl/DocumentoGeneradoServiceImpl.java:[53,213] cannot find symbol
  symbol:   method getRutaArchivo()
  location: variable d of type com.app.backend.entities.documentos.DocumentoGenerado
[ERROR] /C:/Users/kacor/Desktop/backend-SGTE/src/main/java/com/app/backend/services/documentos/impl/DocumentoGeneradoServiceImpl.java:[53,248] cannot find symbol
  symbol:   method getPlantillaUsada()
  location: variable d of type com.app.backend.entities.documentos.DocumentoGenerado
[ERROR] /C:/Users/kacor/Desktop/backend-SGTE/src/main/java/com/app/backend/services/documentos/impl/DocumentoGeneradoServiceImpl.java:[53,285] cannot find symbol
  symbol:   method getGeneradoPor()
  location: variable d of type com.app.backend.entities.documentos.DocumentoGenerado
[ERROR] /C:/Users/kacor/Desktop/backend-SGTE/src/main/java/com/app/backend/services/documentos/impl/DocumentoGeneradoServiceImpl.java:[53,314] cannot find symbol
  symbol:   method getGeneradoPor()
  location: variable d of type com.app.backend.entities.documentos.DocumentoGenerado
[ERROR] /C:/Users/kacor/Desktop/backend-SGTE/src/main/java/com/app/backend/services/documentos/impl/DocumentoGeneradoServiceImpl.java:[53,369] cannot find symbol
  symbol:   method getFirmadoPor()
  location: variable d of type com.app.backend.entities.documentos.DocumentoGenerado
[ERROR] /C:/Users/kacor/Desktop/backend-SGTE/src/main/java/com/app/backend/services/documentos/impl/DocumentoGeneradoServiceImpl.java:[53,397] cannot find symbol
  symbol:   method getFirmadoPor()
  location: variable d of type com.app.backend.entities.documentos.DocumentoGenerado
[ERROR] /C:/Users/kacor/Desktop/backend-SGTE/src/main/java/com/app/backend/services/documentos/impl/DocumentoGeneradoServiceImpl.java:[53,451] cannot find symbol
  symbol:   method getFirmaDigital()
  location: variable d of type com.app.backend.entities.documentos.DocumentoGenerado
[ERROR] /C:/Users/kacor/Desktop/backend-SGTE/src/main/java/com/app/backend/services/documentos/impl/DocumentoGeneradoServiceImpl.java:[53,482] cannot find symbol
  symbol:   method getEsOficial()
  location: variable d of type com.app.backend.entities.documentos.DocumentoGenerado
[ERROR] /C:/Users/kacor/Desktop/backend-SGTE/src/main/java/com/app/backend/services/documentos/impl/DocumentoGeneradoServiceImpl.java:[53,516] cannot find symbol
  symbol:   method getFechaGeneracion()
  location: variable d of type com.app.backend.entities.documentos.DocumentoGenerado
[ERROR] /C:/Users/kacor/Desktop/backend-SGTE/src/main/java/com/app/backend/services/documentos/impl/DocumentoGeneradoServiceImpl.java:[53,552] cannot find symbol
  symbol:   method getValidoHasta()
  location: variable d of type com.app.backend.entities.documentos.DocumentoGenerado
[ERROR] /C:/Users/kacor/Desktop/backend-SGTE/src/main/java/com/app/backend/services/sistema/impl/AutenticacionServiceImpl.java:[40,17] cannot find symbol
  symbol:   variable log
  location: class com.app.backend.services.sistema.impl.AutenticacionServiceImpl
[ERROR] /C:/Users/kacor/Desktop/backend-SGTE/src/main/java/com/app/backend/services/sistema/impl/AutenticacionServiceImpl.java:[40,82] cannot find symbol
  symbol:   method getNombreUsuario()
  location: variable peticion of type com.app.backend.dtos.sistema.AutenticacionRequestDTO
[ERROR] /C:/Users/kacor/Desktop/backend-SGTE/src/main/java/com/app/backend/services/sistema/impl/AutenticacionServiceImpl.java:[44,62] cannot find symbol
  symbol:   method getNombreUsuario()
  location: variable peticion of type com.app.backend.dtos.sistema.AutenticacionRequestDTO
[ERROR] /C:/Users/kacor/Desktop/backend-SGTE/src/main/java/com/app/backend/services/sistema/impl/AutenticacionServiceImpl.java:[46,85] cannot find symbol
  symbol:   method getNombreUsuario()
  location: variable peticion of type com.app.backend.dtos.sistema.AutenticacionRequestDTO
[ERROR] /C:/Users/kacor/Desktop/backend-SGTE/src/main/java/com/app/backend/services/sistema/impl/AutenticacionServiceImpl.java:[49,32] cannot find symbol
  symbol:   method getHashContrasena()
  location: variable credencial of type com.app.backend.entities.sistema.Credencial
[ERROR] /C:/Users/kacor/Desktop/backend-SGTE/src/main/java/com/app/backend/services/sistema/impl/AutenticacionServiceImpl.java:[49,68] cannot find symbol
  symbol:   method getContrasena()
  location: variable peticion of type com.app.backend.dtos.sistema.AutenticacionRequestDTO
[ERROR] /C:/Users/kacor/Desktop/backend-SGTE/src/main/java/com/app/backend/services/sistema/impl/AutenticacionServiceImpl.java:[54,45] cannot find symbol
  symbol:   method getUsuario()
  location: variable credencial of type com.app.backend.entities.sistema.Credencial
[ERROR] /C:/Users/kacor/Desktop/backend-SGTE/src/main/java/com/app/backend/services/sistema/impl/AutenticacionServiceImpl.java:[55,68] cannot find symbol
  symbol:   method getEstado()
  location: variable usuario of type com.app.backend.entities.sistema.Usuario
[ERROR] /C:/Users/kacor/Desktop/backend-SGTE/src/main/java/com/app/backend/services/sistema/impl/AutenticacionServiceImpl.java:[60,40] cannot find symbol
  symbol:   method getRoles()
  location: variable usuario of type com.app.backend.entities.sistema.Usuario
[ERROR] /C:/Users/kacor/Desktop/backend-SGTE/src/main/java/com/app/backend/services/sistema/impl/AutenticacionServiceImpl.java:[61,42] cannot find symbol
  symbol:   method getRoles()
  location: variable usuario of type com.app.backend.entities.sistema.Usuario
[ERROR] /C:/Users/kacor/Desktop/backend-SGTE/src/main/java/com/app/backend/services/sistema/impl/AutenticacionServiceImpl.java:[63,62] cannot find symbol
  symbol:   method getIdRol()
  location: variable primerRol of type com.app.backend.entities.sistema.Rol
[ERROR] /C:/Users/kacor/Desktop/backend-SGTE/src/main/java/com/app/backend/services/sistema/impl/AutenticacionServiceImpl.java:[64,59] cannot find symbol
  symbol:   method getNombreRol()
  location: variable primerRol of type com.app.backend.entities.sistema.Rol
[ERROR] /C:/Users/kacor/Desktop/backend-SGTE/src/main/java/com/app/backend/services/sistema/impl/AutenticacionServiceImpl.java:[68,64] cannot find symbol
  symbol:   method getIdUsuario()
  location: variable usuario of type com.app.backend.entities.sistema.Usuario
[ERROR] /C:/Users/kacor/Desktop/backend-SGTE/src/main/java/com/app/backend/services/sistema/impl/AutenticacionServiceImpl.java:[71,64] cannot find symbol
  symbol:   method getIdUsuario()
  location: variable usuario of type com.app.backend.entities.sistema.Usuario
[ERROR] /C:/Users/kacor/Desktop/backend-SGTE/src/main/java/com/app/backend/services/sistema/impl/AutenticacionServiceImpl.java:[74,64] cannot find symbol
  symbol:   method getIdUsuario()
  location: variable usuario of type com.app.backend.entities.sistema.Usuario
[ERROR] /C:/Users/kacor/Desktop/backend-SGTE/src/main/java/com/app/backend/services/sistema/impl/AutenticacionServiceImpl.java:[79,53] cannot find symbol
  symbol:   method getCarrera()
  location: variable estudiante of type com.app.backend.entities.academico.Estudiante
[ERROR] /C:/Users/kacor/Desktop/backend-SGTE/src/main/java/com/app/backend/services/sistema/impl/AutenticacionServiceImpl.java:[80,47] cannot find symbol
  symbol:   method getCarrera()
  location: variable estudiante of type com.app.backend.entities.academico.Estudiante
[ERROR] /C:/Users/kacor/Desktop/backend-SGTE/src/main/java/com/app/backend/services/sistema/impl/AutenticacionServiceImpl.java:[81,45] cannot find symbol
  symbol:   method getCarrera()
  location: variable estudiante of type com.app.backend.entities.academico.Estudiante
[ERROR] /C:/Users/kacor/Desktop/backend-SGTE/src/main/java/com/app/backend/services/sistema/impl/AutenticacionServiceImpl.java:[82,62] cannot find symbol
  symbol:   method getCarrera()
  location: variable coordinador of type com.app.backend.entities.academico.Coordinador
[ERROR] /C:/Users/kacor/Desktop/backend-SGTE/src/main/java/com/app/backend/services/sistema/impl/AutenticacionServiceImpl.java:[83,48] cannot find symbol
  symbol:   method getCarrera()
  location: variable coordinador of type com.app.backend.entities.academico.Coordinador
[ERROR] /C:/Users/kacor/Desktop/backend-SGTE/src/main/java/com/app/backend/services/sistema/impl/AutenticacionServiceImpl.java:[84,46] cannot find symbol
  symbol:   method getCarrera()
  location: variable coordinador of type com.app.backend.entities.academico.Coordinador
[ERROR] /C:/Users/kacor/Desktop/backend-SGTE/src/main/java/com/app/backend/services/sistema/impl/AutenticacionServiceImpl.java:[87,62] cannot find symbol
  symbol:   method getFacultad()
  location: variable decano of type com.app.backend.entities.academico.Decano
[ERROR] /C:/Users/kacor/Desktop/backend-SGTE/src/main/java/com/app/backend/services/sistema/impl/AutenticacionServiceImpl.java:[88,41] cannot find symbol
  symbol:   method getFacultad()
  location: variable decano of type com.app.backend.entities.academico.Decano
[ERROR] /C:/Users/kacor/Desktop/backend-SGTE/src/main/java/com/app/backend/services/sistema/impl/AutenticacionServiceImpl.java:[90,59] cannot find symbol
  symbol:   method getFacultad()
  location: variable decano of type com.app.backend.entities.academico.Decano
[ERROR] /C:/Users/kacor/Desktop/backend-SGTE/src/main/java/com/app/backend/services/sistema/impl/AutenticacionServiceImpl.java:[91,41] cannot find symbol
  symbol:   method getFacultad()
  location: variable decano of type com.app.backend.entities.academico.Decano
[ERROR] /C:/Users/kacor/Desktop/backend-SGTE/src/main/java/com/app/backend/services/sistema/impl/AutenticacionServiceImpl.java:[95,54] cannot find symbol
  symbol:   method getIdUsuario()
  location: variable usuario of type com.app.backend.entities.sistema.Usuario
[ERROR] /C:/Users/kacor/Desktop/backend-SGTE/src/main/java/com/app/backend/services/sistema/impl/AutenticacionServiceImpl.java:[101,85] cannot find symbol
  symbol:   method getNombreUsuario()
  location: variable peticion of type com.app.backend.dtos.sistema.AutenticacionRequestDTO
[ERROR] /C:/Users/kacor/Desktop/backend-SGTE/src/main/java/com/app/backend/services/sistema/impl/AutenticacionServiceImpl.java:[103,17] cannot find symbol
  symbol:   variable log
  location: class com.app.backend.services.sistema.impl.AutenticacionServiceImpl
[ERROR] /C:/Users/kacor/Desktop/backend-SGTE/src/main/java/com/app/backend/services/sistema/impl/AutenticacionServiceImpl.java:[103,83] cannot find symbol
  symbol:   method getNombreUsuario()
  location: variable peticion of type com.app.backend.dtos.sistema.AutenticacionRequestDTO
[ERROR] /C:/Users/kacor/Desktop/backend-SGTE/src/main/java/com/app/backend/services/sistema/impl/AutenticacionServiceImpl.java:[105,49] cannot find symbol
  symbol:   method builder()
  location: class com.app.backend.dtos.sistema.AutenticacionRespuestaDTO
[ERROR] /C:/Users/kacor/Desktop/backend-SGTE/src/main/java/com/app/backend/services/sistema/impl/AutenticacionServiceImpl.java:[106,51] cannot find symbol
  symbol:   method getIdUsuario()
  location: variable usuario of type com.app.backend.entities.sistema.Usuario
[ERROR] /C:/Users/kacor/Desktop/backend-SGTE/src/main/java/com/app/backend/services/sistema/impl/AutenticacionServiceImpl.java:[108,49] cannot find symbol
  symbol:   method getNombres()
  location: variable usuario of type com.app.backend.entities.sistema.Usuario
[ERROR] /C:/Users/kacor/Desktop/backend-SGTE/src/main/java/com/app/backend/services/sistema/impl/AutenticacionServiceImpl.java:[109,51] cannot find symbol
  symbol:   method getApellidos()
  location: variable usuario of type com.app.backend.entities.sistema.Usuario
[ERROR] /C:/Users/kacor/Desktop/backend-SGTE/src/main/java/com/app/backend/services/sistema/impl/AutenticacionServiceImpl.java:[110,61] cannot find symbol
  symbol:   method getCorreoInstitucional()
  location: variable usuario of type com.app.backend.entities.sistema.Usuario
[ERROR] /C:/Users/kacor/Desktop/backend-SGTE/src/main/java/com/app/backend/services/sistema/impl/AutenticacionServiceImpl.java:[111,56] cannot find symbol
  symbol:   method getCorreoPersonal()
  location: variable usuario of type com.app.backend.entities.sistema.Usuario
[ERROR] /C:/Users/kacor/Desktop/backend-SGTE/src/main/java/com/app/backend/services/sistema/impl/AutenticacionServiceImpl.java:[112,50] cannot find symbol
  symbol:   method getTelefono()
  location: variable usuario of type com.app.backend.entities.sistema.Usuario
[ERROR] /C:/Users/kacor/Desktop/backend-SGTE/src/main/java/com/app/backend/services/sistema/impl/AutenticacionServiceImpl.java:[113,48] cannot find symbol
  symbol:   method getEstado()
  location: variable usuario of type com.app.backend.entities.sistema.Usuario
[ERROR] /C:/Users/kacor/Desktop/backend-SGTE/src/main/java/com/app/backend/services/sistema/impl/ConfiguracionUsuarioServiceImpl.java:[33,57] cannot find symbol
  symbol:   method getIdUsuario()
  location: variable dto of type com.app.backend.dtos.sistema.ConfiguracionUsuarioDTO
[ERROR] /C:/Users/kacor/Desktop/backend-SGTE/src/main/java/com/app/backend/services/sistema/impl/ConfiguracionUsuarioServiceImpl.java:[34,107] cannot find symbol
  symbol:   method getIdUsuario()
  location: variable dto of type com.app.backend.dtos.sistema.ConfiguracionUsuarioDTO
[ERROR] /C:/Users/kacor/Desktop/backend-SGTE/src/main/java/com/app/backend/services/sistema/impl/ConfiguracionUsuarioServiceImpl.java:[36,89] cannot find symbol
  symbol:   method getIdUsuario()
  location: variable dto of type com.app.backend.dtos.sistema.ConfiguracionUsuarioDTO
[ERROR] /C:/Users/kacor/Desktop/backend-SGTE/src/main/java/com/app/backend/services/sistema/impl/ConfiguracionUsuarioServiceImpl.java:[39,15] cannot find symbol
  symbol:   method setUsuario(com.app.backend.entities.sistema.Usuario)
  location: variable config of type com.app.backend.entities.sistema.ConfiguracionUsuario
[ERROR] /C:/Users/kacor/Desktop/backend-SGTE/src/main/java/com/app/backend/services/sistema/impl/ConfiguracionUsuarioServiceImpl.java:[40,37] cannot find symbol
  symbol:   method getRutaFotoPerfil()
  location: variable dto of type com.app.backend.dtos.sistema.ConfiguracionUsuarioDTO
[ERROR] /C:/Users/kacor/Desktop/backend-SGTE/src/main/java/com/app/backend/services/sistema/impl/ConfiguracionUsuarioServiceImpl.java:[41,41] cannot find symbol
  symbol:   method getRutaFirmaEscaneada()
  location: variable dto of type com.app.backend.dtos.sistema.ConfiguracionUsuarioDTO
[ERROR] /C:/Users/kacor/Desktop/backend-SGTE/src/main/java/com/app/backend/services/sistema/impl/ConfiguracionUsuarioServiceImpl.java:[42,35] cannot find symbol
  symbol:   method getNotificarSms()
  location: variable dto of type com.app.backend.dtos.sistema.ConfiguracionUsuarioDTO
[ERROR] /C:/Users/kacor/Desktop/backend-SGTE/src/main/java/com/app/backend/services/sistema/impl/ConfiguracionUsuarioServiceImpl.java:[43,37] cannot find symbol
  symbol:   method getNotificarEmail()
  location: variable dto of type com.app.backend.dtos.sistema.ConfiguracionUsuarioDTO
[ERROR] /C:/Users/kacor/Desktop/backend-SGTE/src/main/java/com/app/backend/services/sistema/impl/ConfiguracionUsuarioServiceImpl.java:[44,40] cannot find symbol
  symbol:   method getNotificarWhatsapp()
  location: variable dto of type com.app.backend.dtos.sistema.ConfiguracionUsuarioDTO
[ERROR] /C:/Users/kacor/Desktop/backend-SGTE/src/main/java/com/app/backend/services/sistema/impl/ConfiguracionUsuarioServiceImpl.java:[45,36] cannot find symbol
  symbol:   method getNotificarPush()
  location: variable dto of type com.app.backend.dtos.sistema.ConfiguracionUsuarioDTO
[ERROR] /C:/Users/kacor/Desktop/backend-SGTE/src/main/java/com/app/backend/services/sistema/impl/ConfiguracionUsuarioServiceImpl.java:[46,29] cannot find symbol
  symbol:   method getIdioma()
  location: variable dto of type com.app.backend.dtos.sistema.ConfiguracionUsuarioDTO
[ERROR] /C:/Users/kacor/Desktop/backend-SGTE/src/main/java/com/app/backend/services/sistema/impl/ConfiguracionUsuarioServiceImpl.java:[47,34] cannot find symbol
  symbol:   method getZonaHoraria()
  location: variable dto of type com.app.backend.dtos.sistema.ConfiguracionUsuarioDTO
[ERROR] /C:/Users/kacor/Desktop/backend-SGTE/src/main/java/com/app/backend/services/sistema/impl/ConfiguracionUsuarioServiceImpl.java:[53,39] cannot find symbol
  symbol:   method builder()
  location: class com.app.backend.dtos.sistema.ConfiguracionUsuarioDTO
[ERROR] /C:/Users/kacor/Desktop/backend-SGTE/src/main/java/com/app/backend/services/sistema/impl/ConfiguracionUsuarioServiceImpl.java:[54,35] cannot find symbol
  symbol:   method getIdConfiguracion()
  location: variable c of type com.app.backend.entities.sistema.ConfiguracionUsuario
[ERROR] /C:/Users/kacor/Desktop/backend-SGTE/src/main/java/com/app/backend/services/sistema/impl/ConfiguracionUsuarioServiceImpl.java:[55,29] cannot find symbol
  symbol:   method getUsuario()
  location: variable c of type com.app.backend.entities.sistema.ConfiguracionUsuario
[ERROR] /C:/Users/kacor/Desktop/backend-SGTE/src/main/java/com/app/backend/services/sistema/impl/ConfiguracionUsuarioServiceImpl.java:[56,34] cannot find symbol
  symbol:   method getRutaFotoPerfil()
  location: variable c of type com.app.backend.entities.sistema.ConfiguracionUsuario
[ERROR] /C:/Users/kacor/Desktop/backend-SGTE/src/main/java/com/app/backend/services/sistema/impl/ConfiguracionUsuarioServiceImpl.java:[57,38] cannot find symbol
  symbol:   method getRutaFirmaEscaneada()
  location: variable c of type com.app.backend.entities.sistema.ConfiguracionUsuario
[ERROR] /C:/Users/kacor/Desktop/backend-SGTE/src/main/java/com/app/backend/services/sistema/impl/ConfiguracionUsuarioServiceImpl.java:[58,32] cannot find symbol
  symbol:   method getNotificarSms()
  location: variable c of type com.app.backend.entities.sistema.ConfiguracionUsuario
[ERROR] /C:/Users/kacor/Desktop/backend-SGTE/src/main/java/com/app/backend/services/sistema/impl/ConfiguracionUsuarioServiceImpl.java:[59,34] cannot find symbol
  symbol:   method getNotificarEmail()
  location: variable c of type com.app.backend.entities.sistema.ConfiguracionUsuario
[ERROR] /C:/Users/kacor/Desktop/backend-SGTE/src/main/java/com/app/backend/services/sistema/impl/ConfiguracionUsuarioServiceImpl.java:[60,37] cannot find symbol
  symbol:   method getNotificarWhatsapp()
  location: variable c of type com.app.backend.entities.sistema.ConfiguracionUsuario
[ERROR] /C:/Users/kacor/Desktop/backend-SGTE/src/main/java/com/app/backend/services/sistema/impl/ConfiguracionUsuarioServiceImpl.java:[61,33] cannot find symbol
  symbol:   method getNotificarPush()
  location: variable c of type com.app.backend.entities.sistema.ConfiguracionUsuario
[ERROR] /C:/Users/kacor/Desktop/backend-SGTE/src/main/java/com/app/backend/services/sistema/impl/ConfiguracionUsuarioServiceImpl.java:[62,26] cannot find symbol
  symbol:   method getIdioma()
  location: variable c of type com.app.backend.entities.sistema.ConfiguracionUsuario
[ERROR] /C:/Users/kacor/Desktop/backend-SGTE/src/main/java/com/app/backend/services/sistema/impl/ConfiguracionUsuarioServiceImpl.java:[63,31] cannot find symbol
  symbol:   method getZonaHoraria()
  location: variable c of type com.app.backend.entities.sistema.ConfiguracionUsuario
[ERROR] /C:/Users/kacor/Desktop/backend-SGTE/src/main/java/com/app/backend/services/sistema/impl/CredencialServiceImpl.java:[33,57] cannot find symbol
  symbol:   method getIdUsuario()
  location: variable dto of type com.app.backend.dtos.sistema.CredencialDTO
[ERROR] /C:/Users/kacor/Desktop/backend-SGTE/src/main/java/com/app/backend/services/sistema/impl/CredencialServiceImpl.java:[34,107] cannot find symbol
  symbol:   method getIdUsuario()
  location: variable dto of type com.app.backend.dtos.sistema.CredencialDTO
[ERROR] /C:/Users/kacor/Desktop/backend-SGTE/src/main/java/com/app/backend/services/sistema/impl/CredencialServiceImpl.java:[36,80] cannot find symbol
  symbol:   method getIdUsuario()
  location: variable dto of type com.app.backend.dtos.sistema.CredencialDTO
[ERROR] /C:/Users/kacor/Desktop/backend-SGTE/src/main/java/com/app/backend/services/sistema/impl/CredencialServiceImpl.java:[39,19] cannot find symbol
  symbol:   method setUsuario(com.app.backend.entities.sistema.Usuario)
  location: variable credencial of type com.app.backend.entities.sistema.Credencial
[ERROR] /C:/Users/kacor/Desktop/backend-SGTE/src/main/java/com/app/backend/services/sistema/impl/CredencialServiceImpl.java:[40,41] cannot find symbol
  symbol:   method getHashContrasena()
  location: variable dto of type com.app.backend.dtos.sistema.CredencialDTO
[ERROR] /C:/Users/kacor/Desktop/backend-SGTE/src/main/java/com/app/backend/services/sistema/impl/CredencialServiceImpl.java:[41,19] cannot find symbol
  symbol:   method setEstado(dto.getEst[...] true)
  location: variable credencial of type com.app.backend.entities.sistema.Credencial
[ERROR] /C:/Users/kacor/Desktop/backend-SGTE/src/main/java/com/app/backend/services/sistema/impl/CredencialServiceImpl.java:[41,33] cannot find symbol
  symbol:   method getEstado()
  location: variable dto of type com.app.backend.dtos.sistema.CredencialDTO
[ERROR] /C:/Users/kacor/Desktop/backend-SGTE/src/main/java/com/app/backend/services/sistema/impl/CredencialServiceImpl.java:[41,59] cannot find symbol
  symbol:   method getEstado()
  location: variable dto of type com.app.backend.dtos.sistema.CredencialDTO
[ERROR] /C:/Users/kacor/Desktop/backend-SGTE/src/main/java/com/app/backend/services/sistema/impl/CredencialServiceImpl.java:[47,29] cannot find symbol
  symbol:   method builder()
  location: class com.app.backend.dtos.sistema.CredencialDTO
[ERROR] /C:/Users/kacor/Desktop/backend-SGTE/src/main/java/com/app/backend/services/sistema/impl/CredencialServiceImpl.java:[48,32] cannot find symbol
  symbol:   method getIdCredencial()
  location: variable c of type com.app.backend.entities.sistema.Credencial
[ERROR] /C:/Users/kacor/Desktop/backend-SGTE/src/main/java/com/app/backend/services/sistema/impl/CredencialServiceImpl.java:[49,29] cannot find symbol
  symbol:   method getUsuario()
  location: variable c of type com.app.backend.entities.sistema.Credencial
[ERROR] /C:/Users/kacor/Desktop/backend-SGTE/src/main/java/com/app/backend/services/sistema/impl/CredencialServiceImpl.java:[50,26] cannot find symbol
  symbol:   method getEstado()
  location: variable c of type com.app.backend.entities.sistema.Credencial
[ERROR] /C:/Users/kacor/Desktop/backend-SGTE/src/main/java/com/app/backend/services/sistema/impl/NotificacionServiceImpl.java:[54,72] cannot find symbol
  symbol:   method getIdTipo()
  location: variable dto of type com.app.backend.dtos.sistema.NotificacionDTO
[ERROR] /C:/Users/kacor/Desktop/backend-SGTE/src/main/java/com/app/backend/services/sistema/impl/NotificacionServiceImpl.java:[55,110] cannot find symbol
  symbol:   method getIdTipo()
  location: variable dto of type com.app.backend.dtos.sistema.NotificacionDTO
[ERROR] /C:/Users/kacor/Desktop/backend-SGTE/src/main/java/com/app/backend/services/sistema/impl/NotificacionServiceImpl.java:[56,57] cannot find symbol
  symbol:   method getIdUsuario()
  location: variable dto of type com.app.backend.dtos.sistema.NotificacionDTO
[ERROR] /C:/Users/kacor/Desktop/backend-SGTE/src/main/java/com/app/backend/services/sistema/impl/NotificacionServiceImpl.java:[57,100] cannot find symbol
  symbol:   method getIdUsuario()
  location: variable dto of type com.app.backend.dtos.sistema.NotificacionDTO
[ERROR] /C:/Users/kacor/Desktop/backend-SGTE/src/main/java/com/app/backend/services/sistema/impl/NotificacionServiceImpl.java:[59,49] cannot find symbol
  symbol:   method builder()
  location: class com.app.backend.entities.sistema.Notificacion
[ERROR] /C:/Users/kacor/Desktop/backend-SGTE/src/main/java/com/app/backend/services/sistema/impl/NotificacionServiceImpl.java:[62,28] cannot find symbol
  symbol:   method getTitulo()
  location: variable dto of type com.app.backend.dtos.sistema.NotificacionDTO
[ERROR] /C:/Users/kacor/Desktop/backend-SGTE/src/main/java/com/app/backend/services/sistema/impl/NotificacionServiceImpl.java:[63,29] cannot find symbol
  symbol:   method getMensaje()
  location: variable dto of type com.app.backend.dtos.sistema.NotificacionDTO
[ERROR] /C:/Users/kacor/Desktop/backend-SGTE/src/main/java/com/app/backend/services/sistema/impl/NotificacionServiceImpl.java:[64,27] cannot find symbol
  symbol:   method getCanal()
  location: variable dto of type com.app.backend.dtos.sistema.NotificacionDTO
[ERROR] /C:/Users/kacor/Desktop/backend-SGTE/src/main/java/com/app/backend/services/sistema/impl/NotificacionServiceImpl.java:[67,36] cannot find symbol
  symbol:   method getProgramadaPara()
  location: variable dto of type com.app.backend.dtos.sistema.NotificacionDTO
[ERROR] /C:/Users/kacor/Desktop/backend-SGTE/src/main/java/com/app/backend/services/sistema/impl/NotificacionServiceImpl.java:[70,16] cannot find symbol
  symbol:   method getIdSolicitud()
  location: variable dto of type com.app.backend.dtos.sistema.NotificacionDTO
[ERROR] /C:/Users/kacor/Desktop/backend-SGTE/src/main/java/com/app/backend/services/sistema/impl/NotificacionServiceImpl.java:[71,67] cannot find symbol
  symbol:   method getIdSolicitud()
  location: variable dto of type com.app.backend.dtos.sistema.NotificacionDTO
[ERROR] /C:/Users/kacor/Desktop/backend-SGTE/src/main/java/com/app/backend/services/sistema/impl/NotificacionServiceImpl.java:[72,106] cannot find symbol
  symbol:   method getIdSolicitud()
  location: variable dto of type com.app.backend.dtos.sistema.NotificacionDTO
[ERROR] /C:/Users/kacor/Desktop/backend-SGTE/src/main/java/com/app/backend/services/sistema/impl/NotificacionServiceImpl.java:[73,25] cannot find symbol
  symbol:   method setSolicitud(com.app.backend.entities.tramites.Solicitud)
  location: variable notificacion of type com.app.backend.entities.sistema.Notificacion
[ERROR] /C:/Users/kacor/Desktop/backend-SGTE/src/main/java/com/app/backend/services/sistema/impl/NotificacionServiceImpl.java:[83,21] cannot find symbol
  symbol:   method setEstaLeida(boolean)
  location: variable notificacion of type com.app.backend.entities.sistema.Notificacion
[ERROR] /C:/Users/kacor/Desktop/backend-SGTE/src/main/java/com/app/backend/services/sistema/impl/NotificacionServiceImpl.java:[84,21] cannot find symbol
  symbol:   method setFechaLectura(java.time.LocalDateTime)
  location: variable notificacion of type com.app.backend.entities.sistema.Notificacion
[ERROR] /C:/Users/kacor/Desktop/backend-SGTE/src/main/java/com/app/backend/services/sistema/impl/NotificacionServiceImpl.java:[89,31] cannot find symbol
  symbol:   method builder()
  location: class com.app.backend.dtos.sistema.NotificacionDTO
[ERROR] /C:/Users/kacor/Desktop/backend-SGTE/src/main/java/com/app/backend/services/sistema/impl/NotificacionServiceImpl.java:[90,34] cannot find symbol
  symbol:   method getIdNotificacion()
  location: variable n of type com.app.backend.entities.sistema.Notificacion
[ERROR] /C:/Users/kacor/Desktop/backend-SGTE/src/main/java/com/app/backend/services/sistema/impl/NotificacionServiceImpl.java:[91,26] cannot find symbol
  symbol:   method getTipoNotificacion()
  location: variable n of type com.app.backend.entities.sistema.Notificacion
[ERROR] /C:/Users/kacor/Desktop/backend-SGTE/src/main/java/com/app/backend/services/sistema/impl/NotificacionServiceImpl.java:[92,29] cannot find symbol
  symbol:   method getUsuario()
  location: variable n of type com.app.backend.entities.sistema.Notificacion
[ERROR] /C:/Users/kacor/Desktop/backend-SGTE/src/main/java/com/app/backend/services/sistema/impl/NotificacionServiceImpl.java:[93,31] cannot find symbol
  symbol:   method getSolicitud()
  location: variable n of type com.app.backend.entities.sistema.Notificacion
[ERROR] /C:/Users/kacor/Desktop/backend-SGTE/src/main/java/com/app/backend/services/sistema/impl/NotificacionServiceImpl.java:[93,58] cannot find symbol
  symbol:   method getSolicitud()
  location: variable n of type com.app.backend.entities.sistema.Notificacion
[ERROR] /C:/Users/kacor/Desktop/backend-SGTE/src/main/java/com/app/backend/services/sistema/impl/NotificacionServiceImpl.java:[94,26] cannot find symbol
  symbol:   method getTitulo()
  location: variable n of type com.app.backend.entities.sistema.Notificacion
[ERROR] /C:/Users/kacor/Desktop/backend-SGTE/src/main/java/com/app/backend/services/sistema/impl/NotificacionServiceImpl.java:[95,27] cannot find symbol
  symbol:   method getMensaje()
  location: variable n of type com.app.backend.entities.sistema.Notificacion
[ERROR] /C:/Users/kacor/Desktop/backend-SGTE/src/main/java/com/app/backend/services/sistema/impl/NotificacionServiceImpl.java:[96,25] cannot find symbol
  symbol:   method getCanal()
  location: variable n of type com.app.backend.entities.sistema.Notificacion
[ERROR] /C:/Users/kacor/Desktop/backend-SGTE/src/main/java/com/app/backend/services/sistema/impl/NotificacionServiceImpl.java:[97,29] cannot find symbol
  symbol:   method getEstaLeida()
  location: variable n of type com.app.backend.entities.sistema.Notificacion
[ERROR] /C:/Users/kacor/Desktop/backend-SGTE/src/main/java/com/app/backend/services/sistema/impl/NotificacionServiceImpl.java:[98,32] cannot find symbol
  symbol:   method getFechaLectura()
  location: variable n of type com.app.backend.entities.sistema.Notificacion
[ERROR] /C:/Users/kacor/Desktop/backend-SGTE/src/main/java/com/app/backend/services/sistema/impl/NotificacionServiceImpl.java:[99,31] cannot find symbol
  symbol:   method getEstaEnviada()
  location: variable n of type com.app.backend.entities.sistema.Notificacion
[ERROR] /C:/Users/kacor/Desktop/backend-SGTE/src/main/java/com/app/backend/services/sistema/impl/NotificacionServiceImpl.java:[100,30] cannot find symbol
  symbol:   method getFechaEnvio()
  location: variable n of type com.app.backend.entities.sistema.Notificacion
[ERROR] /C:/Users/kacor/Desktop/backend-SGTE/src/main/java/com/app/backend/services/sistema/impl/NotificacionServiceImpl.java:[101,30] cannot find symbol
  symbol:   method getErrorEnvio()
  location: variable n of type com.app.backend.entities.sistema.Notificacion
[ERROR] /C:/Users/kacor/Desktop/backend-SGTE/src/main/java/com/app/backend/services/sistema/impl/NotificacionServiceImpl.java:[102,34] cannot find symbol
  symbol:   method getProgramadaPara()
  location: variable n of type com.app.backend.entities.sistema.Notificacion
[ERROR] /C:/Users/kacor/Desktop/backend-SGTE/src/main/java/com/app/backend/services/sistema/impl/PanelEstudianteServiceImpl.java:[41,32] cannot find symbol
  symbol:   method getEstadoActual()
  location: variable s of type com.app.backend.entities.tramites.Solicitud
[ERROR] /C:/Users/kacor/Desktop/backend-SGTE/src/main/java/com/app/backend/services/sistema/impl/PanelEstudianteServiceImpl.java:[42,27] cannot find symbol
  symbol:   method getEstadoActual()
  location: variable s of type com.app.backend.entities.tramites.Solicitud
[ERROR] /C:/Users/kacor/Desktop/backend-SGTE/src/main/java/com/app/backend/services/sistema/impl/PanelEstudianteServiceImpl.java:[43,27] cannot find symbol
  symbol:   method getEstadoActual()
  location: variable s of type com.app.backend.entities.tramites.Solicitud
[ERROR] /C:/Users/kacor/Desktop/backend-SGTE/src/main/java/com/app/backend/services/sistema/impl/PanelEstudianteServiceImpl.java:[47,39] cannot find symbol
  symbol:   method getIdSolicitud()
  location: variable s2 of type com.app.backend.entities.tramites.Solicitud
[ERROR] /C:/Users/kacor/Desktop/backend-SGTE/src/main/java/com/app/backend/services/sistema/impl/PanelEstudianteServiceImpl.java:[47,69] cannot find symbol
  symbol:   method getIdSolicitud()
  location: variable s1 of type com.app.backend.entities.tramites.Solicitud
[ERROR] /C:/Users/kacor/Desktop/backend-SGTE/src/main/java/com/app/backend/services/sistema/impl/PanelEstudianteServiceImpl.java:[55,39] cannot find symbol
  symbol:   method getIdNotificacion()
  location: variable n2 of type com.app.backend.entities.sistema.Notificacion
[ERROR] /C:/Users/kacor/Desktop/backend-SGTE/src/main/java/com/app/backend/services/sistema/impl/PanelEstudianteServiceImpl.java:[55,72] cannot find symbol
  symbol:   method getIdNotificacion()
  location: variable n1 of type com.app.backend.entities.sistema.Notificacion
[ERROR] /C:/Users/kacor/Desktop/backend-SGTE/src/main/java/com/app/backend/services/sistema/impl/PanelEstudianteServiceImpl.java:[61,42] cannot find symbol
  symbol:   method getNombres()
  location: variable usuario of type com.app.backend.entities.sistema.Usuario
[ERROR] /C:/Users/kacor/Desktop/backend-SGTE/src/main/java/com/app/backend/services/sistema/impl/PanelEstudianteServiceImpl.java:[61,71] cannot find symbol
  symbol:   method getApellidos()
  location: variable usuario of type com.app.backend.entities.sistema.Usuario
[ERROR] /C:/Users/kacor/Desktop/backend-SGTE/src/main/java/com/app/backend/services/sistema/impl/PanelEstudianteServiceImpl.java:[60,34] cannot find symbol
  symbol:   method builder()
  location: class com.app.backend.dtos.sistema.PanelEstudianteDTO
[ERROR] /C:/Users/kacor/Desktop/backend-SGTE/src/main/java/com/app/backend/services/sistema/impl/PanelEstudianteServiceImpl.java:[70,36] cannot find symbol
  symbol:   method builder()
  location: class com.app.backend.dtos.tramites.response.SolicitudResponseDTO
[ERROR] /C:/Users/kacor/Desktop/backend-SGTE/src/main/java/com/app/backend/services/sistema/impl/PanelEstudianteServiceImpl.java:[71,31] cannot find symbol
  symbol:   method getIdSolicitud()
  location: variable s of type com.app.backend.entities.tramites.Solicitud
[ERROR] /C:/Users/kacor/Desktop/backend-SGTE/src/main/java/com/app/backend/services/sistema/impl/PanelEstudianteServiceImpl.java:[72,35] cannot find symbol
  symbol:   method getCodigoSolicitud()
  location: variable s of type com.app.backend.entities.tramites.Solicitud
[ERROR] /C:/Users/kacor/Desktop/backend-SGTE/src/main/java/com/app/backend/services/sistema/impl/PanelEstudianteServiceImpl.java:[73,31] cannot find symbol
  symbol:   method getPlantilla()
  location: variable s of type com.app.backend.entities.tramites.Solicitud
[ERROR] /C:/Users/kacor/Desktop/backend-SGTE/src/main/java/com/app/backend/services/sistema/impl/PanelEstudianteServiceImpl.java:[74,29] cannot find symbol
  symbol:   method getUsuario()
  location: variable s of type com.app.backend.entities.tramites.Solicitud
[ERROR] /C:/Users/kacor/Desktop/backend-SGTE/src/main/java/com/app/backend/services/sistema/impl/PanelEstudianteServiceImpl.java:[75,29] cannot find symbol
  symbol:   method getCarrera()
  location: variable s of type com.app.backend.entities.tramites.Solicitud
[ERROR] /C:/Users/kacor/Desktop/backend-SGTE/src/main/java/com/app/backend/services/sistema/impl/PanelEstudianteServiceImpl.java:[75,54] cannot find symbol
  symbol:   method getCarrera()
  location: variable s of type com.app.backend.entities.tramites.Solicitud
[ERROR] /C:/Users/kacor/Desktop/backend-SGTE/src/main/java/com/app/backend/services/sistema/impl/PanelEstudianteServiceImpl.java:[76,29] cannot find symbol
  symbol:   method getPrioridad()
  location: variable s of type com.app.backend.entities.tramites.Solicitud
[ERROR] /C:/Users/kacor/Desktop/backend-SGTE/src/main/java/com/app/backend/services/sistema/impl/PanelEstudianteServiceImpl.java:[77,32] cannot find symbol
  symbol:   method getEstadoActual()
  location: variable s of type com.app.backend.entities.tramites.Solicitud
[ERROR] /C:/Users/kacor/Desktop/backend-SGTE/src/main/java/com/app/backend/services/sistema/impl/PanelEstudianteServiceImpl.java:[78,36] cannot find symbol
  symbol:   method getFechaEstimadaFin()
  location: variable s of type com.app.backend.entities.tramites.Solicitud
[ERROR] /C:/Users/kacor/Desktop/backend-SGTE/src/main/java/com/app/backend/services/sistema/impl/PanelEstudianteServiceImpl.java:[83,31] cannot find symbol
  symbol:   method builder()
  location: class com.app.backend.dtos.sistema.NotificacionDTO
[ERROR] /C:/Users/kacor/Desktop/backend-SGTE/src/main/java/com/app/backend/services/sistema/impl/PanelEstudianteServiceImpl.java:[84,34] cannot find symbol
  symbol:   method getIdNotificacion()
  location: variable n of type com.app.backend.entities.sistema.Notificacion
[ERROR] /C:/Users/kacor/Desktop/backend-SGTE/src/main/java/com/app/backend/services/sistema/impl/PanelEstudianteServiceImpl.java:[85,26] cannot find symbol
  symbol:   method getTipoNotificacion()
  location: variable n of type com.app.backend.entities.sistema.Notificacion
[ERROR] /C:/Users/kacor/Desktop/backend-SGTE/src/main/java/com/app/backend/services/sistema/impl/PanelEstudianteServiceImpl.java:[86,29] cannot find symbol
  symbol:   method getUsuario()
  location: variable n of type com.app.backend.entities.sistema.Notificacion
[ERROR] /C:/Users/kacor/Desktop/backend-SGTE/src/main/java/com/app/backend/services/sistema/impl/PanelEstudianteServiceImpl.java:[87,31] cannot find symbol
  symbol:   method getSolicitud()
  location: variable n of type com.app.backend.entities.sistema.Notificacion
[ERROR] /C:/Users/kacor/Desktop/backend-SGTE/src/main/java/com/app/backend/services/sistema/impl/PanelEstudianteServiceImpl.java:[87,58] cannot find symbol
  symbol:   method getSolicitud()
  location: variable n of type com.app.backend.entities.sistema.Notificacion
[ERROR] /C:/Users/kacor/Desktop/backend-SGTE/src/main/java/com/app/backend/services/sistema/impl/PanelEstudianteServiceImpl.java:[88,26] cannot find symbol
  symbol:   method getTitulo()
  location: variable n of type com.app.backend.entities.sistema.Notificacion
[ERROR] /C:/Users/kacor/Desktop/backend-SGTE/src/main/java/com/app/backend/services/sistema/impl/PanelEstudianteServiceImpl.java:[89,27] cannot find symbol
  symbol:   method getMensaje()
  location: variable n of type com.app.backend.entities.sistema.Notificacion
[ERROR] /C:/Users/kacor/Desktop/backend-SGTE/src/main/java/com/app/backend/services/sistema/impl/PanelEstudianteServiceImpl.java:[90,29] cannot find symbol
  symbol:   method getEstaLeida()
  location: variable n of type com.app.backend.entities.sistema.Notificacion
[ERROR] /C:/Users/kacor/Desktop/backend-SGTE/src/main/java/com/app/backend/services/sistema/impl/RegistroUsuarioServiceImpl.java:[42,9] cannot find symbol
  symbol:   variable log
  location: class com.app.backend.services.sistema.impl.RegistroUsuarioServiceImpl
[ERROR] /C:/Users/kacor/Desktop/backend-SGTE/src/main/java/com/app/backend/services/sistema/impl/RegistroUsuarioServiceImpl.java:[42,78] cannot find symbol
  symbol:   method getCedula()
  location: variable dto of type com.app.backend.dtos.sistema.RegistroUsuarioDTO
[ERROR] /C:/Users/kacor/Desktop/backend-SGTE/src/main/java/com/app/backend/services/sistema/impl/RegistroUsuarioServiceImpl.java:[42,95] cannot find symbol
  symbol:   method getRol()
  location: variable dto of type com.app.backend.dtos.sistema.RegistroUsuarioDTO
[ERROR] /C:/Users/kacor/Desktop/backend-SGTE/src/main/java/com/app/backend/services/sistema/impl/RegistroUsuarioServiceImpl.java:[44,16] cannot find symbol
  symbol:   method getCedula()
  location: variable dto of type com.app.backend.dtos.sistema.RegistroUsuarioDTO
[ERROR] /C:/Users/kacor/Desktop/backend-SGTE/src/main/java/com/app/backend/services/sistema/impl/RegistroUsuarioServiceImpl.java:[44,43] cannot find symbol
  symbol:   method getCedula()
  location: variable dto of type com.app.backend.dtos.sistema.RegistroUsuarioDTO
[ERROR] /C:/Users/kacor/Desktop/backend-SGTE/src/main/java/com/app/backend/services/sistema/impl/RegistroUsuarioServiceImpl.java:[47,16] cannot find symbol
  symbol:   method getNombres()
  location: variable dto of type com.app.backend.dtos.sistema.RegistroUsuarioDTO
[ERROR] /C:/Users/kacor/Desktop/backend-SGTE/src/main/java/com/app/backend/services/sistema/impl/RegistroUsuarioServiceImpl.java:[47,44] cannot find symbol
  symbol:   method getNombres()
  location: variable dto of type com.app.backend.dtos.sistema.RegistroUsuarioDTO
[ERROR] /C:/Users/kacor/Desktop/backend-SGTE/src/main/java/com/app/backend/services/sistema/impl/RegistroUsuarioServiceImpl.java:[50,16] cannot find symbol
  symbol:   method getApellidos()
  location: variable dto of type com.app.backend.dtos.sistema.RegistroUsuarioDTO
[ERROR] /C:/Users/kacor/Desktop/backend-SGTE/src/main/java/com/app/backend/services/sistema/impl/RegistroUsuarioServiceImpl.java:[50,46] cannot find symbol
  symbol:   method getApellidos()
  location: variable dto of type com.app.backend.dtos.sistema.RegistroUsuarioDTO
[ERROR] /C:/Users/kacor/Desktop/backend-SGTE/src/main/java/com/app/backend/services/sistema/impl/RegistroUsuarioServiceImpl.java:[53,16] cannot find symbol
  symbol:   method getCorreoInstitucional()
  location: variable dto of type com.app.backend.dtos.sistema.RegistroUsuarioDTO
[ERROR] /C:/Users/kacor/Desktop/backend-SGTE/src/main/java/com/app/backend/services/sistema/impl/RegistroUsuarioServiceImpl.java:[53,56] cannot find symbol
  symbol:   method getCorreoInstitucional()
  location: variable dto of type com.app.backend.dtos.sistema.RegistroUsuarioDTO
[ERROR] /C:/Users/kacor/Desktop/backend-SGTE/src/main/java/com/app/backend/services/sistema/impl/RegistroUsuarioServiceImpl.java:[57,26] cannot find symbol
  symbol:   method getCedula()
  location: variable dto of type com.app.backend.dtos.sistema.RegistroUsuarioDTO
[ERROR] /C:/Users/kacor/Desktop/backend-SGTE/src/main/java/com/app/backend/services/sistema/impl/RegistroUsuarioServiceImpl.java:[58,27] cannot find symbol
  symbol:   method getNombres()
  location: variable dto of type com.app.backend.dtos.sistema.RegistroUsuarioDTO
[ERROR] /C:/Users/kacor/Desktop/backend-SGTE/src/main/java/com/app/backend/services/sistema/impl/RegistroUsuarioServiceImpl.java:[59,29] cannot find symbol
  symbol:   method getApellidos()
  location: variable dto of type com.app.backend.dtos.sistema.RegistroUsuarioDTO
[ERROR] /C:/Users/kacor/Desktop/backend-SGTE/src/main/java/com/app/backend/services/sistema/impl/RegistroUsuarioServiceImpl.java:[60,39] cannot find symbol
  symbol:   method getCorreoInstitucional()
  location: variable dto of type com.app.backend.dtos.sistema.RegistroUsuarioDTO
[ERROR] /C:/Users/kacor/Desktop/backend-SGTE/src/main/java/com/app/backend/services/sistema/impl/RegistroUsuarioServiceImpl.java:[63,49] cannot find symbol
  symbol:   method getCedula()
  location: variable dto of type com.app.backend.dtos.sistema.RegistroUsuarioDTO
[ERROR] /C:/Users/kacor/Desktop/backend-SGTE/src/main/java/com/app/backend/services/sistema/impl/RegistroUsuarioServiceImpl.java:[64,103] cannot find symbol
  symbol:   method getCedula()
  location: variable dto of type com.app.backend.dtos.sistema.RegistroUsuarioDTO
[ERROR] /C:/Users/kacor/Desktop/backend-SGTE/src/main/java/com/app/backend/services/sistema/impl/RegistroUsuarioServiceImpl.java:[66,62] cannot find symbol
  symbol:   method getCorreoInstitucional()
  location: variable dto of type com.app.backend.dtos.sistema.RegistroUsuarioDTO
[ERROR] /C:/Users/kacor/Desktop/backend-SGTE/src/main/java/com/app/backend/services/sistema/impl/RegistroUsuarioServiceImpl.java:[68,76] cannot find symbol
  symbol:   method getCorreoInstitucional()
  location: variable dto of type com.app.backend.dtos.sistema.RegistroUsuarioDTO
[ERROR] /C:/Users/kacor/Desktop/backend-SGTE/src/main/java/com/app/backend/services/sistema/impl/RegistroUsuarioServiceImpl.java:[73,16] cannot find symbol
  symbol:   method getCodigoCarrera()
  location: variable dto of type com.app.backend.dtos.sistema.RegistroUsuarioDTO
[ERROR] /C:/Users/kacor/Desktop/backend-SGTE/src/main/java/com/app/backend/services/sistema/impl/RegistroUsuarioServiceImpl.java:[74,64] cannot find symbol
  symbol:   method getCodigoCarrera()
  location: variable dto of type com.app.backend.dtos.sistema.RegistroUsuarioDTO
[ERROR] /C:/Users/kacor/Desktop/backend-SGTE/src/main/java/com/app/backend/services/sistema/impl/RegistroUsuarioServiceImpl.java:[76,71] cannot find symbol
  symbol:   method getCodigoCarrera()
  location: variable dto of type com.app.backend.dtos.sistema.RegistroUsuarioDTO
[ERROR] /C:/Users/kacor/Desktop/backend-SGTE/src/main/java/com/app/backend/services/sistema/impl/RegistroUsuarioServiceImpl.java:[81,16] cannot find symbol
  symbol:   method getCodigoPeriodo()
  location: variable dto of type com.app.backend.dtos.sistema.RegistroUsuarioDTO
[ERROR] /C:/Users/kacor/Desktop/backend-SGTE/src/main/java/com/app/backend/services/sistema/impl/RegistroUsuarioServiceImpl.java:[82,64] cannot find symbol
  symbol:   method getCodigoPeriodo()
  location: variable dto of type com.app.backend.dtos.sistema.RegistroUsuarioDTO
[ERROR] /C:/Users/kacor/Desktop/backend-SGTE/src/main/java/com/app/backend/services/sistema/impl/RegistroUsuarioServiceImpl.java:[84,71] cannot find symbol
  symbol:   method getCodigoPeriodo()
  location: variable dto of type com.app.backend.dtos.sistema.RegistroUsuarioDTO
[ERROR] /C:/Users/kacor/Desktop/backend-SGTE/src/main/java/com/app/backend/services/sistema/impl/RegistroUsuarioServiceImpl.java:[89,16] cannot find symbol
  symbol:   method getRol()
  location: variable dto of type com.app.backend.dtos.sistema.RegistroUsuarioDTO
[ERROR] /C:/Users/kacor/Desktop/backend-SGTE/src/main/java/com/app/backend/services/sistema/impl/RegistroUsuarioServiceImpl.java:[90,52] cannot find symbol
  symbol:   method getRol()
  location: variable dto of type com.app.backend.dtos.sistema.RegistroUsuarioDTO
[ERROR] /C:/Users/kacor/Desktop/backend-SGTE/src/main/java/com/app/backend/services/sistema/impl/RegistroUsuarioServiceImpl.java:[92,67] cannot find symbol
  symbol:   method getRol()
  location: variable dto of type com.app.backend.dtos.sistema.RegistroUsuarioDTO
[ERROR] /C:/Users/kacor/Desktop/backend-SGTE/src/main/java/com/app/backend/services/sistema/impl/RegistroUsuarioServiceImpl.java:[96,34] cannot find symbol
  symbol:   method builder()
  location: class com.app.backend.entities.sistema.Usuario
[ERROR] /C:/Users/kacor/Desktop/backend-SGTE/src/main/java/com/app/backend/services/sistema/impl/RegistroUsuarioServiceImpl.java:[97,28] cannot find symbol
  symbol:   method getCedula()
  location: variable dto of type com.app.backend.dtos.sistema.RegistroUsuarioDTO
[ERROR] /C:/Users/kacor/Desktop/backend-SGTE/src/main/java/com/app/backend/services/sistema/impl/RegistroUsuarioServiceImpl.java:[98,29] cannot find symbol
  symbol:   method getNombres()
  location: variable dto of type com.app.backend.dtos.sistema.RegistroUsuarioDTO
[ERROR] /C:/Users/kacor/Desktop/backend-SGTE/src/main/java/com/app/backend/services/sistema/impl/RegistroUsuarioServiceImpl.java:[99,31] cannot find symbol
  symbol:   method getApellidos()
  location: variable dto of type com.app.backend.dtos.sistema.RegistroUsuarioDTO
[ERROR] /C:/Users/kacor/Desktop/backend-SGTE/src/main/java/com/app/backend/services/sistema/impl/RegistroUsuarioServiceImpl.java:[100,36] cannot find symbol
  symbol:   method getCorreoPersonal()
  location: variable dto of type com.app.backend.dtos.sistema.RegistroUsuarioDTO
[ERROR] /C:/Users/kacor/Desktop/backend-SGTE/src/main/java/com/app/backend/services/sistema/impl/RegistroUsuarioServiceImpl.java:[101,41] cannot find symbol
  symbol:   method getCorreoInstitucional()
  location: variable dto of type com.app.backend.dtos.sistema.RegistroUsuarioDTO
[ERROR] /C:/Users/kacor/Desktop/backend-SGTE/src/main/java/com/app/backend/services/sistema/impl/RegistroUsuarioServiceImpl.java:[102,30] cannot find symbol
  symbol:   method getTelefono()
  location: variable dto of type com.app.backend.dtos.sistema.RegistroUsuarioDTO
[ERROR] /C:/Users/kacor/Desktop/backend-SGTE/src/main/java/com/app/backend/services/sistema/impl/RegistroUsuarioServiceImpl.java:[103,37] cannot find symbol
  symbol:   method getFechaNacimiento()
  location: variable dto of type com.app.backend.dtos.sistema.RegistroUsuarioDTO
[ERROR] /C:/Users/kacor/Desktop/backend-SGTE/src/main/java/com/app/backend/services/sistema/impl/RegistroUsuarioServiceImpl.java:[104,28] cannot find symbol
  symbol:   method getGenero()
  location: variable dto of type com.app.backend.dtos.sistema.RegistroUsuarioDTO
[ERROR] /C:/Users/kacor/Desktop/backend-SGTE/src/main/java/com/app/backend/services/sistema/impl/RegistroUsuarioServiceImpl.java:[105,31] cannot find symbol
  symbol:   method getDireccion()
  location: variable dto of type com.app.backend.dtos.sistema.RegistroUsuarioDTO
[ERROR] /C:/Users/kacor/Desktop/backend-SGTE/src/main/java/com/app/backend/services/sistema/impl/RegistroUsuarioServiceImpl.java:[106,28] cannot find symbol
  symbol:   method getEstadoUsuario()
  location: variable dto of type com.app.backend.dtos.sistema.RegistroUsuarioDTO
[ERROR] /C:/Users/kacor/Desktop/backend-SGTE/src/main/java/com/app/backend/services/sistema/impl/RegistroUsuarioServiceImpl.java:[106,61] cannot find symbol
  symbol:   method getEstadoUsuario()
  location: variable dto of type com.app.backend.dtos.sistema.RegistroUsuarioDTO
[ERROR] /C:/Users/kacor/Desktop/backend-SGTE/src/main/java/com/app/backend/services/sistema/impl/RegistroUsuarioServiceImpl.java:[112,20] cannot find symbol
  symbol:   method setRoles(java.util.List<com.app.backend.entities.sistema.Rol>)
  location: variable usuario of type com.app.backend.entities.sistema.Usuario
[ERROR] /C:/Users/kacor/Desktop/backend-SGTE/src/main/java/com/app/backend/services/sistema/impl/RegistroUsuarioServiceImpl.java:[118,56] cannot find symbol
  symbol:   method getNombres()
  location: variable dto of type com.app.backend.dtos.sistema.RegistroUsuarioDTO
[ERROR] /C:/Users/kacor/Desktop/backend-SGTE/src/main/java/com/app/backend/services/sistema/impl/RegistroUsuarioServiceImpl.java:[118,74] cannot find symbol
  symbol:   method getApellidos()
  location: variable dto of type com.app.backend.dtos.sistema.RegistroUsuarioDTO
[ERROR] /C:/Users/kacor/Desktop/backend-SGTE/src/main/java/com/app/backend/services/sistema/impl/RegistroUsuarioServiceImpl.java:[118,94] cannot find symbol
  symbol:   method getCedula()
  location: variable dto of type com.app.backend.dtos.sistema.RegistroUsuarioDTO
[ERROR] /C:/Users/kacor/Desktop/backend-SGTE/src/main/java/com/app/backend/services/sistema/impl/RegistroUsuarioServiceImpl.java:[120,9] cannot find symbol
  symbol:   variable log
  location: class com.app.backend.services.sistema.impl.RegistroUsuarioServiceImpl
[ERROR] /C:/Users/kacor/Desktop/backend-SGTE/src/main/java/com/app/backend/services/sistema/impl/RegistroUsuarioServiceImpl.java:[123,19] cannot find symbol
  symbol:   method setUsuario(com.app.backend.entities.sistema.Usuario)
  location: variable credencial of type com.app.backend.entities.sistema.Credencial
[ERROR] /C:/Users/kacor/Desktop/backend-SGTE/src/main/java/com/app/backend/services/sistema/impl/RegistroUsuarioServiceImpl.java:[124,41] cannot find symbol
  symbol:   method getCedula()
  location: variable dto of type com.app.backend.dtos.sistema.RegistroUsuarioDTO
[ERROR] /C:/Users/kacor/Desktop/backend-SGTE/src/main/java/com/app/backend/services/sistema/impl/RegistroUsuarioServiceImpl.java:[125,19] cannot find symbol
  symbol:   method setNombreUsuario(java.lang.String)
  location: variable credencial of type com.app.backend.entities.sistema.Credencial
[ERROR] /C:/Users/kacor/Desktop/backend-SGTE/src/main/java/com/app/backend/services/sistema/impl/RegistroUsuarioServiceImpl.java:[126,19] cannot find symbol
  symbol:   method setEstado(boolean)
  location: variable credencial of type com.app.backend.entities.sistema.Credencial
[ERROR] /C:/Users/kacor/Desktop/backend-SGTE/src/main/java/com/app/backend/services/sistema/impl/RegistroUsuarioServiceImpl.java:[134,31] cannot find symbol
  symbol:   method getRol()
  location: variable dto of type com.app.backend.dtos.sistema.RegistroUsuarioDTO
[ERROR] /C:/Users/kacor/Desktop/backend-SGTE/src/main/java/com/app/backend/services/sistema/impl/RegistroUsuarioServiceImpl.java:[134,54] cannot find symbol
  symbol:   method getRol()
  location: variable dto of type com.app.backend.dtos.sistema.RegistroUsuarioDTO
[ERROR] /C:/Users/kacor/Desktop/backend-SGTE/src/main/java/com/app/backend/services/sistema/impl/RegistroUsuarioServiceImpl.java:[139,24] cannot find symbol
  symbol:   method getFechaIngreso()
  location: variable dto of type com.app.backend.dtos.sistema.RegistroUsuarioDTO
[ERROR] /C:/Users/kacor/Desktop/backend-SGTE/src/main/java/com/app/backend/services/sistema/impl/RegistroUsuarioServiceImpl.java:[140,41] cannot find symbol
  symbol:   method getFechaIngreso()
  location: variable dto of type com.app.backend.dtos.sistema.RegistroUsuarioDTO
[ERROR] /C:/Users/kacor/Desktop/backend-SGTE/src/main/java/com/app/backend/services/sistema/impl/RegistroUsuarioServiceImpl.java:[143,51] cannot find symbol
  symbol:   method builder()
  location: class com.app.backend.entities.academico.Estudiante
[ERROR] /C:/Users/kacor/Desktop/backend-SGTE/src/main/java/com/app/backend/services/sistema/impl/RegistroUsuarioServiceImpl.java:[147,38] cannot find symbol
  symbol:   method getParalelo()
  location: variable dto of type com.app.backend.dtos.sistema.RegistroUsuarioDTO
[ERROR] /C:/Users/kacor/Desktop/backend-SGTE/src/main/java/com/app/backend/services/sistema/impl/RegistroUsuarioServiceImpl.java:[148,45] cannot find symbol
  symbol:   method getEstadoAcademico()
  location: variable dto of type com.app.backend.dtos.sistema.RegistroUsuarioDTO
[ERROR] /C:/Users/kacor/Desktop/backend-SGTE/src/main/java/com/app/backend/services/sistema/impl/RegistroUsuarioServiceImpl.java:[148,80] cannot find symbol
  symbol:   method getEstadoAcademico()
  location: variable dto of type com.app.backend.dtos.sistema.RegistroUsuarioDTO
[ERROR] /C:/Users/kacor/Desktop/backend-SGTE/src/main/java/com/app/backend/services/sistema/impl/RegistroUsuarioServiceImpl.java:[154,42] cannot find symbol
  symbol:   method getIdEstudiante()
  location: variable estudiante of type com.app.backend.entities.academico.Estudiante
[ERROR] /C:/Users/kacor/Desktop/backend-SGTE/src/main/java/com/app/backend/services/sistema/impl/RegistroUsuarioServiceImpl.java:[158,54] cannot find symbol
  symbol:   method builder()
  location: class com.app.backend.entities.academico.Coordinador
[ERROR] /C:/Users/kacor/Desktop/backend-SGTE/src/main/java/com/app/backend/services/sistema/impl/RegistroUsuarioServiceImpl.java:[161,45] cannot find symbol
  symbol:   method getHorarioAtencion()
  location: variable dto of type com.app.backend.dtos.sistema.RegistroUsuarioDTO
[ERROR] /C:/Users/kacor/Desktop/backend-SGTE/src/main/java/com/app/backend/services/sistema/impl/RegistroUsuarioServiceImpl.java:[162,46] cannot find symbol
  symbol:   method getOficinaAtencion()
  location: variable dto of type com.app.backend.dtos.sistema.RegistroUsuarioDTO
[ERROR] /C:/Users/kacor/Desktop/backend-SGTE/src/main/java/com/app/backend/services/sistema/impl/RegistroUsuarioServiceImpl.java:[164,47] cannot find symbol
  symbol:   method getFechaNombramientoCoordinador()
  location: variable dto of type com.app.backend.dtos.sistema.RegistroUsuarioDTO
[ERROR] /C:/Users/kacor/Desktop/backend-SGTE/src/main/java/com/app/backend/services/sistema/impl/RegistroUsuarioServiceImpl.java:[168,44] cannot find symbol
  symbol:   method getIdCoordinador()
  location: variable coordinador of type com.app.backend.entities.academico.Coordinador
[ERROR] /C:/Users/kacor/Desktop/backend-SGTE/src/main/java/com/app/backend/services/sistema/impl/RegistroUsuarioServiceImpl.java:[172,39] cannot find symbol
  symbol:   method builder()
  location: class com.app.backend.entities.academico.Decano
[ERROR] /C:/Users/kacor/Desktop/backend-SGTE/src/main/java/com/app/backend/services/sistema/impl/RegistroUsuarioServiceImpl.java:[174,60] cannot find symbol
  symbol:   method getFacultad()
  location: variable carrera of type com.app.backend.entities.academico.Carrera
[ERROR] /C:/Users/kacor/Desktop/backend-SGTE/src/main/java/com/app/backend/services/sistema/impl/RegistroUsuarioServiceImpl.java:[175,47] cannot find symbol
  symbol:   method getFechaNombramientoDecano()
  location: variable dto of type com.app.backend.dtos.sistema.RegistroUsuarioDTO
[ERROR] /C:/Users/kacor/Desktop/backend-SGTE/src/main/java/com/app/backend/services/sistema/impl/RegistroUsuarioServiceImpl.java:[176,38] cannot find symbol
  symbol:   method getFechaNombramientoDecano()
  location: variable dto of type com.app.backend.dtos.sistema.RegistroUsuarioDTO
[ERROR] /C:/Users/kacor/Desktop/backend-SGTE/src/main/java/com/app/backend/services/sistema/impl/RegistroUsuarioServiceImpl.java:[182,34] cannot find symbol
  symbol:   method getIdDecano()
  location: variable decano of type com.app.backend.entities.academico.Decano
[ERROR] /C:/Users/kacor/Desktop/backend-SGTE/src/main/java/com/app/backend/services/sistema/impl/RegistroUsuarioServiceImpl.java:[191,43] cannot find symbol
  symbol:   method builder()
  location: class com.app.backend.dtos.sistema.RegistroUsuarioRespuestaDTO
[ERROR] /C:/Users/kacor/Desktop/backend-SGTE/src/main/java/com/app/backend/services/sistema/impl/RegistroUsuarioServiceImpl.java:[192,35] cannot find symbol
  symbol:   method getIdUsuario()
  location: variable usuario of type com.app.backend.entities.sistema.Usuario
[ERROR] /C:/Users/kacor/Desktop/backend-SGTE/src/main/java/com/app/backend/services/sistema/impl/RegistroUsuarioServiceImpl.java:[196,32] cannot find symbol
  symbol:   method getCedula()
  location: variable usuario of type com.app.backend.entities.sistema.Usuario
[ERROR] /C:/Users/kacor/Desktop/backend-SGTE/src/main/java/com/app/backend/services/sistema/impl/RegistroUsuarioServiceImpl.java:[197,33] cannot find symbol
  symbol:   method getNombres()
  location: variable usuario of type com.app.backend.entities.sistema.Usuario
[ERROR] /C:/Users/kacor/Desktop/backend-SGTE/src/main/java/com/app/backend/services/sistema/impl/RegistroUsuarioServiceImpl.java:[198,35] cannot find symbol
  symbol:   method getApellidos()
  location: variable usuario of type com.app.backend.entities.sistema.Usuario
[ERROR] /C:/Users/kacor/Desktop/backend-SGTE/src/main/java/com/app/backend/services/sistema/impl/RegistroUsuarioServiceImpl.java:[199,45] cannot find symbol
  symbol:   method getCorreoInstitucional()
  location: variable usuario of type com.app.backend.entities.sistema.Usuario
[ERROR] /C:/Users/kacor/Desktop/backend-SGTE/src/main/java/com/app/backend/services/sistema/impl/RegistroUsuarioServiceImpl.java:[200,25] cannot find symbol
  symbol:   method getRol()
  location: variable dto of type com.app.backend.dtos.sistema.RegistroUsuarioDTO
[ERROR] /C:/Users/kacor/Desktop/backend-SGTE/src/main/java/com/app/backend/services/sistema/impl/RolServiceImpl.java:[38,22] cannot find symbol
  symbol:   method builder()
  location: class com.app.backend.entities.sistema.Rol
[ERROR] /C:/Users/kacor/Desktop/backend-SGTE/src/main/java/com/app/backend/services/sistema/impl/RolServiceImpl.java:[39,31] cannot find symbol
  symbol:   method getNombreRol()
  location: variable dto of type com.app.backend.dtos.sistema.RolDTO
[ERROR] /C:/Users/kacor/Desktop/backend-SGTE/src/main/java/com/app/backend/services/sistema/impl/RolServiceImpl.java:[40,36] cannot find symbol
  symbol:   method getDescripcionRol()
  location: variable dto of type com.app.backend.dtos.sistema.RolDTO
[ERROR] /C:/Users/kacor/Desktop/backend-SGTE/src/main/java/com/app/backend/services/sistema/impl/RolServiceImpl.java:[41,37] cannot find symbol
  symbol:   method getNivelJerarquico()
  location: variable dto of type com.app.backend.dtos.sistema.RolDTO
[ERROR] /C:/Users/kacor/Desktop/backend-SGTE/src/main/java/com/app/backend/services/sistema/impl/RolServiceImpl.java:[50,29] cannot find symbol
  symbol:   method getNombreRol()
  location: variable dto of type com.app.backend.dtos.sistema.RolDTO
[INFO] 500 errors 
[INFO] -------------------------------------------------------------
[INFO] ------------------------------------------------------------------------
[INFO] BUILD FAILURE
[INFO] ------------------------------------------------------------------------
[INFO] Total time:  4.497 s
[INFO] Finished at: 2026-03-25T17:23:01-05:00
[INFO] ------------------------------------------------------------------------
[ERROR] Failed to execute goal org.apache.maven.plugins:maven-compiler-plugin:3.14.1:compile (default-compile) on project backend: Compilation failure: Compilation failure: 
[ERROR] /C:/Users/kacor/Desktop/backend-SGTE/src/main/java/com/app/backend/dtos/tramites/DetallesTramiteDTO.java:[29,18] cannot access com.app.backend.dtos.tramites.PasoFlujoTramiteDTO
[ERROR]   bad source file: C:\Users\kacor\Desktop\backend-SGTE\src\main\java\com\app\backend\dtos\tramites\PasoFlujoTramiteDTO.java
[ERROR]     file does not contain class com.app.backend.dtos.tramites.PasoFlujoTramiteDTO
[ERROR]     Please remove or make sure it appears in the correct subdirectory of the sourcepath.
[ERROR] /C:/Users/kacor/Desktop/backend-SGTE/src/main/java/com/app/backend/dtos/tramites/DetallesTramiteDTO.java:[30,18] cannot access com.app.backend.dtos.tramites.RequisitoTramiteDTO
[ERROR]   bad source file: C:\Users\kacor\Desktop\backend-SGTE\src\main\java\com\app\backend\dtos\tramites\RequisitoTramiteDTO.java
[ERROR]     file does not contain class com.app.backend.dtos.tramites.RequisitoTramiteDTO
[ERROR]     Please remove or make sure it appears in the correct subdirectory of the sourcepath.
[ERROR] /C:/Users/kacor/Desktop/backend-SGTE/src/main/java/com/app/backend/dtos/tramites/CategoriaTramiteDTO.java:[9,8] class CategoriaTramiteResponseDTO is public, should be declared in a file named CategoriaTramiteResponseDTO.java
[ERROR] /C:/Users/kacor/Desktop/backend-SGTE/src/main/java/com/app/backend/dtos/tramites/CrearSolicitudTramiteDTO.java:[12,8] class CrearSolicitudRequestDTO is public, should be declared in a file named CrearSolicitudRequestDTO.java
[ERROR] /C:/Users/kacor/Desktop/backend-SGTE/src/main/java/com/app/backend/dtos/tramites/DefinicionFlujoDTO.java:[9,8] class DefinicionFlujoResponseDTO is public, should be declared in a file named DefinicionFlujoResponseDTO.java
[ERROR] /C:/Users/kacor/Desktop/backend-SGTE/src/main/java/com/app/backend/dtos/tramites/DetallesTramiteBaseDTO.java:[11,8] class DetallesTramiteBaseResponseDTO is public, should be declared in a file named DetallesTramiteBaseResponseDTO.java
[ERROR] /C:/Users/kacor/Desktop/backend-SGTE/src/main/java/com/app/backend/dtos/tramites/DetallesTramiteDTO.java:[15,8] class DetallesTramiteResponseDTO is public, should be declared in a file named DetallesTramiteResponseDTO.java
[ERROR] /C:/Users/kacor/Desktop/backend-SGTE/src/main/java/com/app/backend/dtos/tramites/DetallesTramiteResponseDTO.java:[15,8] duplicate class: com.app.backend.dtos.tramites.DetallesTramiteResponseDTO
[ERROR] /C:/Users/kacor/Desktop/backend-SGTE/src/main/java/com/app/backend/dtos/tramites/EtapaProcesamientoDTO.java:[9,8] class EtapaProcesamientoResponseDTO is public, should be declared in a file named EtapaProcesamientoResponseDTO.java
[ERROR] /C:/Users/kacor/Desktop/backend-SGTE/src/main/java/com/app/backend/dtos/tramites/MotivoRechazoDTO.java:[9,8] class MotivoRechazoResponseDTO is public, should be declared in a file named MotivoRechazoResponseDTO.java
[ERROR] /C:/Users/kacor/Desktop/backend-SGTE/src/main/java/com/app/backend/dtos/tramites/PasoFlujoDTO.java:[9,8] class PasoFlujoResponseDTO is public, should be declared in a file named PasoFlujoResponseDTO.java
[ERROR] /C:/Users/kacor/Desktop/backend-SGTE/src/main/java/com/app/backend/dtos/tramites/PasoFlujoTramiteDTO.java:[9,8] class PasoFlujoTramiteResponseDTO is public, should be declared in a file named PasoFlujoTramiteResponseDTO.java
[ERROR] /C:/Users/kacor/Desktop/backend-SGTE/src/main/java/com/app/backend/dtos/tramites/PlazoTramiteDTO.java:[10,8] class PlazoTramiteResponseDTO is public, should be declared in a file named PlazoTramiteResponseDTO.java
[ERROR] /C:/Users/kacor/Desktop/backend-SGTE/src/main/java/com/app/backend/dtos/tramites/RechazoSolicitudDTO.java:[10,8] class RechazoSolicitudResponseDTO is public, should be declared in a file named RechazoSolicitudResponseDTO.java
[ERROR] /C:/Users/kacor/Desktop/backend-SGTE/src/main/java/com/app/backend/dtos/tramites/RechazoSolicitudResponseDTO.java:[10,8] class RechazoSolicitudRequestDTO is public, should be declared in a file named RechazoSolicitudRequestDTO.java
[ERROR] /C:/Users/kacor/Desktop/backend-SGTE/src/main/java/com/app/backend/dtos/tramites/RequisitoTramiteDTO.java:[9,8] class RequisitoTramiteResponseDTO is public, should be declared in a file named RequisitoTramiteResponseDTO.java
[ERROR] /C:/Users/kacor/Desktop/backend-SGTE/src/main/java/com/app/backend/dtos/tramites/SeguimientoSolicitudDTO.java:[10,8] class SeguimientoSolicitudResponseDTO is public, should be declared in a file named SeguimientoSolicitudResponseDTO.java
[ERROR] /C:/Users/kacor/Desktop/backend-SGTE/src/main/java/com/app/backend/dtos/tramites/SolicitudDTO.java:[11,8] class SolicitudResponseDTO is public, should be declared in a file named SolicitudResponseDTO.java
[ERROR] /C:/Users/kacor/Desktop/backend-SGTE/src/main/java/com/app/backend/dtos/tramites/TipoTramiteDTO.java:[9,8] class TipoTramiteResponseDTO is public, should be declared in a file named TipoTramiteResponseDTO.java
[ERROR] /C:/Users/kacor/Desktop/backend-SGTE/src/main/java/com/app/backend/dtos/tramites/TransicionFlujoDTO.java:[9,8] class TransicionFlujoResponseDTO is public, should be declared in a file named TransicionFlujoResponseDTO.java
[ERROR] /C:/Users/kacor/Desktop/backend-SGTE/src/main/java/com/app/backend/config/ConfigAplicacion.java:[27,44] cannot find symbol
[ERROR]   symbol:   method getUsuario()
[ERROR]   location: variable credencial of type com.app.backend.entities.sistema.Credencial
[ERROR] /C:/Users/kacor/Desktop/backend-SGTE/src/main/java/com/app/backend/config/ConfigAplicacion.java:[33,49] cannot find symbol
[ERROR]   symbol:   method getNombreUsuario()
[ERROR]   location: variable credencial of type com.app.backend.entities.sistema.Credencial
[ERROR] /C:/Users/kacor/Desktop/backend-SGTE/src/main/java/com/app/backend/config/ConfigAplicacion.java:[34,49] cannot find symbol
[ERROR]   symbol:   method getHashContrasena()
[ERROR]   location: variable credencial of type com.app.backend.entities.sistema.Credencial
[ERROR] /C:/Users/kacor/Desktop/backend-SGTE/src/main/java/com/app/backend/config/ConfigAplicacion.java:[38,29] incompatible types: bad return type in lambda expression
[ERROR]     no instance(s) of type variable(s) X exist so that java.lang.Object conforms to org.springframework.security.core.userdetails.UserDetails
[ERROR] /C:/Users/kacor/Desktop/backend-SGTE/src/main/java/com/app/backend/controllers/ai/AIController.java:[20,20] cannot find symbol
[ERROR]   symbol:   method getMessage()
[ERROR]   location: variable request of type com.app.backend.dtos.ai.ChatRequest
[ERROR] /C:/Users/kacor/Desktop/backend-SGTE/src/main/java/com/app/backend/controllers/ai/AIController.java:[20,52] cannot find symbol
[ERROR]   symbol:   method getMessage()
[ERROR]   location: variable request of type com.app.backend.dtos.ai.ChatRequest
[ERROR] /C:/Users/kacor/Desktop/backend-SGTE/src/main/java/com/app/backend/controllers/ai/AIController.java:[22,33] cannot find symbol
[ERROR]   symbol:   method builder()
[ERROR]   location: class com.app.backend.dtos.ai.ChatResponse
[ERROR] /C:/Users/kacor/Desktop/backend-SGTE/src/main/java/com/app/backend/services/ai/AIChatService.java:[24,59] cannot find symbol
[ERROR]   symbol:   method getModule()
[ERROR]   location: variable request of type com.app.backend.dtos.ai.ChatRequest
[ERROR] /C:/Users/kacor/Desktop/backend-SGTE/src/main/java/com/app/backend/services/ai/AIChatService.java:[28,75] cannot find symbol
[ERROR]   symbol:   method getModule()
[ERROR]   location: variable request of type com.app.backend.dtos.ai.ChatRequest
[ERROR] /C:/Users/kacor/Desktop/backend-SGTE/src/main/java/com/app/backend/services/ai/AIChatService.java:[26,36] cannot find symbol
[ERROR]   symbol:   method builder()
[ERROR]   location: class com.app.backend.dtos.ai.ChatResponse
[ERROR] /C:/Users/kacor/Desktop/backend-SGTE/src/main/java/com/app/backend/services/ai/AIChatService.java:[36,67] cannot find symbol
[ERROR]   symbol:   method getMessage()
[ERROR]   location: variable request of type com.app.backend.dtos.ai.ChatRequest
[ERROR] /C:/Users/kacor/Desktop/backend-SGTE/src/main/java/com/app/backend/services/ai/AIChatService.java:[40,36] cannot find symbol
[ERROR]   symbol:   method builder()
[ERROR]   location: class com.app.backend.dtos.ai.ChatResponse
[ERROR] /C:/Users/kacor/Desktop/backend-SGTE/src/main/java/com/app/backend/services/ai/AIChatService.java:[46,32] cannot find symbol
[ERROR]   symbol:   method builder()
[ERROR]   location: class com.app.backend.dtos.ai.ChatResponse
[ERROR] /C:/Users/kacor/Desktop/backend-SGTE/src/main/java/com/app/backend/services/ai/AIChatService.java:[48,36] cannot find symbol
[ERROR]   symbol:   method getModule()
[ERROR]   location: variable request of type com.app.backend.dtos.ai.ChatRequest
[ERROR] /C:/Users/kacor/Desktop/backend-SGTE/src/main/java/com/app/backend/services/ai/AIChatService.java:[53,13] cannot find symbol
[ERROR]   symbol:   variable log
[ERROR]   location: class com.app.backend.services.ai.AIChatService
[ERROR] /C:/Users/kacor/Desktop/backend-SGTE/src/main/java/com/app/backend/services/ai/AIChatService.java:[53,92] cannot find symbol
[ERROR]   symbol:   method getModule()
[ERROR]   location: variable request of type com.app.backend.dtos.ai.ChatRequest
[ERROR] /C:/Users/kacor/Desktop/backend-SGTE/src/main/java/com/app/backend/services/ai/AIChatService.java:[54,32] cannot find symbol
[ERROR]   symbol:   method builder()
[ERROR]   location: class com.app.backend.dtos.ai.ChatResponse
[ERROR] /C:/Users/kacor/Desktop/backend-SGTE/src/main/java/com/app/backend/services/ai/AIChatService.java:[63,35] cannot find symbol
[ERROR]   symbol:   method getModule()
[ERROR]   location: variable request of type com.app.backend.dtos.ai.ChatRequest
[ERROR] /C:/Users/kacor/Desktop/backend-SGTE/src/main/java/com/app/backend/services/ai/AIChatService.java:[64,46] cannot find symbol
[ERROR]   symbol:   method getIdCarrera()
[ERROR]   location: variable request of type com.app.backend.dtos.ai.ChatRequest
[ERROR] /C:/Users/kacor/Desktop/backend-SGTE/src/main/java/com/app/backend/services/ai/AIChatService.java:[65,74] cannot find symbol
[ERROR]   symbol:   method getIdCarrera()
[ERROR]   location: variable request of type com.app.backend.dtos.ai.ChatRequest
[ERROR] /C:/Users/kacor/Desktop/backend-SGTE/src/main/java/com/app/backend/services/ai/AIChatService.java:[67,41] cannot find symbol
[ERROR]   symbol:   method getIdFacultad()
[ERROR]   location: variable request of type com.app.backend.dtos.ai.ChatRequest
[ERROR] /C:/Users/kacor/Desktop/backend-SGTE/src/main/java/com/app/backend/services/ai/AIChatService.java:[68,69] cannot find symbol
[ERROR]   symbol:   method getIdFacultad()
[ERROR]   location: variable request of type com.app.backend.dtos.ai.ChatRequest
[ERROR] /C:/Users/kacor/Desktop/backend-SGTE/src/main/java/com/app/backend/services/ai/AIChatService.java:[70,45] cannot find symbol
[ERROR]   symbol:   method getUserId()
[ERROR]   location: variable request of type com.app.backend.dtos.ai.ChatRequest
[ERROR] /C:/Users/kacor/Desktop/backend-SGTE/src/main/java/com/app/backend/services/ai/AIChatService.java:[71,73] cannot find symbol
[ERROR]   symbol:   method getUserId()
[ERROR]   location: variable request of type com.app.backend.dtos.ai.ChatRequest
[ERROR] /C:/Users/kacor/Desktop/backend-SGTE/src/main/java/com/app/backend/services/ai/AIChatService.java:[76,13] cannot find symbol
[ERROR]   symbol:   variable log
[ERROR]   location: class com.app.backend.services.ai.AIChatService
[ERROR] /C:/Users/kacor/Desktop/backend-SGTE/src/main/java/com/app/backend/services/ai/AIChatService.java:[76,103] cannot find symbol
[ERROR]   symbol:   method getModule()
[ERROR]   location: variable request of type com.app.backend.dtos.ai.ChatRequest
[ERROR] /C:/Users/kacor/Desktop/backend-SGTE/src/main/java/com/app/backend/services/ai/AIChatService.java:[102,13] cannot find symbol
[ERROR]   symbol:   variable log
[ERROR]   location: class com.app.backend.services.ai.AIChatService
[ERROR] /C:/Users/kacor/Desktop/backend-SGTE/src/main/java/com/app/backend/services/ai/GroqAIService.java:[26,36] cannot find symbol
[ERROR]   symbol:   method getApi()
[ERROR]   location: variable groqProperties of type com.app.backend.config.GroqProperties
[ERROR] /C:/Users/kacor/Desktop/backend-SGTE/src/main/java/com/app/backend/services/ai/GroqAIService.java:[37,13] cannot find symbol
[ERROR]   symbol:   variable log
[ERROR]   location: class com.app.backend.services.ai.GroqAIService
[ERROR] /C:/Users/kacor/Desktop/backend-SGTE/src/main/java/com/app/backend/services/ai/GroqAIService.java:[43,44] cannot find symbol
[ERROR]   symbol:   method getModel()
[ERROR]   location: variable groqProperties of type com.app.backend.config.GroqProperties
[ERROR] /C:/Users/kacor/Desktop/backend-SGTE/src/main/java/com/app/backend/services/ai/GroqAIService.java:[48,49] cannot find symbol
[ERROR]   symbol:   method getMaxTokens()
[ERROR]   location: variable groqProperties of type com.app.backend.config.GroqProperties
[ERROR] /C:/Users/kacor/Desktop/backend-SGTE/src/main/java/com/app/backend/services/ai/GroqAIService.java:[55,49] cannot find symbol
[ERROR]   symbol:   method getApi()
[ERROR]   location: variable groqProperties of type com.app.backend.config.GroqProperties
[ERROR] /C:/Users/kacor/Desktop/backend-SGTE/src/main/java/com/app/backend/services/ai/GroqAIService.java:[59,35] cannot find symbol
[ERROR]   symbol:   method getApi()
[ERROR]   location: variable groqProperties of type com.app.backend.config.GroqProperties
[ERROR] /C:/Users/kacor/Desktop/backend-SGTE/src/main/java/com/app/backend/services/ai/GroqAIService.java:[70,21] cannot find symbol
[ERROR]   symbol:   variable log
[ERROR]   location: class com.app.backend.services.ai.GroqAIService
[ERROR] /C:/Users/kacor/Desktop/backend-SGTE/src/main/java/com/app/backend/services/ai/GroqAIService.java:[75,13] cannot find symbol
[ERROR]   symbol:   variable log
[ERROR]   location: class com.app.backend.services.ai.GroqAIService
[ERROR] /C:/Users/kacor/Desktop/backend-SGTE/src/main/java/com/app/backend/services/ai/GroqAIService.java:[79,13] cannot find symbol
[ERROR]   symbol:   variable log
[ERROR]   location: class com.app.backend.services.ai.GroqAIService
[ERROR] /C:/Users/kacor/Desktop/backend-SGTE/src/main/java/com/app/backend/services/ai/GroqAIService.java:[82,13] cannot find symbol
[ERROR]   symbol:   variable log
[ERROR]   location: class com.app.backend.services.ai.GroqAIService
[ERROR] /C:/Users/kacor/Desktop/backend-SGTE/src/main/java/com/app/backend/repositories/ai/AIChatContextRepository.java:[30,13] cannot find symbol
[ERROR]   symbol:   variable log
[ERROR]   location: class com.app.backend.repositories.ai.AIChatContextRepository
[ERROR] /C:/Users/kacor/Desktop/backend-SGTE/src/main/java/com/app/backend/repositories/ai/AIChatContextRepository.java:[44,13] cannot find symbol
[ERROR]   symbol:   variable log
[ERROR]   location: class com.app.backend.repositories.ai.AIChatContextRepository
[ERROR] /C:/Users/kacor/Desktop/backend-SGTE/src/main/java/com/app/backend/repositories/ai/AIChatContextRepository.java:[58,13] cannot find symbol
[ERROR]   symbol:   variable log
[ERROR]   location: class com.app.backend.repositories.ai.AIChatContextRepository
[ERROR] /C:/Users/kacor/Desktop/backend-SGTE/src/main/java/com/app/backend/controllers/externos/CorreoController.java:[19,45] cannot find symbol
[ERROR]   symbol:   method getDestinatario()
[ERROR]   location: variable request of type com.app.backend.dtos.externos.CorreoRequestDTO
[ERROR] /C:/Users/kacor/Desktop/backend-SGTE/src/main/java/com/app/backend/controllers/externos/CorreoController.java:[19,72] cannot find symbol
[ERROR]   symbol:   method getAsunto()
[ERROR]   location: variable request of type com.app.backend.dtos.externos.CorreoRequestDTO
[ERROR] /C:/Users/kacor/Desktop/backend-SGTE/src/main/java/com/app/backend/controllers/externos/CorreoController.java:[19,93] cannot find symbol
[ERROR]   symbol:   method getMensaje()
[ERROR]   location: variable request of type com.app.backend.dtos.externos.CorreoRequestDTO
[ERROR] /C:/Users/kacor/Desktop/backend-SGTE/src/main/java/com/app/backend/controllers/externos/CorreoController.java:[20,109] cannot find symbol
[ERROR]   symbol:   method getDestinatario()
[ERROR]   location: variable request of type com.app.backend.dtos.externos.CorreoRequestDTO
[ERROR] /C:/Users/kacor/Desktop/backend-SGTE/src/main/java/com/app/backend/exceptions/GlobalExceptionHandler.java:[43,9] cannot find symbol
[ERROR]   symbol:   variable log
[ERROR]   location: class com.app.backend.exceptions.GlobalExceptionHandler
[ERROR] /C:/Users/kacor/Desktop/backend-SGTE/src/main/java/com/app/backend/exceptions/GlobalExceptionHandler.java:[64,9] cannot find symbol
[ERROR]   symbol:   variable log
[ERROR]   location: class com.app.backend.exceptions.GlobalExceptionHandler
[ERROR] /C:/Users/kacor/Desktop/backend-SGTE/src/main/java/com/app/backend/services/academico/impl/CarreraServiceImpl.java:[38,53] cannot find symbol
[ERROR]   symbol:   method getIdFacultad()
[ERROR]   location: variable dto of type com.app.backend.dtos.academico.CarreraDTO
[ERROR] /C:/Users/kacor/Desktop/backend-SGTE/src/main/java/com/app/backend/services/academico/impl/CarreraServiceImpl.java:[38,155] cannot find symbol
[ERROR]   symbol:   method getIdFacultad()
[ERROR]   location: variable dto of type com.app.backend.dtos.academico.CarreraDTO
[ERROR] /C:/Users/kacor/Desktop/backend-SGTE/src/main/java/com/app/backend/services/academico/impl/CarreraServiceImpl.java:[39,28] cannot find symbol
[ERROR]   symbol:   method builder()
[ERROR]   location: class com.app.backend.entities.academico.Carrera
[ERROR] /C:/Users/kacor/Desktop/backend-SGTE/src/main/java/com/app/backend/services/academico/impl/CarreraServiceImpl.java:[39,56] cannot find symbol
[ERROR]   symbol:   method getNombreCarrera()
[ERROR]   location: variable dto of type com.app.backend.dtos.academico.CarreraDTO
[ERROR] /C:/Users/kacor/Desktop/backend-SGTE/src/main/java/com/app/backend/services/academico/impl/CarreraServiceImpl.java:[39,94] cannot find symbol
[ERROR]   symbol:   method getCodigoCarrera()
[ERROR]   location: variable dto of type com.app.backend.dtos.academico.CarreraDTO
[ERROR] /C:/Users/kacor/Desktop/backend-SGTE/src/main/java/com/app/backend/services/academico/impl/CarreraServiceImpl.java:[46,31] cannot find symbol
[ERROR]   symbol:   method getNombreCarrera()
[ERROR]   location: variable dto of type com.app.backend.dtos.academico.CarreraDTO
[ERROR] /C:/Users/kacor/Desktop/backend-SGTE/src/main/java/com/app/backend/services/academico/impl/CarreraServiceImpl.java:[47,31] cannot find symbol
[ERROR]   symbol:   method getCodigoCarrera()
[ERROR]   location: variable dto of type com.app.backend.dtos.academico.CarreraDTO
[ERROR] /C:/Users/kacor/Desktop/backend-SGTE/src/main/java/com/app/backend/services/academico/impl/CarreraServiceImpl.java:[48,16] cannot find symbol
[ERROR]   symbol:   method getIdFacultad()
[ERROR]   location: variable dto of type com.app.backend.dtos.academico.CarreraDTO
[ERROR] /C:/Users/kacor/Desktop/backend-SGTE/src/main/java/com/app/backend/services/academico/impl/CarreraServiceImpl.java:[49,57] cannot find symbol
[ERROR]   symbol:   method getIdFacultad()
[ERROR]   location: variable dto of type com.app.backend.dtos.academico.CarreraDTO
[ERROR] /C:/Users/kacor/Desktop/backend-SGTE/src/main/java/com/app/backend/services/academico/impl/CarreraServiceImpl.java:[49,158] cannot find symbol
[ERROR]   symbol:   method getIdFacultad()
[ERROR]   location: variable dto of type com.app.backend.dtos.academico.CarreraDTO
[ERROR] /C:/Users/kacor/Desktop/backend-SGTE/src/main/java/com/app/backend/services/academico/impl/CarreraServiceImpl.java:[50,14] cannot find symbol
[ERROR]   symbol:   method setFacultad(com.app.backend.entities.academico.Facultad)
[ERROR]   location: variable c of type com.app.backend.entities.academico.Carrera
[ERROR] /C:/Users/kacor/Desktop/backend-SGTE/src/main/java/com/app/backend/services/academico/impl/CarreraServiceImpl.java:[58,60] cannot find symbol
[ERROR]   symbol:   method builder()
[ERROR]   location: class com.app.backend.dtos.academico.CarreraDTO
[ERROR] /C:/Users/kacor/Desktop/backend-SGTE/src/main/java/com/app/backend/services/academico/impl/CarreraServiceImpl.java:[58,82] cannot find symbol
[ERROR]   symbol:   method getIdCarrera()
[ERROR]   location: variable c of type com.app.backend.entities.academico.Carrera
[ERROR] /C:/Users/kacor/Desktop/backend-SGTE/src/main/java/com/app/backend/services/academico/impl/CarreraServiceImpl.java:[58,114] cannot find symbol
[ERROR]   symbol:   method getNombreCarrera()
[ERROR]   location: variable c of type com.app.backend.entities.academico.Carrera
[ERROR] /C:/Users/kacor/Desktop/backend-SGTE/src/main/java/com/app/backend/services/academico/impl/CarreraServiceImpl.java:[58,150] cannot find symbol
[ERROR]   symbol:   method getCodigoCarrera()
[ERROR]   location: variable c of type com.app.backend.entities.academico.Carrera
[ERROR] /C:/Users/kacor/Desktop/backend-SGTE/src/main/java/com/app/backend/services/academico/impl/CarreraServiceImpl.java:[58,183] cannot find symbol
[ERROR]   symbol:   method getFacultad()
[ERROR]   location: variable c of type com.app.backend.entities.academico.Carrera
[ERROR] /C:/Users/kacor/Desktop/backend-SGTE/src/main/java/com/app/backend/services/academico/impl/CoordinadorServiceImpl.java:[36,51] cannot find symbol
[ERROR]   symbol:   method getIdUsuario()
[ERROR]   location: variable dto of type com.app.backend.dtos.academico.CoordinadorDTO
[ERROR] /C:/Users/kacor/Desktop/backend-SGTE/src/main/java/com/app/backend/services/academico/impl/CoordinadorServiceImpl.java:[36,150] cannot find symbol
[ERROR]   symbol:   method getIdUsuario()
[ERROR]   location: variable dto of type com.app.backend.dtos.academico.CoordinadorDTO
[ERROR] /C:/Users/kacor/Desktop/backend-SGTE/src/main/java/com/app/backend/services/academico/impl/CoordinadorServiceImpl.java:[37,36] cannot find symbol
[ERROR]   symbol:   method builder()
[ERROR]   location: class com.app.backend.entities.academico.Coordinador
[ERROR] /C:/Users/kacor/Desktop/backend-SGTE/src/main/java/com/app/backend/services/academico/impl/CoordinadorServiceImpl.java:[37,78] cannot find symbol
[ERROR]   symbol:   method getUbicacionOficina()
[ERROR]   location: variable dto of type com.app.backend.dtos.academico.CoordinadorDTO
[ERROR] /C:/Users/kacor/Desktop/backend-SGTE/src/main/java/com/app/backend/services/academico/impl/CoordinadorServiceImpl.java:[37,121] cannot find symbol
[ERROR]   symbol:   method getHorarioAtencion()
[ERROR]   location: variable dto of type com.app.backend.dtos.academico.CoordinadorDTO
[ERROR] /C:/Users/kacor/Desktop/backend-SGTE/src/main/java/com/app/backend/services/academico/impl/CoordinadorServiceImpl.java:[37,158] cannot find symbol
[ERROR]   symbol:   method getEstaActivo()
[ERROR]   location: variable dto of type com.app.backend.dtos.academico.CoordinadorDTO
[ERROR] /C:/Users/kacor/Desktop/backend-SGTE/src/main/java/com/app/backend/services/academico/impl/CoordinadorServiceImpl.java:[37,188] cannot find symbol
[ERROR]   symbol:   method getEstaActivo()
[ERROR]   location: variable dto of type com.app.backend.dtos.academico.CoordinadorDTO
[ERROR] /C:/Users/kacor/Desktop/backend-SGTE/src/main/java/com/app/backend/services/academico/impl/CoordinadorServiceImpl.java:[37,234] cannot find symbol
[ERROR]   symbol:   method getFechaNombramiento()
[ERROR]   location: variable dto of type com.app.backend.dtos.academico.CoordinadorDTO
[ERROR] /C:/Users/kacor/Desktop/backend-SGTE/src/main/java/com/app/backend/services/academico/impl/CoordinadorServiceImpl.java:[37,279] cannot find symbol
[ERROR]   symbol:   method getIdCoordinadorSga()
[ERROR]   location: variable dto of type com.app.backend.dtos.academico.CoordinadorDTO
[ERROR] /C:/Users/kacor/Desktop/backend-SGTE/src/main/java/com/app/backend/services/academico/impl/CoordinadorServiceImpl.java:[38,16] cannot find symbol
[ERROR]   symbol:   method getIdCarrera()
[ERROR]   location: variable dto of type com.app.backend.dtos.academico.CoordinadorDTO
[ERROR] /C:/Users/kacor/Desktop/backend-SGTE/src/main/java/com/app/backend/services/academico/impl/CoordinadorServiceImpl.java:[38,86] cannot find symbol
[ERROR]   symbol:   method getIdCarrera()
[ERROR]   location: variable dto of type com.app.backend.dtos.academico.CoordinadorDTO
[ERROR] /C:/Users/kacor/Desktop/backend-SGTE/src/main/java/com/app/backend/services/academico/impl/CoordinadorServiceImpl.java:[38,185] cannot find symbol
[ERROR]   symbol:   method getIdCarrera()
[ERROR]   location: variable dto of type com.app.backend.dtos.academico.CoordinadorDTO
[ERROR] /C:/Users/kacor/Desktop/backend-SGTE/src/main/java/com/app/backend/services/academico/impl/CoordinadorServiceImpl.java:[45,34] cannot find symbol
[ERROR]   symbol:   method getUbicacionOficina()
[ERROR]   location: variable dto of type com.app.backend.dtos.academico.CoordinadorDTO
[ERROR] /C:/Users/kacor/Desktop/backend-SGTE/src/main/java/com/app/backend/services/academico/impl/CoordinadorServiceImpl.java:[45,83] cannot find symbol
[ERROR]   symbol:   method getHorarioAtencion()
[ERROR]   location: variable dto of type com.app.backend.dtos.academico.CoordinadorDTO
[ERROR] /C:/Users/kacor/Desktop/backend-SGTE/src/main/java/com/app/backend/services/academico/impl/CoordinadorServiceImpl.java:[45,126] cannot find symbol
[ERROR]   symbol:   method getEstaActivo()
[ERROR]   location: variable dto of type com.app.backend.dtos.academico.CoordinadorDTO
[ERROR] /C:/Users/kacor/Desktop/backend-SGTE/src/main/java/com/app/backend/services/academico/impl/CoordinadorServiceImpl.java:[45,171] cannot find symbol
[ERROR]   symbol:   method getFechaNombramiento()
[ERROR]   location: variable dto of type com.app.backend.dtos.academico.CoordinadorDTO
[ERROR] /C:/Users/kacor/Desktop/backend-SGTE/src/main/java/com/app/backend/services/academico/impl/CoordinadorServiceImpl.java:[45,222] cannot find symbol
[ERROR]   symbol:   method getIdCoordinadorSga()
[ERROR]   location: variable dto of type com.app.backend.dtos.academico.CoordinadorDTO
[ERROR] /C:/Users/kacor/Desktop/backend-SGTE/src/main/java/com/app/backend/services/academico/impl/CoordinadorServiceImpl.java:[46,16] cannot find symbol
[ERROR]   symbol:   method getIdCarrera()
[ERROR]   location: variable dto of type com.app.backend.dtos.academico.CoordinadorDTO
[ERROR] /C:/Users/kacor/Desktop/backend-SGTE/src/main/java/com/app/backend/services/academico/impl/CoordinadorServiceImpl.java:[46,86] cannot find symbol
[ERROR]   symbol:   method getIdCarrera()
[ERROR]   location: variable dto of type com.app.backend.dtos.academico.CoordinadorDTO
[ERROR] /C:/Users/kacor/Desktop/backend-SGTE/src/main/java/com/app/backend/services/academico/impl/CoordinadorServiceImpl.java:[46,185] cannot find symbol
[ERROR]   symbol:   method getIdCarrera()
[ERROR]   location: variable dto of type com.app.backend.dtos.academico.CoordinadorDTO
[ERROR] /C:/Users/kacor/Desktop/backend-SGTE/src/main/java/com/app/backend/services/academico/impl/CoordinadorServiceImpl.java:[52,72] cannot find symbol
[ERROR]   symbol:   method builder()
[ERROR]   location: class com.app.backend.dtos.academico.CoordinadorDTO
[ERROR] /C:/Users/kacor/Desktop/backend-SGTE/src/main/java/com/app/backend/services/academico/impl/CoordinadorServiceImpl.java:[52,98] cannot find symbol
[ERROR]   symbol:   method getIdCoordinador()
[ERROR]   location: variable c of type com.app.backend.entities.academico.Coordinador
[ERROR] /C:/Users/kacor/Desktop/backend-SGTE/src/main/java/com/app/backend/services/academico/impl/CoordinadorServiceImpl.java:[52,130] cannot find symbol
[ERROR]   symbol:   method getUsuario()
[ERROR]   location: variable c of type com.app.backend.entities.academico.Coordinador
[ERROR] /C:/Users/kacor/Desktop/backend-SGTE/src/main/java/com/app/backend/services/academico/impl/CoordinadorServiceImpl.java:[52,171] cannot find symbol
[ERROR]   symbol:   method getCarrera()
[ERROR]   location: variable c of type com.app.backend.entities.academico.Coordinador
[ERROR] /C:/Users/kacor/Desktop/backend-SGTE/src/main/java/com/app/backend/services/academico/impl/CoordinadorServiceImpl.java:[52,196] cannot find symbol
[ERROR]   symbol:   method getCarrera()
[ERROR]   location: variable c of type com.app.backend.entities.academico.Coordinador
[ERROR] /C:/Users/kacor/Desktop/backend-SGTE/src/main/java/com/app/backend/services/academico/impl/CoordinadorServiceImpl.java:[52,251] cannot find symbol
[ERROR]   symbol:   method getUbicacionOficina()
[ERROR]   location: variable c of type com.app.backend.entities.academico.Coordinador
[ERROR] /C:/Users/kacor/Desktop/backend-SGTE/src/main/java/com/app/backend/services/academico/impl/CoordinadorServiceImpl.java:[52,292] cannot find symbol
[ERROR]   symbol:   method getHorarioAtencion()
[ERROR]   location: variable c of type com.app.backend.entities.academico.Coordinador
[ERROR] /C:/Users/kacor/Desktop/backend-SGTE/src/main/java/com/app/backend/services/academico/impl/CoordinadorServiceImpl.java:[52,327] cannot find symbol
[ERROR]   symbol:   method getEstaActivo()
[ERROR]   location: variable c of type com.app.backend.entities.academico.Coordinador
[ERROR] /C:/Users/kacor/Desktop/backend-SGTE/src/main/java/com/app/backend/services/academico/impl/CoordinadorServiceImpl.java:[52,364] cannot find symbol
[ERROR]   symbol:   method getFechaNombramiento()
[ERROR]   location: variable c of type com.app.backend.entities.academico.Coordinador
[ERROR] /C:/Users/kacor/Desktop/backend-SGTE/src/main/java/com/app/backend/services/academico/impl/CoordinadorServiceImpl.java:[52,407] cannot find symbol
[ERROR]   symbol:   method getIdCoordinadorSga()
[ERROR]   location: variable c of type com.app.backend.entities.academico.Coordinador
[ERROR] /C:/Users/kacor/Desktop/backend-SGTE/src/main/java/com/app/backend/services/academico/impl/DecanoServiceImpl.java:[34,51] cannot find symbol
[ERROR]   symbol:   method getIdUsuario()
[ERROR]   location: variable dto of type com.app.backend.dtos.academico.DecanoDTO
[ERROR] /C:/Users/kacor/Desktop/backend-SGTE/src/main/java/com/app/backend/services/academico/impl/DecanoServiceImpl.java:[34,150] cannot find symbol
[ERROR]   symbol:   method getIdUsuario()
[ERROR]   location: variable dto of type com.app.backend.dtos.academico.DecanoDTO
[ERROR] /C:/Users/kacor/Desktop/backend-SGTE/src/main/java/com/app/backend/services/academico/impl/DecanoServiceImpl.java:[35,26] cannot find symbol
[ERROR]   symbol:   method builder()
[ERROR]   location: class com.app.backend.entities.academico.Decano
[ERROR] /C:/Users/kacor/Desktop/backend-SGTE/src/main/java/com/app/backend/services/academico/impl/DecanoServiceImpl.java:[35,69] cannot find symbol
[ERROR]   symbol:   method getFechaNombramiento()
[ERROR]   location: variable dto of type com.app.backend.dtos.academico.DecanoDTO
[ERROR] /C:/Users/kacor/Desktop/backend-SGTE/src/main/java/com/app/backend/services/academico/impl/DecanoServiceImpl.java:[35,108] cannot find symbol
[ERROR]   symbol:   method getEstaActivo()
[ERROR]   location: variable dto of type com.app.backend.dtos.academico.DecanoDTO
[ERROR] /C:/Users/kacor/Desktop/backend-SGTE/src/main/java/com/app/backend/services/academico/impl/DecanoServiceImpl.java:[35,138] cannot find symbol
[ERROR]   symbol:   method getEstaActivo()
[ERROR]   location: variable dto of type com.app.backend.dtos.academico.DecanoDTO
[ERROR] /C:/Users/kacor/Desktop/backend-SGTE/src/main/java/com/app/backend/services/academico/impl/DecanoServiceImpl.java:[35,178] cannot find symbol
[ERROR]   symbol:   method getIdDecanoSga()
[ERROR]   location: variable dto of type com.app.backend.dtos.academico.DecanoDTO
[ERROR] /C:/Users/kacor/Desktop/backend-SGTE/src/main/java/com/app/backend/services/academico/impl/DecanoServiceImpl.java:[36,16] cannot find symbol
[ERROR]   symbol:   method getIdFacultad()
[ERROR]   location: variable dto of type com.app.backend.dtos.academico.DecanoDTO
[ERROR] /C:/Users/kacor/Desktop/backend-SGTE/src/main/java/com/app/backend/services/academico/impl/DecanoServiceImpl.java:[36,89] cannot find symbol
[ERROR]   symbol:   method getIdFacultad()
[ERROR]   location: variable dto of type com.app.backend.dtos.academico.DecanoDTO
[ERROR] /C:/Users/kacor/Desktop/backend-SGTE/src/main/java/com/app/backend/services/academico/impl/DecanoServiceImpl.java:[36,190] cannot find symbol
[ERROR]   symbol:   method getIdFacultad()
[ERROR]   location: variable dto of type com.app.backend.dtos.academico.DecanoDTO
[ERROR] /C:/Users/kacor/Desktop/backend-SGTE/src/main/java/com/app/backend/services/academico/impl/DecanoServiceImpl.java:[43,35] cannot find symbol
[ERROR]   symbol:   method getFechaNombramiento()
[ERROR]   location: variable dto of type com.app.backend.dtos.academico.DecanoDTO
[ERROR] /C:/Users/kacor/Desktop/backend-SGTE/src/main/java/com/app/backend/services/academico/impl/DecanoServiceImpl.java:[43,80] cannot find symbol
[ERROR]   symbol:   method getEstaActivo()
[ERROR]   location: variable dto of type com.app.backend.dtos.academico.DecanoDTO
[ERROR] /C:/Users/kacor/Desktop/backend-SGTE/src/main/java/com/app/backend/services/academico/impl/DecanoServiceImpl.java:[43,119] cannot find symbol
[ERROR]   symbol:   method getIdDecanoSga()
[ERROR]   location: variable dto of type com.app.backend.dtos.academico.DecanoDTO
[ERROR] /C:/Users/kacor/Desktop/backend-SGTE/src/main/java/com/app/backend/services/academico/impl/DecanoServiceImpl.java:[44,16] cannot find symbol
[ERROR]   symbol:   method getIdFacultad()
[ERROR]   location: variable dto of type com.app.backend.dtos.academico.DecanoDTO
[ERROR] /C:/Users/kacor/Desktop/backend-SGTE/src/main/java/com/app/backend/services/academico/impl/DecanoServiceImpl.java:[44,89] cannot find symbol
[ERROR]   symbol:   method getIdFacultad()
[ERROR]   location: variable dto of type com.app.backend.dtos.academico.DecanoDTO
[ERROR] /C:/Users/kacor/Desktop/backend-SGTE/src/main/java/com/app/backend/services/academico/impl/DecanoServiceImpl.java:[44,190] cannot find symbol
[ERROR]   symbol:   method getIdFacultad()
[ERROR]   location: variable dto of type com.app.backend.dtos.academico.DecanoDTO
[ERROR] /C:/Users/kacor/Desktop/backend-SGTE/src/main/java/com/app/backend/services/academico/impl/DecanoServiceImpl.java:[50,57] cannot find symbol
[ERROR]   symbol:   method builder()
[ERROR]   location: class com.app.backend.dtos.academico.DecanoDTO
[ERROR] /C:/Users/kacor/Desktop/backend-SGTE/src/main/java/com/app/backend/services/academico/impl/DecanoServiceImpl.java:[50,78] cannot find symbol
[ERROR]   symbol:   method getIdDecano()
[ERROR]   location: variable d of type com.app.backend.entities.academico.Decano
[ERROR] /C:/Users/kacor/Desktop/backend-SGTE/src/main/java/com/app/backend/services/academico/impl/DecanoServiceImpl.java:[50,105] cannot find symbol
[ERROR]   symbol:   method getUsuario()
[ERROR]   location: variable d of type com.app.backend.entities.academico.Decano
[ERROR] /C:/Users/kacor/Desktop/backend-SGTE/src/main/java/com/app/backend/services/academico/impl/DecanoServiceImpl.java:[50,147] cannot find symbol
[ERROR]   symbol:   method getFacultad()
[ERROR]   location: variable d of type com.app.backend.entities.academico.Decano
[ERROR] /C:/Users/kacor/Desktop/backend-SGTE/src/main/java/com/app/backend/services/academico/impl/DecanoServiceImpl.java:[50,173] cannot find symbol
[ERROR]   symbol:   method getFacultad()
[ERROR]   location: variable d of type com.app.backend.entities.academico.Decano
[ERROR] /C:/Users/kacor/Desktop/backend-SGTE/src/main/java/com/app/backend/services/academico/impl/DecanoServiceImpl.java:[50,231] cannot find symbol
[ERROR]   symbol:   method getFechaNombramiento()
[ERROR]   location: variable d of type com.app.backend.entities.academico.Decano
[ERROR] /C:/Users/kacor/Desktop/backend-SGTE/src/main/java/com/app/backend/services/academico/impl/DecanoServiceImpl.java:[50,268] cannot find symbol
[ERROR]   symbol:   method getEstaActivo()
[ERROR]   location: variable d of type com.app.backend.entities.academico.Decano
[ERROR] /C:/Users/kacor/Desktop/backend-SGTE/src/main/java/com/app/backend/services/academico/impl/DecanoServiceImpl.java:[50,299] cannot find symbol
[ERROR]   symbol:   method getIdDecanoSga()
[ERROR]   location: variable d of type com.app.backend.entities.academico.Decano
[ERROR] /C:/Users/kacor/Desktop/backend-SGTE/src/main/java/com/app/backend/services/academico/impl/EstudianteServiceImpl.java:[45,51] cannot find symbol
[ERROR]   symbol:   method getIdUsuario()
[ERROR]   location: variable dto of type com.app.backend.dtos.academico.EstudianteDTO
[ERROR] /C:/Users/kacor/Desktop/backend-SGTE/src/main/java/com/app/backend/services/academico/impl/EstudianteServiceImpl.java:[45,150] cannot find symbol
[ERROR]   symbol:   method getIdUsuario()
[ERROR]   location: variable dto of type com.app.backend.dtos.academico.EstudianteDTO
[ERROR] /C:/Users/kacor/Desktop/backend-SGTE/src/main/java/com/app/backend/services/academico/impl/EstudianteServiceImpl.java:[46,51] cannot find symbol
[ERROR]   symbol:   method getIdCarrera()
[ERROR]   location: variable dto of type com.app.backend.dtos.academico.EstudianteDTO
[ERROR] /C:/Users/kacor/Desktop/backend-SGTE/src/main/java/com/app/backend/services/academico/impl/EstudianteServiceImpl.java:[46,150] cannot find symbol
[ERROR]   symbol:   method getIdCarrera()
[ERROR]   location: variable dto of type com.app.backend.dtos.academico.EstudianteDTO
[ERROR] /C:/Users/kacor/Desktop/backend-SGTE/src/main/java/com/app/backend/services/academico/impl/EstudianteServiceImpl.java:[47,34] cannot find symbol
[ERROR]   symbol:   method builder()
[ERROR]   location: class com.app.backend.entities.academico.Estudiante
[ERROR] /C:/Users/kacor/Desktop/backend-SGTE/src/main/java/com/app/backend/services/academico/impl/EstudianteServiceImpl.java:[47,79] cannot find symbol
[ERROR]   symbol:   method getParalelo()
[ERROR]   location: variable dto of type com.app.backend.dtos.academico.EstudianteDTO
[ERROR] /C:/Users/kacor/Desktop/backend-SGTE/src/main/java/com/app/backend/services/academico/impl/EstudianteServiceImpl.java:[47,114] cannot find symbol
[ERROR]   symbol:   method getEstadoAcademico()
[ERROR]   location: variable dto of type com.app.backend.dtos.academico.EstudianteDTO
[ERROR] /C:/Users/kacor/Desktop/backend-SGTE/src/main/java/com/app/backend/services/academico/impl/EstudianteServiceImpl.java:[47,155] cannot find symbol
[ERROR]   symbol:   method getFechaMatricula()
[ERROR]   location: variable dto of type com.app.backend.dtos.academico.EstudianteDTO
[ERROR] /C:/Users/kacor/Desktop/backend-SGTE/src/main/java/com/app/backend/services/academico/impl/EstudianteServiceImpl.java:[47,190] cannot find symbol
[ERROR]   symbol:   method getEsExterno()
[ERROR]   location: variable dto of type com.app.backend.dtos.academico.EstudianteDTO
[ERROR] /C:/Users/kacor/Desktop/backend-SGTE/src/main/java/com/app/backend/services/academico/impl/EstudianteServiceImpl.java:[47,226] cannot find symbol
[ERROR]   symbol:   method getIdEstudianteSga()
[ERROR]   location: variable dto of type com.app.backend.dtos.academico.EstudianteDTO
[ERROR] /C:/Users/kacor/Desktop/backend-SGTE/src/main/java/com/app/backend/services/academico/impl/EstudianteServiceImpl.java:[48,16] cannot find symbol
[ERROR]   symbol:   method getIdPeriodo()
[ERROR]   location: variable dto of type com.app.backend.dtos.academico.EstudianteDTO
[ERROR] /C:/Users/kacor/Desktop/backend-SGTE/src/main/java/com/app/backend/services/academico/impl/EstudianteServiceImpl.java:[48,86] cannot find symbol
[ERROR]   symbol:   method getIdPeriodo()
[ERROR]   location: variable dto of type com.app.backend.dtos.academico.EstudianteDTO
[ERROR] /C:/Users/kacor/Desktop/backend-SGTE/src/main/java/com/app/backend/services/academico/impl/EstudianteServiceImpl.java:[48,185] cannot find symbol
[ERROR]   symbol:   method getIdPeriodo()
[ERROR]   location: variable dto of type com.app.backend.dtos.academico.EstudianteDTO
[ERROR] /C:/Users/kacor/Desktop/backend-SGTE/src/main/java/com/app/backend/services/academico/impl/EstudianteServiceImpl.java:[55,26] cannot find symbol
[ERROR]   symbol:   method getParalelo()
[ERROR]   location: variable dto of type com.app.backend.dtos.academico.EstudianteDTO
[ERROR] /C:/Users/kacor/Desktop/backend-SGTE/src/main/java/com/app/backend/services/academico/impl/EstudianteServiceImpl.java:[55,67] cannot find symbol
[ERROR]   symbol:   method getEstadoAcademico()
[ERROR]   location: variable dto of type com.app.backend.dtos.academico.EstudianteDTO
[ERROR] /C:/Users/kacor/Desktop/backend-SGTE/src/main/java/com/app/backend/services/academico/impl/EstudianteServiceImpl.java:[55,114] cannot find symbol
[ERROR]   symbol:   method getFechaMatricula()
[ERROR]   location: variable dto of type com.app.backend.dtos.academico.EstudianteDTO
[ERROR] /C:/Users/kacor/Desktop/backend-SGTE/src/main/java/com/app/backend/services/academico/impl/EstudianteServiceImpl.java:[55,155] cannot find symbol
[ERROR]   symbol:   method getEsExterno()
[ERROR]   location: variable dto of type com.app.backend.dtos.academico.EstudianteDTO
[ERROR] /C:/Users/kacor/Desktop/backend-SGTE/src/main/java/com/app/backend/services/academico/impl/EstudianteServiceImpl.java:[55,197] cannot find symbol
[ERROR]   symbol:   method getIdEstudianteSga()
[ERROR]   location: variable dto of type com.app.backend.dtos.academico.EstudianteDTO
[ERROR] /C:/Users/kacor/Desktop/backend-SGTE/src/main/java/com/app/backend/services/academico/impl/EstudianteServiceImpl.java:[56,16] cannot find symbol
[ERROR]   symbol:   method getIdCarrera()
[ERROR]   location: variable dto of type com.app.backend.dtos.academico.EstudianteDTO
[ERROR] /C:/Users/kacor/Desktop/backend-SGTE/src/main/java/com/app/backend/services/academico/impl/EstudianteServiceImpl.java:[56,86] cannot find symbol
[ERROR]   symbol:   method getIdCarrera()
[ERROR]   location: variable dto of type com.app.backend.dtos.academico.EstudianteDTO
[ERROR] /C:/Users/kacor/Desktop/backend-SGTE/src/main/java/com/app/backend/services/academico/impl/EstudianteServiceImpl.java:[56,185] cannot find symbol
[ERROR]   symbol:   method getIdCarrera()
[ERROR]   location: variable dto of type com.app.backend.dtos.academico.EstudianteDTO
[ERROR] /C:/Users/kacor/Desktop/backend-SGTE/src/main/java/com/app/backend/services/academico/impl/EstudianteServiceImpl.java:[57,16] cannot find symbol
[ERROR]   symbol:   method getIdPeriodo()
[ERROR]   location: variable dto of type com.app.backend.dtos.academico.EstudianteDTO
[ERROR] /C:/Users/kacor/Desktop/backend-SGTE/src/main/java/com/app/backend/services/academico/impl/EstudianteServiceImpl.java:[57,86] cannot find symbol
[ERROR]   symbol:   method getIdPeriodo()
[ERROR]   location: variable dto of type com.app.backend.dtos.academico.EstudianteDTO
[ERROR] /C:/Users/kacor/Desktop/backend-SGTE/src/main/java/com/app/backend/services/academico/impl/EstudianteServiceImpl.java:[57,185] cannot find symbol
[ERROR]   symbol:   method getIdPeriodo()
[ERROR]   location: variable dto of type com.app.backend.dtos.academico.EstudianteDTO
[ERROR] /C:/Users/kacor/Desktop/backend-SGTE/src/main/java/com/app/backend/services/academico/impl/EstudianteServiceImpl.java:[65,29] cannot find symbol
[ERROR]   symbol:   method builder()
[ERROR]   location: class com.app.backend.dtos.academico.EstudianteDTO
[ERROR] /C:/Users/kacor/Desktop/backend-SGTE/src/main/java/com/app/backend/services/academico/impl/EstudianteServiceImpl.java:[65,54] cannot find symbol
[ERROR]   symbol:   method getIdEstudiante()
[ERROR]   location: variable e of type com.app.backend.entities.academico.Estudiante
[ERROR] /C:/Users/kacor/Desktop/backend-SGTE/src/main/java/com/app/backend/services/academico/impl/EstudianteServiceImpl.java:[65,85] cannot find symbol
[ERROR]   symbol:   method getUsuario()
[ERROR]   location: variable e of type com.app.backend.entities.academico.Estudiante
[ERROR] /C:/Users/kacor/Desktop/backend-SGTE/src/main/java/com/app/backend/services/academico/impl/EstudianteServiceImpl.java:[65,126] cannot find symbol
[ERROR]   symbol:   method getCarrera()
[ERROR]   location: variable e of type com.app.backend.entities.academico.Estudiante
[ERROR] /C:/Users/kacor/Desktop/backend-SGTE/src/main/java/com/app/backend/services/academico/impl/EstudianteServiceImpl.java:[65,167] cannot find symbol
[ERROR]   symbol:   method getPeriodo()
[ERROR]   location: variable e of type com.app.backend.entities.academico.Estudiante
[ERROR] /C:/Users/kacor/Desktop/backend-SGTE/src/main/java/com/app/backend/services/academico/impl/EstudianteServiceImpl.java:[65,192] cannot find symbol
[ERROR]   symbol:   method getPeriodo()
[ERROR]   location: variable e of type com.app.backend.entities.academico.Estudiante
[ERROR] /C:/Users/kacor/Desktop/backend-SGTE/src/main/java/com/app/backend/services/academico/impl/EstudianteServiceImpl.java:[65,239] cannot find symbol
[ERROR]   symbol:   method getParalelo()
[ERROR]   location: variable e of type com.app.backend.entities.academico.Estudiante
[ERROR] /C:/Users/kacor/Desktop/backend-SGTE/src/main/java/com/app/backend/services/academico/impl/EstudianteServiceImpl.java:[65,272] cannot find symbol
[ERROR]   symbol:   method getEstadoAcademico()
[ERROR]   location: variable e of type com.app.backend.entities.academico.Estudiante
[ERROR] /C:/Users/kacor/Desktop/backend-SGTE/src/main/java/com/app/backend/services/academico/impl/EstudianteServiceImpl.java:[65,311] cannot find symbol
[ERROR]   symbol:   method getFechaMatricula()
[ERROR]   location: variable e of type com.app.backend.entities.academico.Estudiante
[ERROR] /C:/Users/kacor/Desktop/backend-SGTE/src/main/java/com/app/backend/services/academico/impl/EstudianteServiceImpl.java:[65,344] cannot find symbol
[ERROR]   symbol:   method getEsExterno()
[ERROR]   location: variable e of type com.app.backend.entities.academico.Estudiante
[ERROR] /C:/Users/kacor/Desktop/backend-SGTE/src/main/java/com/app/backend/services/academico/impl/EstudianteServiceImpl.java:[65,378] cannot find symbol
[ERROR]   symbol:   method getIdEstudianteSga()
[ERROR]   location: variable e of type com.app.backend.entities.academico.Estudiante
[ERROR] /C:/Users/kacor/Desktop/backend-SGTE/src/main/java/com/app/backend/services/academico/impl/EstudianteServiceImpl.java:[65,423] cannot find symbol
[ERROR]   symbol:   method getUltimaSincronizacion()
[ERROR]   location: variable e of type com.app.backend.entities.academico.Estudiante
[ERROR] /C:/Users/kacor/Desktop/backend-SGTE/src/main/java/com/app/backend/services/academico/impl/FacultadServiceImpl.java:[37,59] cannot find symbol
[ERROR]   symbol:   method getIdUniversidad()
[ERROR]   location: variable dto of type com.app.backend.dtos.academico.FacultadDTO
[ERROR] /C:/Users/kacor/Desktop/backend-SGTE/src/main/java/com/app/backend/services/academico/impl/FacultadServiceImpl.java:[37,166] cannot find symbol
[ERROR]   symbol:   method getIdUniversidad()
[ERROR]   location: variable dto of type com.app.backend.dtos.academico.FacultadDTO
[ERROR] /C:/Users/kacor/Desktop/backend-SGTE/src/main/java/com/app/backend/services/academico/impl/FacultadServiceImpl.java:[38,30] cannot find symbol
[ERROR]   symbol:   method builder()
[ERROR]   location: class com.app.backend.entities.academico.Facultad
[ERROR] /C:/Users/kacor/Desktop/backend-SGTE/src/main/java/com/app/backend/services/academico/impl/FacultadServiceImpl.java:[38,59] cannot find symbol
[ERROR]   symbol:   method getNombreFacultad()
[ERROR]   location: variable dto of type com.app.backend.dtos.academico.FacultadDTO
[ERROR] /C:/Users/kacor/Desktop/backend-SGTE/src/main/java/com/app/backend/services/academico/impl/FacultadServiceImpl.java:[38,101] cannot find symbol
[ERROR]   symbol:   method getUbicacionOficina()
[ERROR]   location: variable dto of type com.app.backend.dtos.academico.FacultadDTO
[ERROR] /C:/Users/kacor/Desktop/backend-SGTE/src/main/java/com/app/backend/services/academico/impl/FacultadServiceImpl.java:[38,142] cannot find symbol
[ERROR]   symbol:   method getEmailFacultad()
[ERROR]   location: variable dto of type com.app.backend.dtos.academico.FacultadDTO
[ERROR] /C:/Users/kacor/Desktop/backend-SGTE/src/main/java/com/app/backend/services/academico/impl/FacultadServiceImpl.java:[45,32] cannot find symbol
[ERROR]   symbol:   method getNombreFacultad()
[ERROR]   location: variable dto of type com.app.backend.dtos.academico.FacultadDTO
[ERROR] /C:/Users/kacor/Desktop/backend-SGTE/src/main/java/com/app/backend/services/academico/impl/FacultadServiceImpl.java:[46,34] cannot find symbol
[ERROR]   symbol:   method getUbicacionOficina()
[ERROR]   location: variable dto of type com.app.backend.dtos.academico.FacultadDTO
[ERROR] /C:/Users/kacor/Desktop/backend-SGTE/src/main/java/com/app/backend/services/academico/impl/FacultadServiceImpl.java:[47,31] cannot find symbol
[ERROR]   symbol:   method getEmailFacultad()
[ERROR]   location: variable dto of type com.app.backend.dtos.academico.FacultadDTO
[ERROR] /C:/Users/kacor/Desktop/backend-SGTE/src/main/java/com/app/backend/services/academico/impl/FacultadServiceImpl.java:[48,16] cannot find symbol
[ERROR]   symbol:   method getIdUniversidad()
[ERROR]   location: variable dto of type com.app.backend.dtos.academico.FacultadDTO
[ERROR] /C:/Users/kacor/Desktop/backend-SGTE/src/main/java/com/app/backend/services/academico/impl/FacultadServiceImpl.java:[49,63] cannot find symbol
[ERROR]   symbol:   method getIdUniversidad()
[ERROR]   location: variable dto of type com.app.backend.dtos.academico.FacultadDTO
[ERROR] /C:/Users/kacor/Desktop/backend-SGTE/src/main/java/com/app/backend/services/academico/impl/FacultadServiceImpl.java:[49,170] cannot find symbol
[ERROR]   symbol:   method getIdUniversidad()
[ERROR]   location: variable dto of type com.app.backend.dtos.academico.FacultadDTO
[ERROR] /C:/Users/kacor/Desktop/backend-SGTE/src/main/java/com/app/backend/services/academico/impl/FacultadServiceImpl.java:[50,14] cannot find symbol
[ERROR]   symbol:   method setUniversidad(com.app.backend.entities.academico.Universidad)
[ERROR]   location: variable f of type com.app.backend.entities.academico.Facultad
[ERROR] /C:/Users/kacor/Desktop/backend-SGTE/src/main/java/com/app/backend/services/academico/impl/FacultadServiceImpl.java:[58,63] cannot find symbol
[ERROR]   symbol:   method builder()
[ERROR]   location: class com.app.backend.dtos.academico.FacultadDTO
[ERROR] /C:/Users/kacor/Desktop/backend-SGTE/src/main/java/com/app/backend/services/academico/impl/FacultadServiceImpl.java:[58,86] cannot find symbol
[ERROR]   symbol:   method getIdFacultad()
[ERROR]   location: variable f of type com.app.backend.entities.academico.Facultad
[ERROR] /C:/Users/kacor/Desktop/backend-SGTE/src/main/java/com/app/backend/services/academico/impl/FacultadServiceImpl.java:[58,120] cannot find symbol
[ERROR]   symbol:   method getNombreFacultad()
[ERROR]   location: variable f of type com.app.backend.entities.academico.Facultad
[ERROR] /C:/Users/kacor/Desktop/backend-SGTE/src/main/java/com/app/backend/services/academico/impl/FacultadServiceImpl.java:[58,160] cannot find symbol
[ERROR]   symbol:   method getUbicacionOficina()
[ERROR]   location: variable f of type com.app.backend.entities.academico.Facultad
[ERROR] /C:/Users/kacor/Desktop/backend-SGTE/src/main/java/com/app/backend/services/academico/impl/FacultadServiceImpl.java:[58,199] cannot find symbol
[ERROR]   symbol:   method getEmailFacultad()
[ERROR]   location: variable f of type com.app.backend.entities.academico.Facultad
[ERROR] /C:/Users/kacor/Desktop/backend-SGTE/src/main/java/com/app/backend/services/academico/impl/FacultadServiceImpl.java:[58,235] cannot find symbol
[ERROR]   symbol:   method getUniversidad()
[ERROR]   location: variable f of type com.app.backend.entities.academico.Facultad
[ERROR] /C:/Users/kacor/Desktop/backend-SGTE/src/main/java/com/app/backend/services/academico/impl/SemestreServiceImpl.java:[34,28] cannot find symbol
[ERROR]   symbol:   method builder()
[ERROR]   location: class com.app.backend.entities.academico.Periodo
[ERROR] /C:/Users/kacor/Desktop/backend-SGTE/src/main/java/com/app/backend/services/academico/impl/SemestreServiceImpl.java:[34,56] cannot find symbol
[ERROR]   symbol:   method getCodigoPeriodo()
[ERROR]   location: variable dto of type com.app.backend.dtos.academico.SemestreDTO
[ERROR] /C:/Users/kacor/Desktop/backend-SGTE/src/main/java/com/app/backend/services/academico/impl/SemestreServiceImpl.java:[34,94] cannot find symbol
[ERROR]   symbol:   method getNombrePeriodo()
[ERROR]   location: variable dto of type com.app.backend.dtos.academico.SemestreDTO
[ERROR] /C:/Users/kacor/Desktop/backend-SGTE/src/main/java/com/app/backend/services/academico/impl/SemestreServiceImpl.java:[34,130] cannot find symbol
[ERROR]   symbol:   method getFechaInicio()
[ERROR]   location: variable dto of type com.app.backend.dtos.academico.SemestreDTO
[ERROR] /C:/Users/kacor/Desktop/backend-SGTE/src/main/java/com/app/backend/services/academico/impl/SemestreServiceImpl.java:[34,161] cannot find symbol
[ERROR]   symbol:   method getFechaFin()
[ERROR]   location: variable dto of type com.app.backend.dtos.academico.SemestreDTO
[ERROR] /C:/Users/kacor/Desktop/backend-SGTE/src/main/java/com/app/backend/services/academico/impl/SemestreServiceImpl.java:[34,191] cannot find symbol
[ERROR]   symbol:   method getEstaActivo()
[ERROR]   location: variable dto of type com.app.backend.dtos.academico.SemestreDTO
[ERROR] /C:/Users/kacor/Desktop/backend-SGTE/src/main/java/com/app/backend/services/academico/impl/SemestreServiceImpl.java:[34,221] cannot find symbol
[ERROR]   symbol:   method getEstaActivo()
[ERROR]   location: variable dto of type com.app.backend.dtos.academico.SemestreDTO
[ERROR] /C:/Users/kacor/Desktop/backend-SGTE/src/main/java/com/app/backend/services/academico/impl/SemestreServiceImpl.java:[41,31] cannot find symbol
[ERROR]   symbol:   method getCodigoPeriodo()
[ERROR]   location: variable dto of type com.app.backend.dtos.academico.SemestreDTO
[ERROR] /C:/Users/kacor/Desktop/backend-SGTE/src/main/java/com/app/backend/services/academico/impl/SemestreServiceImpl.java:[41,75] cannot find symbol
[ERROR]   symbol:   method getNombrePeriodo()
[ERROR]   location: variable dto of type com.app.backend.dtos.academico.SemestreDTO
[ERROR] /C:/Users/kacor/Desktop/backend-SGTE/src/main/java/com/app/backend/services/academico/impl/SemestreServiceImpl.java:[41,117] cannot find symbol
[ERROR]   symbol:   method getFechaInicio()
[ERROR]   location: variable dto of type com.app.backend.dtos.academico.SemestreDTO
[ERROR] /C:/Users/kacor/Desktop/backend-SGTE/src/main/java/com/app/backend/services/academico/impl/SemestreServiceImpl.java:[41,154] cannot find symbol
[ERROR]   symbol:   method getFechaFin()
[ERROR]   location: variable dto of type com.app.backend.dtos.academico.SemestreDTO
[ERROR] /C:/Users/kacor/Desktop/backend-SGTE/src/main/java/com/app/backend/services/academico/impl/SemestreServiceImpl.java:[41,190] cannot find symbol
[ERROR]   symbol:   method getEstaActivo()
[ERROR]   location: variable dto of type com.app.backend.dtos.academico.SemestreDTO
[ERROR] /C:/Users/kacor/Desktop/backend-SGTE/src/main/java/com/app/backend/services/academico/impl/SemestreServiceImpl.java:[48,62] cannot find symbol
[ERROR]   symbol:   method builder()
[ERROR]   location: class com.app.backend.dtos.academico.SemestreDTO
[ERROR] /C:/Users/kacor/Desktop/backend-SGTE/src/main/java/com/app/backend/services/academico/impl/SemestreServiceImpl.java:[48,85] cannot find symbol
[ERROR]   symbol:   method getIdPeriodo()
[ERROR]   location: variable s of type com.app.backend.entities.academico.Periodo
[ERROR] /C:/Users/kacor/Desktop/backend-SGTE/src/main/java/com/app/backend/services/academico/impl/SemestreServiceImpl.java:[48,117] cannot find symbol
[ERROR]   symbol:   method getCodigoPeriodo()
[ERROR]   location: variable s of type com.app.backend.entities.academico.Periodo
[ERROR] /C:/Users/kacor/Desktop/backend-SGTE/src/main/java/com/app/backend/services/academico/impl/SemestreServiceImpl.java:[48,153] cannot find symbol
[ERROR]   symbol:   method getNombrePeriodo()
[ERROR]   location: variable s of type com.app.backend.entities.academico.Periodo
[ERROR] /C:/Users/kacor/Desktop/backend-SGTE/src/main/java/com/app/backend/services/academico/impl/SemestreServiceImpl.java:[48,187] cannot find symbol
[ERROR]   symbol:   method getFechaInicio()
[ERROR]   location: variable s of type com.app.backend.entities.academico.Periodo
[ERROR] /C:/Users/kacor/Desktop/backend-SGTE/src/main/java/com/app/backend/services/academico/impl/SemestreServiceImpl.java:[48,216] cannot find symbol
[ERROR]   symbol:   method getFechaFin()
[ERROR]   location: variable s of type com.app.backend.entities.academico.Periodo
[ERROR] /C:/Users/kacor/Desktop/backend-SGTE/src/main/java/com/app/backend/services/academico/impl/SemestreServiceImpl.java:[48,244] cannot find symbol
[ERROR]   symbol:   method getEstaActivo()
[ERROR]   location: variable s of type com.app.backend.entities.academico.Periodo
[ERROR] /C:/Users/kacor/Desktop/backend-SGTE/src/main/java/com/app/backend/services/academico/impl/UniversidadServiceImpl.java:[38,36] cannot find symbol
[ERROR]   symbol:   method builder()
[ERROR]   location: class com.app.backend.entities.academico.Universidad
[ERROR] /C:/Users/kacor/Desktop/backend-SGTE/src/main/java/com/app/backend/services/academico/impl/UniversidadServiceImpl.java:[39,39] cannot find symbol
[ERROR]   symbol:   method getNombreUniversidad()
[ERROR]   location: variable dto of type com.app.backend.dtos.academico.UniversidadDTO
[ERROR] /C:/Users/kacor/Desktop/backend-SGTE/src/main/java/com/app/backend/services/academico/impl/UniversidadServiceImpl.java:[40,31] cannot find symbol
[ERROR]   symbol:   method getEsPublica()
[ERROR]   location: variable dto of type com.app.backend.dtos.academico.UniversidadDTO
[ERROR] /C:/Users/kacor/Desktop/backend-SGTE/src/main/java/com/app/backend/services/academico/impl/UniversidadServiceImpl.java:[40,60] cannot find symbol
[ERROR]   symbol:   method getEsPublica()
[ERROR]   location: variable dto of type com.app.backend.dtos.academico.UniversidadDTO
[ERROR] /C:/Users/kacor/Desktop/backend-SGTE/src/main/java/com/app/backend/services/academico/impl/UniversidadServiceImpl.java:[49,35] cannot find symbol
[ERROR]   symbol:   method getNombreUniversidad()
[ERROR]   location: variable dto of type com.app.backend.dtos.academico.UniversidadDTO
[ERROR] /C:/Users/kacor/Desktop/backend-SGTE/src/main/java/com/app/backend/services/academico/impl/UniversidadServiceImpl.java:[50,27] cannot find symbol
[ERROR]   symbol:   method getEsPublica()
[ERROR]   location: variable dto of type com.app.backend.dtos.academico.UniversidadDTO
[ERROR] /C:/Users/kacor/Desktop/backend-SGTE/src/main/java/com/app/backend/services/academico/impl/UniversidadServiceImpl.java:[61,30] cannot find symbol
[ERROR]   symbol:   method builder()
[ERROR]   location: class com.app.backend.dtos.academico.UniversidadDTO
[ERROR] /C:/Users/kacor/Desktop/backend-SGTE/src/main/java/com/app/backend/services/academico/impl/UniversidadServiceImpl.java:[61,56] cannot find symbol
[ERROR]   symbol:   method getIdUniversidad()
[ERROR]   location: variable u of type com.app.backend.entities.academico.Universidad
[ERROR] /C:/Users/kacor/Desktop/backend-SGTE/src/main/java/com/app/backend/services/academico/impl/UniversidadServiceImpl.java:[61,96] cannot find symbol
[ERROR]   symbol:   method getNombreUniversidad()
[ERROR]   location: variable u of type com.app.backend.entities.academico.Universidad
[ERROR] /C:/Users/kacor/Desktop/backend-SGTE/src/main/java/com/app/backend/services/academico/impl/UniversidadServiceImpl.java:[61,132] cannot find symbol
[ERROR]   symbol:   method getEsPublica()
[ERROR]   location: variable u of type com.app.backend.entities.academico.Universidad
[ERROR] /C:/Users/kacor/Desktop/backend-SGTE/src/main/java/com/app/backend/services/documentos/impl/DocumentoAdjuntoServiceImpl.java:[38,46] cannot find symbol
[ERROR]   symbol:   method builder()
[ERROR]   location: class com.app.backend.entities.documentos.DocumentoAdjunto
[ERROR] /C:/Users/kacor/Desktop/backend-SGTE/src/main/java/com/app/backend/services/documentos/impl/DocumentoAdjuntoServiceImpl.java:[39,60] cannot find symbol
[ERROR]   symbol:   method getIdSolicitud()
[ERROR]   location: variable dto of type com.app.backend.dtos.documentos.DocumentoAdjuntoDTO
[ERROR] /C:/Users/kacor/Desktop/backend-SGTE/src/main/java/com/app/backend/services/documentos/impl/DocumentoAdjuntoServiceImpl.java:[39,163] cannot find symbol
[ERROR]   symbol:   method getIdSolicitud()
[ERROR]   location: variable dto of type com.app.backend.dtos.documentos.DocumentoAdjuntoDTO
[ERROR] /C:/Users/kacor/Desktop/backend-SGTE/src/main/java/com/app/backend/services/documentos/impl/DocumentoAdjuntoServiceImpl.java:[40,35] cannot find symbol
[ERROR]   symbol:   method getNombreArchivo()
[ERROR]   location: variable dto of type com.app.backend.dtos.documentos.DocumentoAdjuntoDTO
[ERROR] /C:/Users/kacor/Desktop/backend-SGTE/src/main/java/com/app/backend/services/documentos/impl/DocumentoAdjuntoServiceImpl.java:[40,74] cannot find symbol
[ERROR]   symbol:   method getNombreOriginal()
[ERROR]   location: variable dto of type com.app.backend.dtos.documentos.DocumentoAdjuntoDTO
[ERROR] /C:/Users/kacor/Desktop/backend-SGTE/src/main/java/com/app/backend/services/documentos/impl/DocumentoAdjuntoServiceImpl.java:[40,111] cannot find symbol
[ERROR]   symbol:   method getRutaArchivo()
[ERROR]   location: variable dto of type com.app.backend.dtos.documentos.DocumentoAdjuntoDTO
[ERROR] /C:/Users/kacor/Desktop/backend-SGTE/src/main/java/com/app/backend/services/documentos/impl/DocumentoAdjuntoServiceImpl.java:[41,33] cannot find symbol
[ERROR]   symbol:   method getTamanoBytes()
[ERROR]   location: variable dto of type com.app.backend.dtos.documentos.DocumentoAdjuntoDTO
[ERROR] /C:/Users/kacor/Desktop/backend-SGTE/src/main/java/com/app/backend/services/documentos/impl/DocumentoAdjuntoServiceImpl.java:[41,64] cannot find symbol
[ERROR]   symbol:   method getTipoMime()
[ERROR]   location: variable dto of type com.app.backend.dtos.documentos.DocumentoAdjuntoDTO
[ERROR] /C:/Users/kacor/Desktop/backend-SGTE/src/main/java/com/app/backend/services/documentos/impl/DocumentoAdjuntoServiceImpl.java:[41,92] cannot find symbol
[ERROR]   symbol:   method getChecksum()
[ERROR]   location: variable dto of type com.app.backend.dtos.documentos.DocumentoAdjuntoDTO
[ERROR] /C:/Users/kacor/Desktop/backend-SGTE/src/main/java/com/app/backend/services/documentos/impl/DocumentoAdjuntoServiceImpl.java:[42,30] cannot find symbol
[ERROR]   symbol:   method getEsValido()
[ERROR]   location: variable dto of type com.app.backend.dtos.documentos.DocumentoAdjuntoDTO
[ERROR] /C:/Users/kacor/Desktop/backend-SGTE/src/main/java/com/app/backend/services/documentos/impl/DocumentoAdjuntoServiceImpl.java:[42,67] cannot find symbol
[ERROR]   symbol:   method getMensajeValidacion()
[ERROR]   location: variable dto of type com.app.backend.dtos.documentos.DocumentoAdjuntoDTO
[ERROR] /C:/Users/kacor/Desktop/backend-SGTE/src/main/java/com/app/backend/services/documentos/impl/DocumentoAdjuntoServiceImpl.java:[43,33] cannot find symbol
[ERROR]   symbol:   method getFechaSubida()
[ERROR]   location: variable dto of type com.app.backend.dtos.documentos.DocumentoAdjuntoDTO
[ERROR] /C:/Users/kacor/Desktop/backend-SGTE/src/main/java/com/app/backend/services/documentos/impl/DocumentoAdjuntoServiceImpl.java:[43,64] cannot find symbol
[ERROR]   symbol:   method getFechaSubida()
[ERROR]   location: variable dto of type com.app.backend.dtos.documentos.DocumentoAdjuntoDTO
[ERROR] /C:/Users/kacor/Desktop/backend-SGTE/src/main/java/com/app/backend/services/documentos/impl/DocumentoAdjuntoServiceImpl.java:[45,16] cannot find symbol
[ERROR]   symbol:   method getIdRequisito()
[ERROR]   location: variable dto of type com.app.backend.dtos.documentos.DocumentoAdjuntoDTO
[ERROR] /C:/Users/kacor/Desktop/backend-SGTE/src/main/java/com/app/backend/services/documentos/impl/DocumentoAdjuntoServiceImpl.java:[45,108] cannot find symbol
[ERROR]   symbol:   method getIdRequisito()
[ERROR]   location: variable dto of type com.app.backend.dtos.documentos.DocumentoAdjuntoDTO
[ERROR] /C:/Users/kacor/Desktop/backend-SGTE/src/main/java/com/app/backend/services/documentos/impl/DocumentoAdjuntoServiceImpl.java:[45,211] cannot find symbol
[ERROR]   symbol:   method getIdRequisito()
[ERROR]   location: variable dto of type com.app.backend.dtos.documentos.DocumentoAdjuntoDTO
[ERROR] /C:/Users/kacor/Desktop/backend-SGTE/src/main/java/com/app/backend/services/documentos/impl/DocumentoAdjuntoServiceImpl.java:[46,16] cannot find symbol
[ERROR]   symbol:   method getSubidoPorId()
[ERROR]   location: variable dto of type com.app.backend.dtos.documentos.DocumentoAdjuntoDTO
[ERROR] /C:/Users/kacor/Desktop/backend-SGTE/src/main/java/com/app/backend/services/documentos/impl/DocumentoAdjuntoServiceImpl.java:[46,88] cannot find symbol
[ERROR]   symbol:   method getSubidoPorId()
[ERROR]   location: variable dto of type com.app.backend.dtos.documentos.DocumentoAdjuntoDTO
[ERROR] /C:/Users/kacor/Desktop/backend-SGTE/src/main/java/com/app/backend/services/documentos/impl/DocumentoAdjuntoServiceImpl.java:[46,189] cannot find symbol
[ERROR]   symbol:   method getSubidoPorId()
[ERROR]   location: variable dto of type com.app.backend.dtos.documentos.DocumentoAdjuntoDTO
[ERROR] /C:/Users/kacor/Desktop/backend-SGTE/src/main/java/com/app/backend/services/documentos/impl/DocumentoAdjuntoServiceImpl.java:[54,35] cannot find symbol
[ERROR]   symbol:   method builder()
[ERROR]   location: class com.app.backend.dtos.documentos.DocumentoAdjuntoDTO
[ERROR] /C:/Users/kacor/Desktop/backend-SGTE/src/main/java/com/app/backend/services/documentos/impl/DocumentoAdjuntoServiceImpl.java:[54,59] cannot find symbol
[ERROR]   symbol:   method getIdDocumento()
[ERROR]   location: variable d of type com.app.backend.entities.documentos.DocumentoAdjunto
[ERROR] /C:/Users/kacor/Desktop/backend-SGTE/src/main/java/com/app/backend/services/documentos/impl/DocumentoAdjuntoServiceImpl.java:[54,91] cannot find symbol
[ERROR]   symbol:   method getSolicitud()
[ERROR]   location: variable d of type com.app.backend.entities.documentos.DocumentoAdjunto
[ERROR] /C:/Users/kacor/Desktop/backend-SGTE/src/main/java/com/app/backend/services/documentos/impl/DocumentoAdjuntoServiceImpl.java:[54,138] cannot find symbol
[ERROR]   symbol:   method getRequisitoPlantilla()
[ERROR]   location: variable d of type com.app.backend.entities.documentos.DocumentoAdjunto
[ERROR] /C:/Users/kacor/Desktop/backend-SGTE/src/main/java/com/app/backend/services/documentos/impl/DocumentoAdjuntoServiceImpl.java:[54,174] cannot find symbol
[ERROR]   symbol:   method getRequisitoPlantilla()
[ERROR]   location: variable d of type com.app.backend.entities.documentos.DocumentoAdjunto
[ERROR] /C:/Users/kacor/Desktop/backend-SGTE/src/main/java/com/app/backend/services/documentos/impl/DocumentoAdjuntoServiceImpl.java:[54,239] cannot find symbol
[ERROR]   symbol:   method getNombreArchivo()
[ERROR]   location: variable d of type com.app.backend.entities.documentos.DocumentoAdjunto
[ERROR] /C:/Users/kacor/Desktop/backend-SGTE/src/main/java/com/app/backend/services/documentos/impl/DocumentoAdjuntoServiceImpl.java:[54,276] cannot find symbol
[ERROR]   symbol:   method getNombreOriginal()
[ERROR]   location: variable d of type com.app.backend.entities.documentos.DocumentoAdjunto
[ERROR] /C:/Users/kacor/Desktop/backend-SGTE/src/main/java/com/app/backend/services/documentos/impl/DocumentoAdjuntoServiceImpl.java:[54,311] cannot find symbol
[ERROR]   symbol:   method getRutaArchivo()
[ERROR]   location: variable d of type com.app.backend.entities.documentos.DocumentoAdjunto
[ERROR] /C:/Users/kacor/Desktop/backend-SGTE/src/main/java/com/app/backend/services/documentos/impl/DocumentoAdjuntoServiceImpl.java:[54,343] cannot find symbol
[ERROR]   symbol:   method getTamanoBytes()
[ERROR]   location: variable d of type com.app.backend.entities.documentos.DocumentoAdjunto
[ERROR] /C:/Users/kacor/Desktop/backend-SGTE/src/main/java/com/app/backend/services/documentos/impl/DocumentoAdjuntoServiceImpl.java:[54,372] cannot find symbol
[ERROR]   symbol:   method getTipoMime()
[ERROR]   location: variable d of type com.app.backend.entities.documentos.DocumentoAdjunto
[ERROR] /C:/Users/kacor/Desktop/backend-SGTE/src/main/java/com/app/backend/services/documentos/impl/DocumentoAdjuntoServiceImpl.java:[54,398] cannot find symbol
[ERROR]   symbol:   method getChecksum()
[ERROR]   location: variable d of type com.app.backend.entities.documentos.DocumentoAdjunto
[ERROR] /C:/Users/kacor/Desktop/backend-SGTE/src/main/java/com/app/backend/services/documentos/impl/DocumentoAdjuntoServiceImpl.java:[54,424] cannot find symbol
[ERROR]   symbol:   method getEsValido()
[ERROR]   location: variable d of type com.app.backend.entities.documentos.DocumentoAdjunto
[ERROR] /C:/Users/kacor/Desktop/backend-SGTE/src/main/java/com/app/backend/services/documentos/impl/DocumentoAdjuntoServiceImpl.java:[54,459] cannot find symbol
[ERROR]   symbol:   method getMensajeValidacion()
[ERROR]   location: variable d of type com.app.backend.entities.documentos.DocumentoAdjunto
[ERROR] /C:/Users/kacor/Desktop/backend-SGTE/src/main/java/com/app/backend/services/documentos/impl/DocumentoAdjuntoServiceImpl.java:[54,497] cannot find symbol
[ERROR]   symbol:   method getSubidoPor()
[ERROR]   location: variable d of type com.app.backend.entities.documentos.DocumentoAdjunto
[ERROR] /C:/Users/kacor/Desktop/backend-SGTE/src/main/java/com/app/backend/services/documentos/impl/DocumentoAdjuntoServiceImpl.java:[54,524] cannot find symbol
[ERROR]   symbol:   method getSubidoPor()
[ERROR]   location: variable d of type com.app.backend.entities.documentos.DocumentoAdjunto
[ERROR] /C:/Users/kacor/Desktop/backend-SGTE/src/main/java/com/app/backend/services/documentos/impl/DocumentoAdjuntoServiceImpl.java:[54,576] cannot find symbol
[ERROR]   symbol:   method getFechaSubida()
[ERROR]   location: variable d of type com.app.backend.entities.documentos.DocumentoAdjunto
[ERROR] /C:/Users/kacor/Desktop/backend-SGTE/src/main/java/com/app/backend/services/documentos/impl/DocumentoGeneradoServiceImpl.java:[36,48] cannot find symbol
[ERROR]   symbol:   method builder()
[ERROR]   location: class com.app.backend.entities.documentos.DocumentoGenerado
[ERROR] /C:/Users/kacor/Desktop/backend-SGTE/src/main/java/com/app/backend/services/documentos/impl/DocumentoGeneradoServiceImpl.java:[37,60] cannot find symbol
[ERROR]   symbol:   method getIdSolicitud()
[ERROR]   location: variable dto of type com.app.backend.dtos.documentos.DocumentoGeneradoDTO
[ERROR] /C:/Users/kacor/Desktop/backend-SGTE/src/main/java/com/app/backend/services/documentos/impl/DocumentoGeneradoServiceImpl.java:[37,163] cannot find symbol
[ERROR]   symbol:   method getIdSolicitud()
[ERROR]   location: variable dto of type com.app.backend.dtos.documentos.DocumentoGeneradoDTO
[ERROR] /C:/Users/kacor/Desktop/backend-SGTE/src/main/java/com/app/backend/services/documentos/impl/DocumentoGeneradoServiceImpl.java:[38,35] cannot find symbol
[ERROR]   symbol:   method getTipoDocumento()
[ERROR]   location: variable dto of type com.app.backend.dtos.documentos.DocumentoGeneradoDTO
[ERROR] /C:/Users/kacor/Desktop/backend-SGTE/src/main/java/com/app/backend/services/documentos/impl/DocumentoGeneradoServiceImpl.java:[38,75] cannot find symbol
[ERROR]   symbol:   method getCodigoDocumento()
[ERROR]   location: variable dto of type com.app.backend.dtos.documentos.DocumentoGeneradoDTO
[ERROR] /C:/Users/kacor/Desktop/backend-SGTE/src/main/java/com/app/backend/services/documentos/impl/DocumentoGeneradoServiceImpl.java:[38,113] cannot find symbol
[ERROR]   symbol:   method getRutaArchivo()
[ERROR]   location: variable dto of type com.app.backend.dtos.documentos.DocumentoGeneradoDTO
[ERROR] /C:/Users/kacor/Desktop/backend-SGTE/src/main/java/com/app/backend/services/documentos/impl/DocumentoGeneradoServiceImpl.java:[39,36] cannot find symbol
[ERROR]   symbol:   method getPlantillaUsada()
[ERROR]   location: variable dto of type com.app.backend.dtos.documentos.DocumentoGeneradoDTO
[ERROR] /C:/Users/kacor/Desktop/backend-SGTE/src/main/java/com/app/backend/services/documentos/impl/DocumentoGeneradoServiceImpl.java:[39,74] cannot find symbol
[ERROR]   symbol:   method getFirmaDigital()
[ERROR]   location: variable dto of type com.app.backend.dtos.documentos.DocumentoGeneradoDTO
[ERROR] /C:/Users/kacor/Desktop/backend-SGTE/src/main/java/com/app/backend/services/documentos/impl/DocumentoGeneradoServiceImpl.java:[40,31] cannot find symbol
[ERROR]   symbol:   method getEsOficial()
[ERROR]   location: variable dto of type com.app.backend.dtos.documentos.DocumentoGeneradoDTO
[ERROR] /C:/Users/kacor/Desktop/backend-SGTE/src/main/java/com/app/backend/services/documentos/impl/DocumentoGeneradoServiceImpl.java:[40,60] cannot find symbol
[ERROR]   symbol:   method getEsOficial()
[ERROR]   location: variable dto of type com.app.backend.dtos.documentos.DocumentoGeneradoDTO
[ERROR] /C:/Users/kacor/Desktop/backend-SGTE/src/main/java/com/app/backend/services/documentos/impl/DocumentoGeneradoServiceImpl.java:[41,37] cannot find symbol
[ERROR]   symbol:   method getFechaGeneracion()
[ERROR]   location: variable dto of type com.app.backend.dtos.documentos.DocumentoGeneradoDTO
[ERROR] /C:/Users/kacor/Desktop/backend-SGTE/src/main/java/com/app/backend/services/documentos/impl/DocumentoGeneradoServiceImpl.java:[41,72] cannot find symbol
[ERROR]   symbol:   method getFechaGeneracion()
[ERROR]   location: variable dto of type com.app.backend.dtos.documentos.DocumentoGeneradoDTO
[ERROR] /C:/Users/kacor/Desktop/backend-SGTE/src/main/java/com/app/backend/services/documentos/impl/DocumentoGeneradoServiceImpl.java:[42,33] cannot find symbol
[ERROR]   symbol:   method getValidoHasta()
[ERROR]   location: variable dto of type com.app.backend.dtos.documentos.DocumentoGeneradoDTO
[ERROR] /C:/Users/kacor/Desktop/backend-SGTE/src/main/java/com/app/backend/services/documentos/impl/DocumentoGeneradoServiceImpl.java:[44,16] cannot find symbol
[ERROR]   symbol:   method getGeneradoPorId()
[ERROR]   location: variable dto of type com.app.backend.dtos.documentos.DocumentoGeneradoDTO
[ERROR] /C:/Users/kacor/Desktop/backend-SGTE/src/main/java/com/app/backend/services/documentos/impl/DocumentoGeneradoServiceImpl.java:[44,92] cannot find symbol
[ERROR]   symbol:   method getGeneradoPorId()
[ERROR]   location: variable dto of type com.app.backend.dtos.documentos.DocumentoGeneradoDTO
[ERROR] /C:/Users/kacor/Desktop/backend-SGTE/src/main/java/com/app/backend/services/documentos/impl/DocumentoGeneradoServiceImpl.java:[44,195] cannot find symbol
[ERROR]   symbol:   method getGeneradoPorId()
[ERROR]   location: variable dto of type com.app.backend.dtos.documentos.DocumentoGeneradoDTO
[ERROR] /C:/Users/kacor/Desktop/backend-SGTE/src/main/java/com/app/backend/services/documentos/impl/DocumentoGeneradoServiceImpl.java:[45,16] cannot find symbol
[ERROR]   symbol:   method getFirmadoPorId()
[ERROR]   location: variable dto of type com.app.backend.dtos.documentos.DocumentoGeneradoDTO
[ERROR] /C:/Users/kacor/Desktop/backend-SGTE/src/main/java/com/app/backend/services/documentos/impl/DocumentoGeneradoServiceImpl.java:[45,90] cannot find symbol
[ERROR]   symbol:   method getFirmadoPorId()
[ERROR]   location: variable dto of type com.app.backend.dtos.documentos.DocumentoGeneradoDTO
[ERROR] /C:/Users/kacor/Desktop/backend-SGTE/src/main/java/com/app/backend/services/documentos/impl/DocumentoGeneradoServiceImpl.java:[45,192] cannot find symbol
[ERROR]   symbol:   method getFirmadoPorId()
[ERROR]   location: variable dto of type com.app.backend.dtos.documentos.DocumentoGeneradoDTO
[ERROR] /C:/Users/kacor/Desktop/backend-SGTE/src/main/java/com/app/backend/services/documentos/impl/DocumentoGeneradoServiceImpl.java:[53,36] cannot find symbol
[ERROR]   symbol:   method builder()
[ERROR]   location: class com.app.backend.dtos.documentos.DocumentoGeneradoDTO
[ERROR] /C:/Users/kacor/Desktop/backend-SGTE/src/main/java/com/app/backend/services/documentos/impl/DocumentoGeneradoServiceImpl.java:[53,59] cannot find symbol
[ERROR]   symbol:   method getIdGenerado()
[ERROR]   location: variable d of type com.app.backend.entities.documentos.DocumentoGenerado
[ERROR] /C:/Users/kacor/Desktop/backend-SGTE/src/main/java/com/app/backend/services/documentos/impl/DocumentoGeneradoServiceImpl.java:[53,90] cannot find symbol
[ERROR]   symbol:   method getSolicitud()
[ERROR]   location: variable d of type com.app.backend.entities.documentos.DocumentoGenerado
[ERROR] /C:/Users/kacor/Desktop/backend-SGTE/src/main/java/com/app/backend/services/documentos/impl/DocumentoGeneradoServiceImpl.java:[53,139] cannot find symbol
[ERROR]   symbol:   method getTipoDocumento()
[ERROR]   location: variable d of type com.app.backend.entities.documentos.DocumentoGenerado
[ERROR] /C:/Users/kacor/Desktop/backend-SGTE/src/main/java/com/app/backend/services/documentos/impl/DocumentoGeneradoServiceImpl.java:[53,177] cannot find symbol
[ERROR]   symbol:   method getCodigoDocumento()
[ERROR]   location: variable d of type com.app.backend.entities.documentos.DocumentoGenerado
[ERROR] /C:/Users/kacor/Desktop/backend-SGTE/src/main/java/com/app/backend/services/documentos/impl/DocumentoGeneradoServiceImpl.java:[53,213] cannot find symbol
[ERROR]   symbol:   method getRutaArchivo()
[ERROR]   location: variable d of type com.app.backend.entities.documentos.DocumentoGenerado
[ERROR] /C:/Users/kacor/Desktop/backend-SGTE/src/main/java/com/app/backend/services/documentos/impl/DocumentoGeneradoServiceImpl.java:[53,248] cannot find symbol
[ERROR]   symbol:   method getPlantillaUsada()
[ERROR]   location: variable d of type com.app.backend.entities.documentos.DocumentoGenerado
[ERROR] /C:/Users/kacor/Desktop/backend-SGTE/src/main/java/com/app/backend/services/documentos/impl/DocumentoGeneradoServiceImpl.java:[53,285] cannot find symbol
[ERROR]   symbol:   method getGeneradoPor()
[ERROR]   location: variable d of type com.app.backend.entities.documentos.DocumentoGenerado
[ERROR] /C:/Users/kacor/Desktop/backend-SGTE/src/main/java/com/app/backend/services/documentos/impl/DocumentoGeneradoServiceImpl.java:[53,314] cannot find symbol
[ERROR]   symbol:   method getGeneradoPor()
[ERROR]   location: variable d of type com.app.backend.entities.documentos.DocumentoGenerado
[ERROR] /C:/Users/kacor/Desktop/backend-SGTE/src/main/java/com/app/backend/services/documentos/impl/DocumentoGeneradoServiceImpl.java:[53,369] cannot find symbol
[ERROR]   symbol:   method getFirmadoPor()
[ERROR]   location: variable d of type com.app.backend.entities.documentos.DocumentoGenerado
[ERROR] /C:/Users/kacor/Desktop/backend-SGTE/src/main/java/com/app/backend/services/documentos/impl/DocumentoGeneradoServiceImpl.java:[53,397] cannot find symbol
[ERROR]   symbol:   method getFirmadoPor()
[ERROR]   location: variable d of type com.app.backend.entities.documentos.DocumentoGenerado
[ERROR] /C:/Users/kacor/Desktop/backend-SGTE/src/main/java/com/app/backend/services/documentos/impl/DocumentoGeneradoServiceImpl.java:[53,451] cannot find symbol
[ERROR]   symbol:   method getFirmaDigital()
[ERROR]   location: variable d of type com.app.backend.entities.documentos.DocumentoGenerado
[ERROR] /C:/Users/kacor/Desktop/backend-SGTE/src/main/java/com/app/backend/services/documentos/impl/DocumentoGeneradoServiceImpl.java:[53,482] cannot find symbol
[ERROR]   symbol:   method getEsOficial()
[ERROR]   location: variable d of type com.app.backend.entities.documentos.DocumentoGenerado
[ERROR] /C:/Users/kacor/Desktop/backend-SGTE/src/main/java/com/app/backend/services/documentos/impl/DocumentoGeneradoServiceImpl.java:[53,516] cannot find symbol
[ERROR]   symbol:   method getFechaGeneracion()
[ERROR]   location: variable d of type com.app.backend.entities.documentos.DocumentoGenerado
[ERROR] /C:/Users/kacor/Desktop/backend-SGTE/src/main/java/com/app/backend/services/documentos/impl/DocumentoGeneradoServiceImpl.java:[53,552] cannot find symbol
[ERROR]   symbol:   method getValidoHasta()
[ERROR]   location: variable d of type com.app.backend.entities.documentos.DocumentoGenerado
[ERROR] /C:/Users/kacor/Desktop/backend-SGTE/src/main/java/com/app/backend/services/sistema/impl/AutenticacionServiceImpl.java:[40,17] cannot find symbol
[ERROR]   symbol:   variable log
[ERROR]   location: class com.app.backend.services.sistema.impl.AutenticacionServiceImpl
[ERROR] /C:/Users/kacor/Desktop/backend-SGTE/src/main/java/com/app/backend/services/sistema/impl/AutenticacionServiceImpl.java:[40,82] cannot find symbol
[ERROR]   symbol:   method getNombreUsuario()
[ERROR]   location: variable peticion of type com.app.backend.dtos.sistema.AutenticacionRequestDTO
[ERROR] /C:/Users/kacor/Desktop/backend-SGTE/src/main/java/com/app/backend/services/sistema/impl/AutenticacionServiceImpl.java:[44,62] cannot find symbol
[ERROR]   symbol:   method getNombreUsuario()
[ERROR]   location: variable peticion of type com.app.backend.dtos.sistema.AutenticacionRequestDTO
[ERROR] /C:/Users/kacor/Desktop/backend-SGTE/src/main/java/com/app/backend/services/sistema/impl/AutenticacionServiceImpl.java:[46,85] cannot find symbol
[ERROR]   symbol:   method getNombreUsuario()
[ERROR]   location: variable peticion of type com.app.backend.dtos.sistema.AutenticacionRequestDTO
[ERROR] /C:/Users/kacor/Desktop/backend-SGTE/src/main/java/com/app/backend/services/sistema/impl/AutenticacionServiceImpl.java:[49,32] cannot find symbol
[ERROR]   symbol:   method getHashContrasena()
[ERROR]   location: variable credencial of type com.app.backend.entities.sistema.Credencial
[ERROR] /C:/Users/kacor/Desktop/backend-SGTE/src/main/java/com/app/backend/services/sistema/impl/AutenticacionServiceImpl.java:[49,68] cannot find symbol
[ERROR]   symbol:   method getContrasena()
[ERROR]   location: variable peticion of type com.app.backend.dtos.sistema.AutenticacionRequestDTO
[ERROR] /C:/Users/kacor/Desktop/backend-SGTE/src/main/java/com/app/backend/services/sistema/impl/AutenticacionServiceImpl.java:[54,45] cannot find symbol
[ERROR]   symbol:   method getUsuario()
[ERROR]   location: variable credencial of type com.app.backend.entities.sistema.Credencial
[ERROR] /C:/Users/kacor/Desktop/backend-SGTE/src/main/java/com/app/backend/services/sistema/impl/AutenticacionServiceImpl.java:[55,68] cannot find symbol
[ERROR]   symbol:   method getEstado()
[ERROR]   location: variable usuario of type com.app.backend.entities.sistema.Usuario
[ERROR] /C:/Users/kacor/Desktop/backend-SGTE/src/main/java/com/app/backend/services/sistema/impl/AutenticacionServiceImpl.java:[60,40] cannot find symbol
[ERROR]   symbol:   method getRoles()
[ERROR]   location: variable usuario of type com.app.backend.entities.sistema.Usuario
[ERROR] /C:/Users/kacor/Desktop/backend-SGTE/src/main/java/com/app/backend/services/sistema/impl/AutenticacionServiceImpl.java:[61,42] cannot find symbol
[ERROR]   symbol:   method getRoles()
[ERROR]   location: variable usuario of type com.app.backend.entities.sistema.Usuario
[ERROR] /C:/Users/kacor/Desktop/backend-SGTE/src/main/java/com/app/backend/services/sistema/impl/AutenticacionServiceImpl.java:[63,62] cannot find symbol
[ERROR]   symbol:   method getIdRol()
[ERROR]   location: variable primerRol of type com.app.backend.entities.sistema.Rol
[ERROR] /C:/Users/kacor/Desktop/backend-SGTE/src/main/java/com/app/backend/services/sistema/impl/AutenticacionServiceImpl.java:[64,59] cannot find symbol
[ERROR]   symbol:   method getNombreRol()
[ERROR]   location: variable primerRol of type com.app.backend.entities.sistema.Rol
[ERROR] /C:/Users/kacor/Desktop/backend-SGTE/src/main/java/com/app/backend/services/sistema/impl/AutenticacionServiceImpl.java:[68,64] cannot find symbol
[ERROR]   symbol:   method getIdUsuario()
[ERROR]   location: variable usuario of type com.app.backend.entities.sistema.Usuario
[ERROR] /C:/Users/kacor/Desktop/backend-SGTE/src/main/java/com/app/backend/services/sistema/impl/AutenticacionServiceImpl.java:[71,64] cannot find symbol
[ERROR]   symbol:   method getIdUsuario()
[ERROR]   location: variable usuario of type com.app.backend.entities.sistema.Usuario
[ERROR] /C:/Users/kacor/Desktop/backend-SGTE/src/main/java/com/app/backend/services/sistema/impl/AutenticacionServiceImpl.java:[74,64] cannot find symbol
[ERROR]   symbol:   method getIdUsuario()
[ERROR]   location: variable usuario of type com.app.backend.entities.sistema.Usuario
[ERROR] /C:/Users/kacor/Desktop/backend-SGTE/src/main/java/com/app/backend/services/sistema/impl/AutenticacionServiceImpl.java:[79,53] cannot find symbol
[ERROR]   symbol:   method getCarrera()
[ERROR]   location: variable estudiante of type com.app.backend.entities.academico.Estudiante
[ERROR] /C:/Users/kacor/Desktop/backend-SGTE/src/main/java/com/app/backend/services/sistema/impl/AutenticacionServiceImpl.java:[80,47] cannot find symbol
[ERROR]   symbol:   method getCarrera()
[ERROR]   location: variable estudiante of type com.app.backend.entities.academico.Estudiante
[ERROR] /C:/Users/kacor/Desktop/backend-SGTE/src/main/java/com/app/backend/services/sistema/impl/AutenticacionServiceImpl.java:[81,45] cannot find symbol
[ERROR]   symbol:   method getCarrera()
[ERROR]   location: variable estudiante of type com.app.backend.entities.academico.Estudiante
[ERROR] /C:/Users/kacor/Desktop/backend-SGTE/src/main/java/com/app/backend/services/sistema/impl/AutenticacionServiceImpl.java:[82,62] cannot find symbol
[ERROR]   symbol:   method getCarrera()
[ERROR]   location: variable coordinador of type com.app.backend.entities.academico.Coordinador
[ERROR] /C:/Users/kacor/Desktop/backend-SGTE/src/main/java/com/app/backend/services/sistema/impl/AutenticacionServiceImpl.java:[83,48] cannot find symbol
[ERROR]   symbol:   method getCarrera()
[ERROR]   location: variable coordinador of type com.app.backend.entities.academico.Coordinador
[ERROR] /C:/Users/kacor/Desktop/backend-SGTE/src/main/java/com/app/backend/services/sistema/impl/AutenticacionServiceImpl.java:[84,46] cannot find symbol
[ERROR]   symbol:   method getCarrera()
[ERROR]   location: variable coordinador of type com.app.backend.entities.academico.Coordinador
[ERROR] /C:/Users/kacor/Desktop/backend-SGTE/src/main/java/com/app/backend/services/sistema/impl/AutenticacionServiceImpl.java:[87,62] cannot find symbol
[ERROR]   symbol:   method getFacultad()
[ERROR]   location: variable decano of type com.app.backend.entities.academico.Decano
[ERROR] /C:/Users/kacor/Desktop/backend-SGTE/src/main/java/com/app/backend/services/sistema/impl/AutenticacionServiceImpl.java:[88,41] cannot find symbol
[ERROR]   symbol:   method getFacultad()
[ERROR]   location: variable decano of type com.app.backend.entities.academico.Decano
[ERROR] /C:/Users/kacor/Desktop/backend-SGTE/src/main/java/com/app/backend/services/sistema/impl/AutenticacionServiceImpl.java:[90,59] cannot find symbol
[ERROR]   symbol:   method getFacultad()
[ERROR]   location: variable decano of type com.app.backend.entities.academico.Decano
[ERROR] /C:/Users/kacor/Desktop/backend-SGTE/src/main/java/com/app/backend/services/sistema/impl/AutenticacionServiceImpl.java:[91,41] cannot find symbol
[ERROR]   symbol:   method getFacultad()
[ERROR]   location: variable decano of type com.app.backend.entities.academico.Decano
[ERROR] /C:/Users/kacor/Desktop/backend-SGTE/src/main/java/com/app/backend/services/sistema/impl/AutenticacionServiceImpl.java:[95,54] cannot find symbol
[ERROR]   symbol:   method getIdUsuario()
[ERROR]   location: variable usuario of type com.app.backend.entities.sistema.Usuario
[ERROR] /C:/Users/kacor/Desktop/backend-SGTE/src/main/java/com/app/backend/services/sistema/impl/AutenticacionServiceImpl.java:[101,85] cannot find symbol
[ERROR]   symbol:   method getNombreUsuario()
[ERROR]   location: variable peticion of type com.app.backend.dtos.sistema.AutenticacionRequestDTO
[ERROR] /C:/Users/kacor/Desktop/backend-SGTE/src/main/java/com/app/backend/services/sistema/impl/AutenticacionServiceImpl.java:[103,17] cannot find symbol
[ERROR]   symbol:   variable log
[ERROR]   location: class com.app.backend.services.sistema.impl.AutenticacionServiceImpl
[ERROR] /C:/Users/kacor/Desktop/backend-SGTE/src/main/java/com/app/backend/services/sistema/impl/AutenticacionServiceImpl.java:[103,83] cannot find symbol
[ERROR]   symbol:   method getNombreUsuario()
[ERROR]   location: variable peticion of type com.app.backend.dtos.sistema.AutenticacionRequestDTO
[ERROR] /C:/Users/kacor/Desktop/backend-SGTE/src/main/java/com/app/backend/services/sistema/impl/AutenticacionServiceImpl.java:[105,49] cannot find symbol
[ERROR]   symbol:   method builder()
[ERROR]   location: class com.app.backend.dtos.sistema.AutenticacionRespuestaDTO
[ERROR] /C:/Users/kacor/Desktop/backend-SGTE/src/main/java/com/app/backend/services/sistema/impl/AutenticacionServiceImpl.java:[106,51] cannot find symbol
[ERROR]   symbol:   method getIdUsuario()
[ERROR]   location: variable usuario of type com.app.backend.entities.sistema.Usuario
[ERROR] /C:/Users/kacor/Desktop/backend-SGTE/src/main/java/com/app/backend/services/sistema/impl/AutenticacionServiceImpl.java:[108,49] cannot find symbol
[ERROR]   symbol:   method getNombres()
[ERROR]   location: variable usuario of type com.app.backend.entities.sistema.Usuario
[ERROR] /C:/Users/kacor/Desktop/backend-SGTE/src/main/java/com/app/backend/services/sistema/impl/AutenticacionServiceImpl.java:[109,51] cannot find symbol
[ERROR]   symbol:   method getApellidos()
[ERROR]   location: variable usuario of type com.app.backend.entities.sistema.Usuario
[ERROR] /C:/Users/kacor/Desktop/backend-SGTE/src/main/java/com/app/backend/services/sistema/impl/AutenticacionServiceImpl.java:[110,61] cannot find symbol
[ERROR]   symbol:   method getCorreoInstitucional()
[ERROR]   location: variable usuario of type com.app.backend.entities.sistema.Usuario
[ERROR] /C:/Users/kacor/Desktop/backend-SGTE/src/main/java/com/app/backend/services/sistema/impl/AutenticacionServiceImpl.java:[111,56] cannot find symbol
[ERROR]   symbol:   method getCorreoPersonal()
[ERROR]   location: variable usuario of type com.app.backend.entities.sistema.Usuario
[ERROR] /C:/Users/kacor/Desktop/backend-SGTE/src/main/java/com/app/backend/services/sistema/impl/AutenticacionServiceImpl.java:[112,50] cannot find symbol
[ERROR]   symbol:   method getTelefono()
[ERROR]   location: variable usuario of type com.app.backend.entities.sistema.Usuario
[ERROR] /C:/Users/kacor/Desktop/backend-SGTE/src/main/java/com/app/backend/services/sistema/impl/AutenticacionServiceImpl.java:[113,48] cannot find symbol
[ERROR]   symbol:   method getEstado()
[ERROR]   location: variable usuario of type com.app.backend.entities.sistema.Usuario
[ERROR] /C:/Users/kacor/Desktop/backend-SGTE/src/main/java/com/app/backend/services/sistema/impl/ConfiguracionUsuarioServiceImpl.java:[33,57] cannot find symbol
[ERROR]   symbol:   method getIdUsuario()
[ERROR]   location: variable dto of type com.app.backend.dtos.sistema.ConfiguracionUsuarioDTO
[ERROR] /C:/Users/kacor/Desktop/backend-SGTE/src/main/java/com/app/backend/services/sistema/impl/ConfiguracionUsuarioServiceImpl.java:[34,107] cannot find symbol
[ERROR]   symbol:   method getIdUsuario()
[ERROR]   location: variable dto of type com.app.backend.dtos.sistema.ConfiguracionUsuarioDTO
[ERROR] /C:/Users/kacor/Desktop/backend-SGTE/src/main/java/com/app/backend/services/sistema/impl/ConfiguracionUsuarioServiceImpl.java:[36,89] cannot find symbol
[ERROR]   symbol:   method getIdUsuario()
[ERROR]   location: variable dto of type com.app.backend.dtos.sistema.ConfiguracionUsuarioDTO
[ERROR] /C:/Users/kacor/Desktop/backend-SGTE/src/main/java/com/app/backend/services/sistema/impl/ConfiguracionUsuarioServiceImpl.java:[39,15] cannot find symbol
[ERROR]   symbol:   method setUsuario(com.app.backend.entities.sistema.Usuario)
[ERROR]   location: variable config of type com.app.backend.entities.sistema.ConfiguracionUsuario
[ERROR] /C:/Users/kacor/Desktop/backend-SGTE/src/main/java/com/app/backend/services/sistema/impl/ConfiguracionUsuarioServiceImpl.java:[40,37] cannot find symbol
[ERROR]   symbol:   method getRutaFotoPerfil()
[ERROR]   location: variable dto of type com.app.backend.dtos.sistema.ConfiguracionUsuarioDTO
[ERROR] /C:/Users/kacor/Desktop/backend-SGTE/src/main/java/com/app/backend/services/sistema/impl/ConfiguracionUsuarioServiceImpl.java:[41,41] cannot find symbol
[ERROR]   symbol:   method getRutaFirmaEscaneada()
[ERROR]   location: variable dto of type com.app.backend.dtos.sistema.ConfiguracionUsuarioDTO
[ERROR] /C:/Users/kacor/Desktop/backend-SGTE/src/main/java/com/app/backend/services/sistema/impl/ConfiguracionUsuarioServiceImpl.java:[42,35] cannot find symbol
[ERROR]   symbol:   method getNotificarSms()
[ERROR]   location: variable dto of type com.app.backend.dtos.sistema.ConfiguracionUsuarioDTO
[ERROR] /C:/Users/kacor/Desktop/backend-SGTE/src/main/java/com/app/backend/services/sistema/impl/ConfiguracionUsuarioServiceImpl.java:[43,37] cannot find symbol
[ERROR]   symbol:   method getNotificarEmail()
[ERROR]   location: variable dto of type com.app.backend.dtos.sistema.ConfiguracionUsuarioDTO
[ERROR] /C:/Users/kacor/Desktop/backend-SGTE/src/main/java/com/app/backend/services/sistema/impl/ConfiguracionUsuarioServiceImpl.java:[44,40] cannot find symbol
[ERROR]   symbol:   method getNotificarWhatsapp()
[ERROR]   location: variable dto of type com.app.backend.dtos.sistema.ConfiguracionUsuarioDTO
[ERROR] /C:/Users/kacor/Desktop/backend-SGTE/src/main/java/com/app/backend/services/sistema/impl/ConfiguracionUsuarioServiceImpl.java:[45,36] cannot find symbol
[ERROR]   symbol:   method getNotificarPush()
[ERROR]   location: variable dto of type com.app.backend.dtos.sistema.ConfiguracionUsuarioDTO
[ERROR] /C:/Users/kacor/Desktop/backend-SGTE/src/main/java/com/app/backend/services/sistema/impl/ConfiguracionUsuarioServiceImpl.java:[46,29] cannot find symbol
[ERROR]   symbol:   method getIdioma()
[ERROR]   location: variable dto of type com.app.backend.dtos.sistema.ConfiguracionUsuarioDTO
[ERROR] /C:/Users/kacor/Desktop/backend-SGTE/src/main/java/com/app/backend/services/sistema/impl/ConfiguracionUsuarioServiceImpl.java:[47,34] cannot find symbol
[ERROR]   symbol:   method getZonaHoraria()
[ERROR]   location: variable dto of type com.app.backend.dtos.sistema.ConfiguracionUsuarioDTO
[ERROR] /C:/Users/kacor/Desktop/backend-SGTE/src/main/java/com/app/backend/services/sistema/impl/ConfiguracionUsuarioServiceImpl.java:[53,39] cannot find symbol
[ERROR]   symbol:   method builder()
[ERROR]   location: class com.app.backend.dtos.sistema.ConfiguracionUsuarioDTO
[ERROR] /C:/Users/kacor/Desktop/backend-SGTE/src/main/java/com/app/backend/services/sistema/impl/ConfiguracionUsuarioServiceImpl.java:[54,35] cannot find symbol
[ERROR]   symbol:   method getIdConfiguracion()
[ERROR]   location: variable c of type com.app.backend.entities.sistema.ConfiguracionUsuario
[ERROR] /C:/Users/kacor/Desktop/backend-SGTE/src/main/java/com/app/backend/services/sistema/impl/ConfiguracionUsuarioServiceImpl.java:[55,29] cannot find symbol
[ERROR]   symbol:   method getUsuario()
[ERROR]   location: variable c of type com.app.backend.entities.sistema.ConfiguracionUsuario
[ERROR] /C:/Users/kacor/Desktop/backend-SGTE/src/main/java/com/app/backend/services/sistema/impl/ConfiguracionUsuarioServiceImpl.java:[56,34] cannot find symbol
[ERROR]   symbol:   method getRutaFotoPerfil()
[ERROR]   location: variable c of type com.app.backend.entities.sistema.ConfiguracionUsuario
[ERROR] /C:/Users/kacor/Desktop/backend-SGTE/src/main/java/com/app/backend/services/sistema/impl/ConfiguracionUsuarioServiceImpl.java:[57,38] cannot find symbol
[ERROR]   symbol:   method getRutaFirmaEscaneada()
[ERROR]   location: variable c of type com.app.backend.entities.sistema.ConfiguracionUsuario
[ERROR] /C:/Users/kacor/Desktop/backend-SGTE/src/main/java/com/app/backend/services/sistema/impl/ConfiguracionUsuarioServiceImpl.java:[58,32] cannot find symbol
[ERROR]   symbol:   method getNotificarSms()
[ERROR]   location: variable c of type com.app.backend.entities.sistema.ConfiguracionUsuario
[ERROR] /C:/Users/kacor/Desktop/backend-SGTE/src/main/java/com/app/backend/services/sistema/impl/ConfiguracionUsuarioServiceImpl.java:[59,34] cannot find symbol
[ERROR]   symbol:   method getNotificarEmail()
[ERROR]   location: variable c of type com.app.backend.entities.sistema.ConfiguracionUsuario
[ERROR] /C:/Users/kacor/Desktop/backend-SGTE/src/main/java/com/app/backend/services/sistema/impl/ConfiguracionUsuarioServiceImpl.java:[60,37] cannot find symbol
[ERROR]   symbol:   method getNotificarWhatsapp()
[ERROR]   location: variable c of type com.app.backend.entities.sistema.ConfiguracionUsuario
[ERROR] /C:/Users/kacor/Desktop/backend-SGTE/src/main/java/com/app/backend/services/sistema/impl/ConfiguracionUsuarioServiceImpl.java:[61,33] cannot find symbol
[ERROR]   symbol:   method getNotificarPush()
[ERROR]   location: variable c of type com.app.backend.entities.sistema.ConfiguracionUsuario
[ERROR] /C:/Users/kacor/Desktop/backend-SGTE/src/main/java/com/app/backend/services/sistema/impl/ConfiguracionUsuarioServiceImpl.java:[62,26] cannot find symbol
[ERROR]   symbol:   method getIdioma()
[ERROR]   location: variable c of type com.app.backend.entities.sistema.ConfiguracionUsuario
[ERROR] /C:/Users/kacor/Desktop/backend-SGTE/src/main/java/com/app/backend/services/sistema/impl/ConfiguracionUsuarioServiceImpl.java:[63,31] cannot find symbol
[ERROR]   symbol:   method getZonaHoraria()
[ERROR]   location: variable c of type com.app.backend.entities.sistema.ConfiguracionUsuario
[ERROR] /C:/Users/kacor/Desktop/backend-SGTE/src/main/java/com/app/backend/services/sistema/impl/CredencialServiceImpl.java:[33,57] cannot find symbol
[ERROR]   symbol:   method getIdUsuario()
[ERROR]   location: variable dto of type com.app.backend.dtos.sistema.CredencialDTO
[ERROR] /C:/Users/kacor/Desktop/backend-SGTE/src/main/java/com/app/backend/services/sistema/impl/CredencialServiceImpl.java:[34,107] cannot find symbol
[ERROR]   symbol:   method getIdUsuario()
[ERROR]   location: variable dto of type com.app.backend.dtos.sistema.CredencialDTO
[ERROR] /C:/Users/kacor/Desktop/backend-SGTE/src/main/java/com/app/backend/services/sistema/impl/CredencialServiceImpl.java:[36,80] cannot find symbol
[ERROR]   symbol:   method getIdUsuario()
[ERROR]   location: variable dto of type com.app.backend.dtos.sistema.CredencialDTO
[ERROR] /C:/Users/kacor/Desktop/backend-SGTE/src/main/java/com/app/backend/services/sistema/impl/CredencialServiceImpl.java:[39,19] cannot find symbol
[ERROR]   symbol:   method setUsuario(com.app.backend.entities.sistema.Usuario)
[ERROR]   location: variable credencial of type com.app.backend.entities.sistema.Credencial
[ERROR] /C:/Users/kacor/Desktop/backend-SGTE/src/main/java/com/app/backend/services/sistema/impl/CredencialServiceImpl.java:[40,41] cannot find symbol
[ERROR]   symbol:   method getHashContrasena()
[ERROR]   location: variable dto of type com.app.backend.dtos.sistema.CredencialDTO
[ERROR] /C:/Users/kacor/Desktop/backend-SGTE/src/main/java/com/app/backend/services/sistema/impl/CredencialServiceImpl.java:[41,19] cannot find symbol
[ERROR]   symbol:   method setEstado(dto.getEst[...] true)
[ERROR]   location: variable credencial of type com.app.backend.entities.sistema.Credencial
[ERROR] /C:/Users/kacor/Desktop/backend-SGTE/src/main/java/com/app/backend/services/sistema/impl/CredencialServiceImpl.java:[41,33] cannot find symbol
[ERROR]   symbol:   method getEstado()
[ERROR]   location: variable dto of type com.app.backend.dtos.sistema.CredencialDTO
[ERROR] /C:/Users/kacor/Desktop/backend-SGTE/src/main/java/com/app/backend/services/sistema/impl/CredencialServiceImpl.java:[41,59] cannot find symbol
[ERROR]   symbol:   method getEstado()
[ERROR]   location: variable dto of type com.app.backend.dtos.sistema.CredencialDTO
[ERROR] /C:/Users/kacor/Desktop/backend-SGTE/src/main/java/com/app/backend/services/sistema/impl/CredencialServiceImpl.java:[47,29] cannot find symbol
[ERROR]   symbol:   method builder()
[ERROR]   location: class com.app.backend.dtos.sistema.CredencialDTO
[ERROR] /C:/Users/kacor/Desktop/backend-SGTE/src/main/java/com/app/backend/services/sistema/impl/CredencialServiceImpl.java:[48,32] cannot find symbol
[ERROR]   symbol:   method getIdCredencial()
[ERROR]   location: variable c of type com.app.backend.entities.sistema.Credencial
[ERROR] /C:/Users/kacor/Desktop/backend-SGTE/src/main/java/com/app/backend/services/sistema/impl/CredencialServiceImpl.java:[49,29] cannot find symbol
[ERROR]   symbol:   method getUsuario()
[ERROR]   location: variable c of type com.app.backend.entities.sistema.Credencial
[ERROR] /C:/Users/kacor/Desktop/backend-SGTE/src/main/java/com/app/backend/services/sistema/impl/CredencialServiceImpl.java:[50,26] cannot find symbol
[ERROR]   symbol:   method getEstado()
[ERROR]   location: variable c of type com.app.backend.entities.sistema.Credencial
[ERROR] /C:/Users/kacor/Desktop/backend-SGTE/src/main/java/com/app/backend/services/sistema/impl/NotificacionServiceImpl.java:[54,72] cannot find symbol
[ERROR]   symbol:   method getIdTipo()
[ERROR]   location: variable dto of type com.app.backend.dtos.sistema.NotificacionDTO
[ERROR] /C:/Users/kacor/Desktop/backend-SGTE/src/main/java/com/app/backend/services/sistema/impl/NotificacionServiceImpl.java:[55,110] cannot find symbol
[ERROR]   symbol:   method getIdTipo()
[ERROR]   location: variable dto of type com.app.backend.dtos.sistema.NotificacionDTO
[ERROR] /C:/Users/kacor/Desktop/backend-SGTE/src/main/java/com/app/backend/services/sistema/impl/NotificacionServiceImpl.java:[56,57] cannot find symbol
[ERROR]   symbol:   method getIdUsuario()
[ERROR]   location: variable dto of type com.app.backend.dtos.sistema.NotificacionDTO
[ERROR] /C:/Users/kacor/Desktop/backend-SGTE/src/main/java/com/app/backend/services/sistema/impl/NotificacionServiceImpl.java:[57,100] cannot find symbol
[ERROR]   symbol:   method getIdUsuario()
[ERROR]   location: variable dto of type com.app.backend.dtos.sistema.NotificacionDTO
[ERROR] /C:/Users/kacor/Desktop/backend-SGTE/src/main/java/com/app/backend/services/sistema/impl/NotificacionServiceImpl.java:[59,49] cannot find symbol
[ERROR]   symbol:   method builder()
[ERROR]   location: class com.app.backend.entities.sistema.Notificacion
[ERROR] /C:/Users/kacor/Desktop/backend-SGTE/src/main/java/com/app/backend/services/sistema/impl/NotificacionServiceImpl.java:[62,28] cannot find symbol
[ERROR]   symbol:   method getTitulo()
[ERROR]   location: variable dto of type com.app.backend.dtos.sistema.NotificacionDTO
[ERROR] /C:/Users/kacor/Desktop/backend-SGTE/src/main/java/com/app/backend/services/sistema/impl/NotificacionServiceImpl.java:[63,29] cannot find symbol
[ERROR]   symbol:   method getMensaje()
[ERROR]   location: variable dto of type com.app.backend.dtos.sistema.NotificacionDTO
[ERROR] /C:/Users/kacor/Desktop/backend-SGTE/src/main/java/com/app/backend/services/sistema/impl/NotificacionServiceImpl.java:[64,27] cannot find symbol
[ERROR]   symbol:   method getCanal()
[ERROR]   location: variable dto of type com.app.backend.dtos.sistema.NotificacionDTO
[ERROR] /C:/Users/kacor/Desktop/backend-SGTE/src/main/java/com/app/backend/services/sistema/impl/NotificacionServiceImpl.java:[67,36] cannot find symbol
[ERROR]   symbol:   method getProgramadaPara()
[ERROR]   location: variable dto of type com.app.backend.dtos.sistema.NotificacionDTO
[ERROR] /C:/Users/kacor/Desktop/backend-SGTE/src/main/java/com/app/backend/services/sistema/impl/NotificacionServiceImpl.java:[70,16] cannot find symbol
[ERROR]   symbol:   method getIdSolicitud()
[ERROR]   location: variable dto of type com.app.backend.dtos.sistema.NotificacionDTO
[ERROR] /C:/Users/kacor/Desktop/backend-SGTE/src/main/java/com/app/backend/services/sistema/impl/NotificacionServiceImpl.java:[71,67] cannot find symbol
[ERROR]   symbol:   method getIdSolicitud()
[ERROR]   location: variable dto of type com.app.backend.dtos.sistema.NotificacionDTO
[ERROR] /C:/Users/kacor/Desktop/backend-SGTE/src/main/java/com/app/backend/services/sistema/impl/NotificacionServiceImpl.java:[72,106] cannot find symbol
[ERROR]   symbol:   method getIdSolicitud()
[ERROR]   location: variable dto of type com.app.backend.dtos.sistema.NotificacionDTO
[ERROR] /C:/Users/kacor/Desktop/backend-SGTE/src/main/java/com/app/backend/services/sistema/impl/NotificacionServiceImpl.java:[73,25] cannot find symbol
[ERROR]   symbol:   method setSolicitud(com.app.backend.entities.tramites.Solicitud)
[ERROR]   location: variable notificacion of type com.app.backend.entities.sistema.Notificacion
[ERROR] /C:/Users/kacor/Desktop/backend-SGTE/src/main/java/com/app/backend/services/sistema/impl/NotificacionServiceImpl.java:[83,21] cannot find symbol
[ERROR]   symbol:   method setEstaLeida(boolean)
[ERROR]   location: variable notificacion of type com.app.backend.entities.sistema.Notificacion
[ERROR] /C:/Users/kacor/Desktop/backend-SGTE/src/main/java/com/app/backend/services/sistema/impl/NotificacionServiceImpl.java:[84,21] cannot find symbol
[ERROR]   symbol:   method setFechaLectura(java.time.LocalDateTime)
[ERROR]   location: variable notificacion of type com.app.backend.entities.sistema.Notificacion
[ERROR] /C:/Users/kacor/Desktop/backend-SGTE/src/main/java/com/app/backend/services/sistema/impl/NotificacionServiceImpl.java:[89,31] cannot find symbol
[ERROR]   symbol:   method builder()
[ERROR]   location: class com.app.backend.dtos.sistema.NotificacionDTO
[ERROR] /C:/Users/kacor/Desktop/backend-SGTE/src/main/java/com/app/backend/services/sistema/impl/NotificacionServiceImpl.java:[90,34] cannot find symbol
[ERROR]   symbol:   method getIdNotificacion()
[ERROR]   location: variable n of type com.app.backend.entities.sistema.Notificacion
[ERROR] /C:/Users/kacor/Desktop/backend-SGTE/src/main/java/com/app/backend/services/sistema/impl/NotificacionServiceImpl.java:[91,26] cannot find symbol
[ERROR]   symbol:   method getTipoNotificacion()
[ERROR]   location: variable n of type com.app.backend.entities.sistema.Notificacion
[ERROR] /C:/Users/kacor/Desktop/backend-SGTE/src/main/java/com/app/backend/services/sistema/impl/NotificacionServiceImpl.java:[92,29] cannot find symbol
[ERROR]   symbol:   method getUsuario()
[ERROR]   location: variable n of type com.app.backend.entities.sistema.Notificacion
[ERROR] /C:/Users/kacor/Desktop/backend-SGTE/src/main/java/com/app/backend/services/sistema/impl/NotificacionServiceImpl.java:[93,31] cannot find symbol
[ERROR]   symbol:   method getSolicitud()
[ERROR]   location: variable n of type com.app.backend.entities.sistema.Notificacion
[ERROR] /C:/Users/kacor/Desktop/backend-SGTE/src/main/java/com/app/backend/services/sistema/impl/NotificacionServiceImpl.java:[93,58] cannot find symbol
[ERROR]   symbol:   method getSolicitud()
[ERROR]   location: variable n of type com.app.backend.entities.sistema.Notificacion
[ERROR] /C:/Users/kacor/Desktop/backend-SGTE/src/main/java/com/app/backend/services/sistema/impl/NotificacionServiceImpl.java:[94,26] cannot find symbol
[ERROR]   symbol:   method getTitulo()
[ERROR]   location: variable n of type com.app.backend.entities.sistema.Notificacion
[ERROR] /C:/Users/kacor/Desktop/backend-SGTE/src/main/java/com/app/backend/services/sistema/impl/NotificacionServiceImpl.java:[95,27] cannot find symbol
[ERROR]   symbol:   method getMensaje()
[ERROR]   location: variable n of type com.app.backend.entities.sistema.Notificacion
[ERROR] /C:/Users/kacor/Desktop/backend-SGTE/src/main/java/com/app/backend/services/sistema/impl/NotificacionServiceImpl.java:[96,25] cannot find symbol
[ERROR]   symbol:   method getCanal()
[ERROR]   location: variable n of type com.app.backend.entities.sistema.Notificacion
[ERROR] /C:/Users/kacor/Desktop/backend-SGTE/src/main/java/com/app/backend/services/sistema/impl/NotificacionServiceImpl.java:[97,29] cannot find symbol
[ERROR]   symbol:   method getEstaLeida()
[ERROR]   location: variable n of type com.app.backend.entities.sistema.Notificacion
[ERROR] /C:/Users/kacor/Desktop/backend-SGTE/src/main/java/com/app/backend/services/sistema/impl/NotificacionServiceImpl.java:[98,32] cannot find symbol
[ERROR]   symbol:   method getFechaLectura()
[ERROR]   location: variable n of type com.app.backend.entities.sistema.Notificacion
[ERROR] /C:/Users/kacor/Desktop/backend-SGTE/src/main/java/com/app/backend/services/sistema/impl/NotificacionServiceImpl.java:[99,31] cannot find symbol
[ERROR]   symbol:   method getEstaEnviada()
[ERROR]   location: variable n of type com.app.backend.entities.sistema.Notificacion
[ERROR] /C:/Users/kacor/Desktop/backend-SGTE/src/main/java/com/app/backend/services/sistema/impl/NotificacionServiceImpl.java:[100,30] cannot find symbol
[ERROR]   symbol:   method getFechaEnvio()
[ERROR]   location: variable n of type com.app.backend.entities.sistema.Notificacion
[ERROR] /C:/Users/kacor/Desktop/backend-SGTE/src/main/java/com/app/backend/services/sistema/impl/NotificacionServiceImpl.java:[101,30] cannot find symbol
[ERROR]   symbol:   method getErrorEnvio()
[ERROR]   location: variable n of type com.app.backend.entities.sistema.Notificacion
[ERROR] /C:/Users/kacor/Desktop/backend-SGTE/src/main/java/com/app/backend/services/sistema/impl/NotificacionServiceImpl.java:[102,34] cannot find symbol
[ERROR]   symbol:   method getProgramadaPara()
[ERROR]   location: variable n of type com.app.backend.entities.sistema.Notificacion
[ERROR] /C:/Users/kacor/Desktop/backend-SGTE/src/main/java/com/app/backend/services/sistema/impl/PanelEstudianteServiceImpl.java:[41,32] cannot find symbol
[ERROR]   symbol:   method getEstadoActual()
[ERROR]   location: variable s of type com.app.backend.entities.tramites.Solicitud
[ERROR] /C:/Users/kacor/Desktop/backend-SGTE/src/main/java/com/app/backend/services/sistema/impl/PanelEstudianteServiceImpl.java:[42,27] cannot find symbol
[ERROR]   symbol:   method getEstadoActual()
[ERROR]   location: variable s of type com.app.backend.entities.tramites.Solicitud
[ERROR] /C:/Users/kacor/Desktop/backend-SGTE/src/main/java/com/app/backend/services/sistema/impl/PanelEstudianteServiceImpl.java:[43,27] cannot find symbol
[ERROR]   symbol:   method getEstadoActual()
[ERROR]   location: variable s of type com.app.backend.entities.tramites.Solicitud
[ERROR] /C:/Users/kacor/Desktop/backend-SGTE/src/main/java/com/app/backend/services/sistema/impl/PanelEstudianteServiceImpl.java:[47,39] cannot find symbol
[ERROR]   symbol:   method getIdSolicitud()
[ERROR]   location: variable s2 of type com.app.backend.entities.tramites.Solicitud
[ERROR] /C:/Users/kacor/Desktop/backend-SGTE/src/main/java/com/app/backend/services/sistema/impl/PanelEstudianteServiceImpl.java:[47,69] cannot find symbol
[ERROR]   symbol:   method getIdSolicitud()
[ERROR]   location: variable s1 of type com.app.backend.entities.tramites.Solicitud
[ERROR] /C:/Users/kacor/Desktop/backend-SGTE/src/main/java/com/app/backend/services/sistema/impl/PanelEstudianteServiceImpl.java:[55,39] cannot find symbol
[ERROR]   symbol:   method getIdNotificacion()
[ERROR]   location: variable n2 of type com.app.backend.entities.sistema.Notificacion
[ERROR] /C:/Users/kacor/Desktop/backend-SGTE/src/main/java/com/app/backend/services/sistema/impl/PanelEstudianteServiceImpl.java:[55,72] cannot find symbol
[ERROR]   symbol:   method getIdNotificacion()
[ERROR]   location: variable n1 of type com.app.backend.entities.sistema.Notificacion
[ERROR] /C:/Users/kacor/Desktop/backend-SGTE/src/main/java/com/app/backend/services/sistema/impl/PanelEstudianteServiceImpl.java:[61,42] cannot find symbol
[ERROR]   symbol:   method getNombres()
[ERROR]   location: variable usuario of type com.app.backend.entities.sistema.Usuario
[ERROR] /C:/Users/kacor/Desktop/backend-SGTE/src/main/java/com/app/backend/services/sistema/impl/PanelEstudianteServiceImpl.java:[61,71] cannot find symbol
[ERROR]   symbol:   method getApellidos()
[ERROR]   location: variable usuario of type com.app.backend.entities.sistema.Usuario
[ERROR] /C:/Users/kacor/Desktop/backend-SGTE/src/main/java/com/app/backend/services/sistema/impl/PanelEstudianteServiceImpl.java:[60,34] cannot find symbol
[ERROR]   symbol:   method builder()
[ERROR]   location: class com.app.backend.dtos.sistema.PanelEstudianteDTO
[ERROR] /C:/Users/kacor/Desktop/backend-SGTE/src/main/java/com/app/backend/services/sistema/impl/PanelEstudianteServiceImpl.java:[70,36] cannot find symbol
[ERROR]   symbol:   method builder()
[ERROR]   location: class com.app.backend.dtos.tramites.response.SolicitudResponseDTO
[ERROR] /C:/Users/kacor/Desktop/backend-SGTE/src/main/java/com/app/backend/services/sistema/impl/PanelEstudianteServiceImpl.java:[71,31] cannot find symbol
[ERROR]   symbol:   method getIdSolicitud()
[ERROR]   location: variable s of type com.app.backend.entities.tramites.Solicitud
[ERROR] /C:/Users/kacor/Desktop/backend-SGTE/src/main/java/com/app/backend/services/sistema/impl/PanelEstudianteServiceImpl.java:[72,35] cannot find symbol
[ERROR]   symbol:   method getCodigoSolicitud()
[ERROR]   location: variable s of type com.app.backend.entities.tramites.Solicitud
[ERROR] /C:/Users/kacor/Desktop/backend-SGTE/src/main/java/com/app/backend/services/sistema/impl/PanelEstudianteServiceImpl.java:[73,31] cannot find symbol
[ERROR]   symbol:   method getPlantilla()
[ERROR]   location: variable s of type com.app.backend.entities.tramites.Solicitud
[ERROR] /C:/Users/kacor/Desktop/backend-SGTE/src/main/java/com/app/backend/services/sistema/impl/PanelEstudianteServiceImpl.java:[74,29] cannot find symbol
[ERROR]   symbol:   method getUsuario()
[ERROR]   location: variable s of type com.app.backend.entities.tramites.Solicitud
[ERROR] /C:/Users/kacor/Desktop/backend-SGTE/src/main/java/com/app/backend/services/sistema/impl/PanelEstudianteServiceImpl.java:[75,29] cannot find symbol
[ERROR]   symbol:   method getCarrera()
[ERROR]   location: variable s of type com.app.backend.entities.tramites.Solicitud
[ERROR] /C:/Users/kacor/Desktop/backend-SGTE/src/main/java/com/app/backend/services/sistema/impl/PanelEstudianteServiceImpl.java:[75,54] cannot find symbol
[ERROR]   symbol:   method getCarrera()
[ERROR]   location: variable s of type com.app.backend.entities.tramites.Solicitud
[ERROR] /C:/Users/kacor/Desktop/backend-SGTE/src/main/java/com/app/backend/services/sistema/impl/PanelEstudianteServiceImpl.java:[76,29] cannot find symbol
[ERROR]   symbol:   method getPrioridad()
[ERROR]   location: variable s of type com.app.backend.entities.tramites.Solicitud
[ERROR] /C:/Users/kacor/Desktop/backend-SGTE/src/main/java/com/app/backend/services/sistema/impl/PanelEstudianteServiceImpl.java:[77,32] cannot find symbol
[ERROR]   symbol:   method getEstadoActual()
[ERROR]   location: variable s of type com.app.backend.entities.tramites.Solicitud
[ERROR] /C:/Users/kacor/Desktop/backend-SGTE/src/main/java/com/app/backend/services/sistema/impl/PanelEstudianteServiceImpl.java:[78,36] cannot find symbol
[ERROR]   symbol:   method getFechaEstimadaFin()
[ERROR]   location: variable s of type com.app.backend.entities.tramites.Solicitud
[ERROR] /C:/Users/kacor/Desktop/backend-SGTE/src/main/java/com/app/backend/services/sistema/impl/PanelEstudianteServiceImpl.java:[83,31] cannot find symbol
[ERROR]   symbol:   method builder()
[ERROR]   location: class com.app.backend.dtos.sistema.NotificacionDTO
[ERROR] /C:/Users/kacor/Desktop/backend-SGTE/src/main/java/com/app/backend/services/sistema/impl/PanelEstudianteServiceImpl.java:[84,34] cannot find symbol
[ERROR]   symbol:   method getIdNotificacion()
[ERROR]   location: variable n of type com.app.backend.entities.sistema.Notificacion
[ERROR] /C:/Users/kacor/Desktop/backend-SGTE/src/main/java/com/app/backend/services/sistema/impl/PanelEstudianteServiceImpl.java:[85,26] cannot find symbol
[ERROR]   symbol:   method getTipoNotificacion()
[ERROR]   location: variable n of type com.app.backend.entities.sistema.Notificacion
[ERROR] /C:/Users/kacor/Desktop/backend-SGTE/src/main/java/com/app/backend/services/sistema/impl/PanelEstudianteServiceImpl.java:[86,29] cannot find symbol
[ERROR]   symbol:   method getUsuario()
[ERROR]   location: variable n of type com.app.backend.entities.sistema.Notificacion
[ERROR] /C:/Users/kacor/Desktop/backend-SGTE/src/main/java/com/app/backend/services/sistema/impl/PanelEstudianteServiceImpl.java:[87,31] cannot find symbol
[ERROR]   symbol:   method getSolicitud()
[ERROR]   location: variable n of type com.app.backend.entities.sistema.Notificacion
[ERROR] /C:/Users/kacor/Desktop/backend-SGTE/src/main/java/com/app/backend/services/sistema/impl/PanelEstudianteServiceImpl.java:[87,58] cannot find symbol
[ERROR]   symbol:   method getSolicitud()
[ERROR]   location: variable n of type com.app.backend.entities.sistema.Notificacion
[ERROR] /C:/Users/kacor/Desktop/backend-SGTE/src/main/java/com/app/backend/services/sistema/impl/PanelEstudianteServiceImpl.java:[88,26] cannot find symbol
[ERROR]   symbol:   method getTitulo()
[ERROR]   location: variable n of type com.app.backend.entities.sistema.Notificacion
[ERROR] /C:/Users/kacor/Desktop/backend-SGTE/src/main/java/com/app/backend/services/sistema/impl/PanelEstudianteServiceImpl.java:[89,27] cannot find symbol
[ERROR]   symbol:   method getMensaje()
[ERROR]   location: variable n of type com.app.backend.entities.sistema.Notificacion
[ERROR] /C:/Users/kacor/Desktop/backend-SGTE/src/main/java/com/app/backend/services/sistema/impl/PanelEstudianteServiceImpl.java:[90,29] cannot find symbol
[ERROR]   symbol:   method getEstaLeida()
[ERROR]   location: variable n of type com.app.backend.entities.sistema.Notificacion
[ERROR] /C:/Users/kacor/Desktop/backend-SGTE/src/main/java/com/app/backend/services/sistema/impl/RegistroUsuarioServiceImpl.java:[42,9] cannot find symbol
[ERROR]   symbol:   variable log
[ERROR]   location: class com.app.backend.services.sistema.impl.RegistroUsuarioServiceImpl
[ERROR] /C:/Users/kacor/Desktop/backend-SGTE/src/main/java/com/app/backend/services/sistema/impl/RegistroUsuarioServiceImpl.java:[42,78] cannot find symbol
[ERROR]   symbol:   method getCedula()
[ERROR]   location: variable dto of type com.app.backend.dtos.sistema.RegistroUsuarioDTO
[ERROR] /C:/Users/kacor/Desktop/backend-SGTE/src/main/java/com/app/backend/services/sistema/impl/RegistroUsuarioServiceImpl.java:[42,95] cannot find symbol
[ERROR]   symbol:   method getRol()
[ERROR]   location: variable dto of type com.app.backend.dtos.sistema.RegistroUsuarioDTO
[ERROR] /C:/Users/kacor/Desktop/backend-SGTE/src/main/java/com/app/backend/services/sistema/impl/RegistroUsuarioServiceImpl.java:[44,16] cannot find symbol
[ERROR]   symbol:   method getCedula()
[ERROR]   location: variable dto of type com.app.backend.dtos.sistema.RegistroUsuarioDTO
[ERROR] /C:/Users/kacor/Desktop/backend-SGTE/src/main/java/com/app/backend/services/sistema/impl/RegistroUsuarioServiceImpl.java:[44,43] cannot find symbol
[ERROR]   symbol:   method getCedula()
[ERROR]   location: variable dto of type com.app.backend.dtos.sistema.RegistroUsuarioDTO
[ERROR] /C:/Users/kacor/Desktop/backend-SGTE/src/main/java/com/app/backend/services/sistema/impl/RegistroUsuarioServiceImpl.java:[47,16] cannot find symbol
[ERROR]   symbol:   method getNombres()
[ERROR]   location: variable dto of type com.app.backend.dtos.sistema.RegistroUsuarioDTO
[ERROR] /C:/Users/kacor/Desktop/backend-SGTE/src/main/java/com/app/backend/services/sistema/impl/RegistroUsuarioServiceImpl.java:[47,44] cannot find symbol
[ERROR]   symbol:   method getNombres()
[ERROR]   location: variable dto of type com.app.backend.dtos.sistema.RegistroUsuarioDTO
[ERROR] /C:/Users/kacor/Desktop/backend-SGTE/src/main/java/com/app/backend/services/sistema/impl/RegistroUsuarioServiceImpl.java:[50,16] cannot find symbol
[ERROR]   symbol:   method getApellidos()
[ERROR]   location: variable dto of type com.app.backend.dtos.sistema.RegistroUsuarioDTO
[ERROR] /C:/Users/kacor/Desktop/backend-SGTE/src/main/java/com/app/backend/services/sistema/impl/RegistroUsuarioServiceImpl.java:[50,46] cannot find symbol
[ERROR]   symbol:   method getApellidos()
[ERROR]   location: variable dto of type com.app.backend.dtos.sistema.RegistroUsuarioDTO
[ERROR] /C:/Users/kacor/Desktop/backend-SGTE/src/main/java/com/app/backend/services/sistema/impl/RegistroUsuarioServiceImpl.java:[53,16] cannot find symbol
[ERROR]   symbol:   method getCorreoInstitucional()
[ERROR]   location: variable dto of type com.app.backend.dtos.sistema.RegistroUsuarioDTO
[ERROR] /C:/Users/kacor/Desktop/backend-SGTE/src/main/java/com/app/backend/services/sistema/impl/RegistroUsuarioServiceImpl.java:[53,56] cannot find symbol
[ERROR]   symbol:   method getCorreoInstitucional()
[ERROR]   location: variable dto of type com.app.backend.dtos.sistema.RegistroUsuarioDTO
[ERROR] /C:/Users/kacor/Desktop/backend-SGTE/src/main/java/com/app/backend/services/sistema/impl/RegistroUsuarioServiceImpl.java:[57,26] cannot find symbol
[ERROR]   symbol:   method getCedula()
[ERROR]   location: variable dto of type com.app.backend.dtos.sistema.RegistroUsuarioDTO
[ERROR] /C:/Users/kacor/Desktop/backend-SGTE/src/main/java/com/app/backend/services/sistema/impl/RegistroUsuarioServiceImpl.java:[58,27] cannot find symbol
[ERROR]   symbol:   method getNombres()
[ERROR]   location: variable dto of type com.app.backend.dtos.sistema.RegistroUsuarioDTO
[ERROR] /C:/Users/kacor/Desktop/backend-SGTE/src/main/java/com/app/backend/services/sistema/impl/RegistroUsuarioServiceImpl.java:[59,29] cannot find symbol
[ERROR]   symbol:   method getApellidos()
[ERROR]   location: variable dto of type com.app.backend.dtos.sistema.RegistroUsuarioDTO
[ERROR] /C:/Users/kacor/Desktop/backend-SGTE/src/main/java/com/app/backend/services/sistema/impl/RegistroUsuarioServiceImpl.java:[60,39] cannot find symbol
[ERROR]   symbol:   method getCorreoInstitucional()
[ERROR]   location: variable dto of type com.app.backend.dtos.sistema.RegistroUsuarioDTO
[ERROR] /C:/Users/kacor/Desktop/backend-SGTE/src/main/java/com/app/backend/services/sistema/impl/RegistroUsuarioServiceImpl.java:[63,49] cannot find symbol
[ERROR]   symbol:   method getCedula()
[ERROR]   location: variable dto of type com.app.backend.dtos.sistema.RegistroUsuarioDTO
[ERROR] /C:/Users/kacor/Desktop/backend-SGTE/src/main/java/com/app/backend/services/sistema/impl/RegistroUsuarioServiceImpl.java:[64,103] cannot find symbol
[ERROR]   symbol:   method getCedula()
[ERROR]   location: variable dto of type com.app.backend.dtos.sistema.RegistroUsuarioDTO
[ERROR] /C:/Users/kacor/Desktop/backend-SGTE/src/main/java/com/app/backend/services/sistema/impl/RegistroUsuarioServiceImpl.java:[66,62] cannot find symbol
[ERROR]   symbol:   method getCorreoInstitucional()
[ERROR]   location: variable dto of type com.app.backend.dtos.sistema.RegistroUsuarioDTO
[ERROR] /C:/Users/kacor/Desktop/backend-SGTE/src/main/java/com/app/backend/services/sistema/impl/RegistroUsuarioServiceImpl.java:[68,76] cannot find symbol
[ERROR]   symbol:   method getCorreoInstitucional()
[ERROR]   location: variable dto of type com.app.backend.dtos.sistema.RegistroUsuarioDTO
[ERROR] /C:/Users/kacor/Desktop/backend-SGTE/src/main/java/com/app/backend/services/sistema/impl/RegistroUsuarioServiceImpl.java:[73,16] cannot find symbol
[ERROR]   symbol:   method getCodigoCarrera()
[ERROR]   location: variable dto of type com.app.backend.dtos.sistema.RegistroUsuarioDTO
[ERROR] /C:/Users/kacor/Desktop/backend-SGTE/src/main/java/com/app/backend/services/sistema/impl/RegistroUsuarioServiceImpl.java:[74,64] cannot find symbol
[ERROR]   symbol:   method getCodigoCarrera()
[ERROR]   location: variable dto of type com.app.backend.dtos.sistema.RegistroUsuarioDTO
[ERROR] /C:/Users/kacor/Desktop/backend-SGTE/src/main/java/com/app/backend/services/sistema/impl/RegistroUsuarioServiceImpl.java:[76,71] cannot find symbol
[ERROR]   symbol:   method getCodigoCarrera()
[ERROR]   location: variable dto of type com.app.backend.dtos.sistema.RegistroUsuarioDTO
[ERROR] /C:/Users/kacor/Desktop/backend-SGTE/src/main/java/com/app/backend/services/sistema/impl/RegistroUsuarioServiceImpl.java:[81,16] cannot find symbol
[ERROR]   symbol:   method getCodigoPeriodo()
[ERROR]   location: variable dto of type com.app.backend.dtos.sistema.RegistroUsuarioDTO
[ERROR] /C:/Users/kacor/Desktop/backend-SGTE/src/main/java/com/app/backend/services/sistema/impl/RegistroUsuarioServiceImpl.java:[82,64] cannot find symbol
[ERROR]   symbol:   method getCodigoPeriodo()
[ERROR]   location: variable dto of type com.app.backend.dtos.sistema.RegistroUsuarioDTO
[ERROR] /C:/Users/kacor/Desktop/backend-SGTE/src/main/java/com/app/backend/services/sistema/impl/RegistroUsuarioServiceImpl.java:[84,71] cannot find symbol
[ERROR]   symbol:   method getCodigoPeriodo()
[ERROR]   location: variable dto of type com.app.backend.dtos.sistema.RegistroUsuarioDTO
[ERROR] /C:/Users/kacor/Desktop/backend-SGTE/src/main/java/com/app/backend/services/sistema/impl/RegistroUsuarioServiceImpl.java:[89,16] cannot find symbol
[ERROR]   symbol:   method getRol()
[ERROR]   location: variable dto of type com.app.backend.dtos.sistema.RegistroUsuarioDTO
[ERROR] /C:/Users/kacor/Desktop/backend-SGTE/src/main/java/com/app/backend/services/sistema/impl/RegistroUsuarioServiceImpl.java:[90,52] cannot find symbol
[ERROR]   symbol:   method getRol()
[ERROR]   location: variable dto of type com.app.backend.dtos.sistema.RegistroUsuarioDTO
[ERROR] /C:/Users/kacor/Desktop/backend-SGTE/src/main/java/com/app/backend/services/sistema/impl/RegistroUsuarioServiceImpl.java:[92,67] cannot find symbol
[ERROR]   symbol:   method getRol()
[ERROR]   location: variable dto of type com.app.backend.dtos.sistema.RegistroUsuarioDTO
[ERROR] /C:/Users/kacor/Desktop/backend-SGTE/src/main/java/com/app/backend/services/sistema/impl/RegistroUsuarioServiceImpl.java:[96,34] cannot find symbol
[ERROR]   symbol:   method builder()
[ERROR]   location: class com.app.backend.entities.sistema.Usuario
[ERROR] /C:/Users/kacor/Desktop/backend-SGTE/src/main/java/com/app/backend/services/sistema/impl/RegistroUsuarioServiceImpl.java:[97,28] cannot find symbol
[ERROR]   symbol:   method getCedula()
[ERROR]   location: variable dto of type com.app.backend.dtos.sistema.RegistroUsuarioDTO
[ERROR] /C:/Users/kacor/Desktop/backend-SGTE/src/main/java/com/app/backend/services/sistema/impl/RegistroUsuarioServiceImpl.java:[98,29] cannot find symbol
[ERROR]   symbol:   method getNombres()
[ERROR]   location: variable dto of type com.app.backend.dtos.sistema.RegistroUsuarioDTO
[ERROR] /C:/Users/kacor/Desktop/backend-SGTE/src/main/java/com/app/backend/services/sistema/impl/RegistroUsuarioServiceImpl.java:[99,31] cannot find symbol
[ERROR]   symbol:   method getApellidos()
[ERROR]   location: variable dto of type com.app.backend.dtos.sistema.RegistroUsuarioDTO
[ERROR] /C:/Users/kacor/Desktop/backend-SGTE/src/main/java/com/app/backend/services/sistema/impl/RegistroUsuarioServiceImpl.java:[100,36] cannot find symbol
[ERROR]   symbol:   method getCorreoPersonal()
[ERROR]   location: variable dto of type com.app.backend.dtos.sistema.RegistroUsuarioDTO
[ERROR] /C:/Users/kacor/Desktop/backend-SGTE/src/main/java/com/app/backend/services/sistema/impl/RegistroUsuarioServiceImpl.java:[101,41] cannot find symbol
[ERROR]   symbol:   method getCorreoInstitucional()
[ERROR]   location: variable dto of type com.app.backend.dtos.sistema.RegistroUsuarioDTO
[ERROR] /C:/Users/kacor/Desktop/backend-SGTE/src/main/java/com/app/backend/services/sistema/impl/RegistroUsuarioServiceImpl.java:[102,30] cannot find symbol
[ERROR]   symbol:   method getTelefono()
[ERROR]   location: variable dto of type com.app.backend.dtos.sistema.RegistroUsuarioDTO
[ERROR] /C:/Users/kacor/Desktop/backend-SGTE/src/main/java/com/app/backend/services/sistema/impl/RegistroUsuarioServiceImpl.java:[103,37] cannot find symbol
[ERROR]   symbol:   method getFechaNacimiento()
[ERROR]   location: variable dto of type com.app.backend.dtos.sistema.RegistroUsuarioDTO
[ERROR] /C:/Users/kacor/Desktop/backend-SGTE/src/main/java/com/app/backend/services/sistema/impl/RegistroUsuarioServiceImpl.java:[104,28] cannot find symbol
[ERROR]   symbol:   method getGenero()
[ERROR]   location: variable dto of type com.app.backend.dtos.sistema.RegistroUsuarioDTO
[ERROR] /C:/Users/kacor/Desktop/backend-SGTE/src/main/java/com/app/backend/services/sistema/impl/RegistroUsuarioServiceImpl.java:[105,31] cannot find symbol
[ERROR]   symbol:   method getDireccion()
[ERROR]   location: variable dto of type com.app.backend.dtos.sistema.RegistroUsuarioDTO
[ERROR] /C:/Users/kacor/Desktop/backend-SGTE/src/main/java/com/app/backend/services/sistema/impl/RegistroUsuarioServiceImpl.java:[106,28] cannot find symbol
[ERROR]   symbol:   method getEstadoUsuario()
[ERROR]   location: variable dto of type com.app.backend.dtos.sistema.RegistroUsuarioDTO
[ERROR] /C:/Users/kacor/Desktop/backend-SGTE/src/main/java/com/app/backend/services/sistema/impl/RegistroUsuarioServiceImpl.java:[106,61] cannot find symbol
[ERROR]   symbol:   method getEstadoUsuario()
[ERROR]   location: variable dto of type com.app.backend.dtos.sistema.RegistroUsuarioDTO
[ERROR] /C:/Users/kacor/Desktop/backend-SGTE/src/main/java/com/app/backend/services/sistema/impl/RegistroUsuarioServiceImpl.java:[112,20] cannot find symbol
[ERROR]   symbol:   method setRoles(java.util.List<com.app.backend.entities.sistema.Rol>)
[ERROR]   location: variable usuario of type com.app.backend.entities.sistema.Usuario
[ERROR] /C:/Users/kacor/Desktop/backend-SGTE/src/main/java/com/app/backend/services/sistema/impl/RegistroUsuarioServiceImpl.java:[118,56] cannot find symbol
[ERROR]   symbol:   method getNombres()
[ERROR]   location: variable dto of type com.app.backend.dtos.sistema.RegistroUsuarioDTO
[ERROR] /C:/Users/kacor/Desktop/backend-SGTE/src/main/java/com/app/backend/services/sistema/impl/RegistroUsuarioServiceImpl.java:[118,74] cannot find symbol
[ERROR]   symbol:   method getApellidos()
[ERROR]   location: variable dto of type com.app.backend.dtos.sistema.RegistroUsuarioDTO
[ERROR] /C:/Users/kacor/Desktop/backend-SGTE/src/main/java/com/app/backend/services/sistema/impl/RegistroUsuarioServiceImpl.java:[118,94] cannot find symbol
[ERROR]   symbol:   method getCedula()
[ERROR]   location: variable dto of type com.app.backend.dtos.sistema.RegistroUsuarioDTO
[ERROR] /C:/Users/kacor/Desktop/backend-SGTE/src/main/java/com/app/backend/services/sistema/impl/RegistroUsuarioServiceImpl.java:[120,9] cannot find symbol
[ERROR]   symbol:   variable log
[ERROR]   location: class com.app.backend.services.sistema.impl.RegistroUsuarioServiceImpl
[ERROR] /C:/Users/kacor/Desktop/backend-SGTE/src/main/java/com/app/backend/services/sistema/impl/RegistroUsuarioServiceImpl.java:[123,19] cannot find symbol
[ERROR]   symbol:   method setUsuario(com.app.backend.entities.sistema.Usuario)
[ERROR]   location: variable credencial of type com.app.backend.entities.sistema.Credencial
[ERROR] /C:/Users/kacor/Desktop/backend-SGTE/src/main/java/com/app/backend/services/sistema/impl/RegistroUsuarioServiceImpl.java:[124,41] cannot find symbol
[ERROR]   symbol:   method getCedula()
[ERROR]   location: variable dto of type com.app.backend.dtos.sistema.RegistroUsuarioDTO
[ERROR] /C:/Users/kacor/Desktop/backend-SGTE/src/main/java/com/app/backend/services/sistema/impl/RegistroUsuarioServiceImpl.java:[125,19] cannot find symbol
[ERROR]   symbol:   method setNombreUsuario(java.lang.String)
[ERROR]   location: variable credencial of type com.app.backend.entities.sistema.Credencial
[ERROR] /C:/Users/kacor/Desktop/backend-SGTE/src/main/java/com/app/backend/services/sistema/impl/RegistroUsuarioServiceImpl.java:[126,19] cannot find symbol
[ERROR]   symbol:   method setEstado(boolean)
[ERROR]   location: variable credencial of type com.app.backend.entities.sistema.Credencial
[ERROR] /C:/Users/kacor/Desktop/backend-SGTE/src/main/java/com/app/backend/services/sistema/impl/RegistroUsuarioServiceImpl.java:[134,31] cannot find symbol
[ERROR]   symbol:   method getRol()
[ERROR]   location: variable dto of type com.app.backend.dtos.sistema.RegistroUsuarioDTO
[ERROR] /C:/Users/kacor/Desktop/backend-SGTE/src/main/java/com/app/backend/services/sistema/impl/RegistroUsuarioServiceImpl.java:[134,54] cannot find symbol
[ERROR]   symbol:   method getRol()
[ERROR]   location: variable dto of type com.app.backend.dtos.sistema.RegistroUsuarioDTO
[ERROR] /C:/Users/kacor/Desktop/backend-SGTE/src/main/java/com/app/backend/services/sistema/impl/RegistroUsuarioServiceImpl.java:[139,24] cannot find symbol
[ERROR]   symbol:   method getFechaIngreso()
[ERROR]   location: variable dto of type com.app.backend.dtos.sistema.RegistroUsuarioDTO
[ERROR] /C:/Users/kacor/Desktop/backend-SGTE/src/main/java/com/app/backend/services/sistema/impl/RegistroUsuarioServiceImpl.java:[140,41] cannot find symbol
[ERROR]   symbol:   method getFechaIngreso()
[ERROR]   location: variable dto of type com.app.backend.dtos.sistema.RegistroUsuarioDTO
[ERROR] /C:/Users/kacor/Desktop/backend-SGTE/src/main/java/com/app/backend/services/sistema/impl/RegistroUsuarioServiceImpl.java:[143,51] cannot find symbol
[ERROR]   symbol:   method builder()
[ERROR]   location: class com.app.backend.entities.academico.Estudiante
[ERROR] /C:/Users/kacor/Desktop/backend-SGTE/src/main/java/com/app/backend/services/sistema/impl/RegistroUsuarioServiceImpl.java:[147,38] cannot find symbol
[ERROR]   symbol:   method getParalelo()
[ERROR]   location: variable dto of type com.app.backend.dtos.sistema.RegistroUsuarioDTO
[ERROR] /C:/Users/kacor/Desktop/backend-SGTE/src/main/java/com/app/backend/services/sistema/impl/RegistroUsuarioServiceImpl.java:[148,45] cannot find symbol
[ERROR]   symbol:   method getEstadoAcademico()
[ERROR]   location: variable dto of type com.app.backend.dtos.sistema.RegistroUsuarioDTO
[ERROR] /C:/Users/kacor/Desktop/backend-SGTE/src/main/java/com/app/backend/services/sistema/impl/RegistroUsuarioServiceImpl.java:[148,80] cannot find symbol
[ERROR]   symbol:   method getEstadoAcademico()
[ERROR]   location: variable dto of type com.app.backend.dtos.sistema.RegistroUsuarioDTO
[ERROR] /C:/Users/kacor/Desktop/backend-SGTE/src/main/java/com/app/backend/services/sistema/impl/RegistroUsuarioServiceImpl.java:[154,42] cannot find symbol
[ERROR]   symbol:   method getIdEstudiante()
[ERROR]   location: variable estudiante of type com.app.backend.entities.academico.Estudiante
[ERROR] /C:/Users/kacor/Desktop/backend-SGTE/src/main/java/com/app/backend/services/sistema/impl/RegistroUsuarioServiceImpl.java:[158,54] cannot find symbol
[ERROR]   symbol:   method builder()
[ERROR]   location: class com.app.backend.entities.academico.Coordinador
[ERROR] /C:/Users/kacor/Desktop/backend-SGTE/src/main/java/com/app/backend/services/sistema/impl/RegistroUsuarioServiceImpl.java:[161,45] cannot find symbol
[ERROR]   symbol:   method getHorarioAtencion()
[ERROR]   location: variable dto of type com.app.backend.dtos.sistema.RegistroUsuarioDTO
[ERROR] /C:/Users/kacor/Desktop/backend-SGTE/src/main/java/com/app/backend/services/sistema/impl/RegistroUsuarioServiceImpl.java:[162,46] cannot find symbol
[ERROR]   symbol:   method getOficinaAtencion()
[ERROR]   location: variable dto of type com.app.backend.dtos.sistema.RegistroUsuarioDTO
[ERROR] /C:/Users/kacor/Desktop/backend-SGTE/src/main/java/com/app/backend/services/sistema/impl/RegistroUsuarioServiceImpl.java:[164,47] cannot find symbol
[ERROR]   symbol:   method getFechaNombramientoCoordinador()
[ERROR]   location: variable dto of type com.app.backend.dtos.sistema.RegistroUsuarioDTO
[ERROR] /C:/Users/kacor/Desktop/backend-SGTE/src/main/java/com/app/backend/services/sistema/impl/RegistroUsuarioServiceImpl.java:[168,44] cannot find symbol
[ERROR]   symbol:   method getIdCoordinador()
[ERROR]   location: variable coordinador of type com.app.backend.entities.academico.Coordinador
[ERROR] /C:/Users/kacor/Desktop/backend-SGTE/src/main/java/com/app/backend/services/sistema/impl/RegistroUsuarioServiceImpl.java:[172,39] cannot find symbol
[ERROR]   symbol:   method builder()
[ERROR]   location: class com.app.backend.entities.academico.Decano
[ERROR] /C:/Users/kacor/Desktop/backend-SGTE/src/main/java/com/app/backend/services/sistema/impl/RegistroUsuarioServiceImpl.java:[174,60] cannot find symbol
[ERROR]   symbol:   method getFacultad()
[ERROR]   location: variable carrera of type com.app.backend.entities.academico.Carrera
[ERROR] /C:/Users/kacor/Desktop/backend-SGTE/src/main/java/com/app/backend/services/sistema/impl/RegistroUsuarioServiceImpl.java:[175,47] cannot find symbol
[ERROR]   symbol:   method getFechaNombramientoDecano()
[ERROR]   location: variable dto of type com.app.backend.dtos.sistema.RegistroUsuarioDTO
[ERROR] /C:/Users/kacor/Desktop/backend-SGTE/src/main/java/com/app/backend/services/sistema/impl/RegistroUsuarioServiceImpl.java:[176,38] cannot find symbol
[ERROR]   symbol:   method getFechaNombramientoDecano()
[ERROR]   location: variable dto of type com.app.backend.dtos.sistema.RegistroUsuarioDTO
[ERROR] /C:/Users/kacor/Desktop/backend-SGTE/src/main/java/com/app/backend/services/sistema/impl/RegistroUsuarioServiceImpl.java:[182,34] cannot find symbol
[ERROR]   symbol:   method getIdDecano()
[ERROR]   location: variable decano of type com.app.backend.entities.academico.Decano
[ERROR] /C:/Users/kacor/Desktop/backend-SGTE/src/main/java/com/app/backend/services/sistema/impl/RegistroUsuarioServiceImpl.java:[191,43] cannot find symbol
[ERROR]   symbol:   method builder()
[ERROR]   location: class com.app.backend.dtos.sistema.RegistroUsuarioRespuestaDTO
[ERROR] /C:/Users/kacor/Desktop/backend-SGTE/src/main/java/com/app/backend/services/sistema/impl/RegistroUsuarioServiceImpl.java:[192,35] cannot find symbol
[ERROR]   symbol:   method getIdUsuario()
[ERROR]   location: variable usuario of type com.app.backend.entities.sistema.Usuario
[ERROR] /C:/Users/kacor/Desktop/backend-SGTE/src/main/java/com/app/backend/services/sistema/impl/RegistroUsuarioServiceImpl.java:[196,32] cannot find symbol
[ERROR]   symbol:   method getCedula()
[ERROR]   location: variable usuario of type com.app.backend.entities.sistema.Usuario
[ERROR] /C:/Users/kacor/Desktop/backend-SGTE/src/main/java/com/app/backend/services/sistema/impl/RegistroUsuarioServiceImpl.java:[197,33] cannot find symbol
[ERROR]   symbol:   method getNombres()
[ERROR]   location: variable usuario of type com.app.backend.entities.sistema.Usuario
[ERROR] /C:/Users/kacor/Desktop/backend-SGTE/src/main/java/com/app/backend/services/sistema/impl/RegistroUsuarioServiceImpl.java:[198,35] cannot find symbol
[ERROR]   symbol:   method getApellidos()
[ERROR]   location: variable usuario of type com.app.backend.entities.sistema.Usuario
[ERROR] /C:/Users/kacor/Desktop/backend-SGTE/src/main/java/com/app/backend/services/sistema/impl/RegistroUsuarioServiceImpl.java:[199,45] cannot find symbol
[ERROR]   symbol:   method getCorreoInstitucional()
[ERROR]   location: variable usuario of type com.app.backend.entities.sistema.Usuario
[ERROR] /C:/Users/kacor/Desktop/backend-SGTE/src/main/java/com/app/backend/services/sistema/impl/RegistroUsuarioServiceImpl.java:[200,25] cannot find symbol
[ERROR]   symbol:   method getRol()
[ERROR]   location: variable dto of type com.app.backend.dtos.sistema.RegistroUsuarioDTO
[ERROR] /C:/Users/kacor/Desktop/backend-SGTE/src/main/java/com/app/backend/services/sistema/impl/RolServiceImpl.java:[38,22] cannot find symbol
[ERROR]   symbol:   method builder()
[ERROR]   location: class com.app.backend.entities.sistema.Rol
[ERROR] /C:/Users/kacor/Desktop/backend-SGTE/src/main/java/com/app/backend/services/sistema/impl/RolServiceImpl.java:[39,31] cannot find symbol
[ERROR]   symbol:   method getNombreRol()
[ERROR]   location: variable dto of type com.app.backend.dtos.sistema.RolDTO
[ERROR] /C:/Users/kacor/Desktop/backend-SGTE/src/main/java/com/app/backend/services/sistema/impl/RolServiceImpl.java:[40,36] cannot find symbol
[ERROR]   symbol:   method getDescripcionRol()
[ERROR]   location: variable dto of type com.app.backend.dtos.sistema.RolDTO
[ERROR] /C:/Users/kacor/Desktop/backend-SGTE/src/main/java/com/app/backend/services/sistema/impl/RolServiceImpl.java:[41,37] cannot find symbol
[ERROR]   symbol:   method getNivelJerarquico()
[ERROR]   location: variable dto of type com.app.backend.dtos.sistema.RolDTO
[ERROR] /C:/Users/kacor/Desktop/backend-SGTE/src/main/java/com/app/backend/services/sistema/impl/RolServiceImpl.java:[50,29] cannot find symbol
[ERROR]   symbol:   method getNombreRol()
[ERROR]   location: variable dto of type com.app.backend.dtos.sistema.RolDTO
[ERROR] -> [Help 1]
[ERROR] 
[ERROR] To see the full stack trace of the errors, re-run Maven with the -e switch.
[ERROR] Re-run Maven using the -X switch to enable full debug logging.
[ERROR] 
[ERROR] For more information about the errors and possible solutions, please read the following articles:
[ERROR] [Help 1] http://cwiki.apache.org/confluence/display/MAVEN/MojoFailureException
